C51 COMPILER V9.56.0.0   COLOR                                                             06/29/2026 15:24:15 PAGE 1   


C51 COMPILER V9.56.0.0, COMPILATION OF MODULE COLOR
OBJECT MODULE PLACED IN .\Objects\color.obj
COMPILER INVOKED BY: C:\Keil_v5\C51\BIN\C51.EXE source\color.c LARGE OPTIMIZE(8,SPEED) BROWSE INCDIR(.\driver;.\source;.
                    -\lib) DEBUG OBJECTEXTEND PRINT(.\Listings\color.lst) TABS(2) OBJECT(.\Objects\color.obj)

line level    source

   1          #include "sys.h"
   2          #include "color.h"
   3          
   4          void SetTextColorRed(u16 sp_addr) {
   5   1          u16 color = 0xC064;  // RGB565 빨강
   6   1          write_dgus_vp(sp_addr, (u8*)&color, 1);  // 1워드 쓰기
   7   1      }
   8          
   9          void SetTextColorBlack(u16 sp_addr) {
  10   1          u16 color = 0x18E3;
  11   1          write_dgus_vp(sp_addr, (u8*)&color, 1);  // 1워드 쓰기
  12   1      }
  13          
  14          void SetTextColorYellow(u16 sp_addr) {
  15   1          u16 color = 0xFF60;
  16   1          write_dgus_vp(sp_addr, (u8*)&color, 1);  // 1워드 쓰기
  17   1      }
  18          
  19          void SetTextColorBlue(u16 sp_addr) {
  20   1          u16 color = 0x051D;
  21   1          write_dgus_vp(sp_addr, (u8*)&color, 1);  // 1워드 쓰기
  22   1      }
  23          
  24          void SetTextColorGray(u16 sp_addr) {
  25   1          u16 color = 0xCE59;
  26   1          write_dgus_vp(sp_addr, (u8*)&color, 1);  // 1워드 쓰기
  27   1      }
  28          
  29          void SetTextColorWhite(u16 sp_addr) {
  30   1          u16 color = 0xFFFF;
  31   1          write_dgus_vp(sp_addr, (u8*)&color, 1);  // 1워드 쓰기
  32   1      }


MODULE INFORMATION:   STATIC OVERLAYABLE
   CODE SIZE        =    160    ----
   CONSTANT SIZE    =   ----    ----
   XDATA SIZE       =   ----      12
   PDATA SIZE       =   ----    ----
   DATA SIZE        =   ----    ----
   IDATA SIZE       =   ----    ----
   BIT SIZE         =   ----    ----
END OF MODULE INFORMATION.


C51 COMPILATION COMPLETE.  0 WARNING(S),  0 ERROR(S)
