C51 COMPILER V9.57.0.0   FIXDATA                                                           12/10/2020 18:06:06 PAGE 1   


C51 COMPILER V9.57.0.0, COMPILATION OF MODULE FIXDATA
OBJECT MODULE PLACED IN .\Objects\fixdata.obj
COMPILER INVOKED BY: D:\Program Files (x86)\keil\C51\BIN\C51.EXE source\fixdata.c LARGE OPTIMIZE(8,SPEED) BROWSE DEBUG O
                    -BJECTEXTEND PRINT(.\Listings\fixdata.lst) TABS(2) OBJECT(.\Objects\fixdata.obj)

line level    source

   1          #include "fixdata.h"
   2          //        提示图标，功能类型，盖子类型，默认参数，预约功能，    时间范围，         功率范围      排气类型
   3          /*1压力手动    0          2        1    {0,16,10,0}    0    {0,1,16,59,0,0}         {10,70}          3    
             -    */
   4          /*2无压手动    5          10       0     {0,1,1,0}     0     {0,1,1,59,0,39}         {1,3}           0    
             -    */
   5          /*3烘烤手动    8          5        2     {0,1,100,2}   0     {0,1,1,59,0,39}       {100,200}         0    
             -    */
   6          
   7          /*4烘烤快捷    8          5        2    {0,15,180,2}   0     {0,1,1,59,0,39}       {100,200}         0    
             -    */
   8          /*5红烧快捷    0          2        1    {0,27,50,1}    0     {0,1,16,59,0,0}         {10,70}          4   
             -     */
   9          /*6炒烩快捷    2          1        0    {0,5,1,2}      0     {0,1,1,59,0,0}         {1,3}            0    
             -    */
  10          /*7焯水       10         11        0    {0,5,3,1}      0     {0,1,1,59,0,0}         {1,3}            0    
             -    */
  11          /*8低温慢煮    7          4        0    {1,0,65,0}     0     {0,8,1,59,0,0}        {40,100}          0    
             -    */
  12          /*9搅拌粥      0          9        1    {0,45,30,2}    1     {0,1,16,59,0,0}         {10,70}          1   
             -     */
  13          
  14          /*10蒸         4          13       0    {0,18,2,0}     0     {0,1,1,59,0,0}         {1,3}            0    
             -    */
  15          /*11压力蒸     0          2        1    {0,25,50,0}    0     {0,1,16,59,0,0}         {10,70}          3   
             -     */
  16          /*12煲汤       0          2        1    {0,40,50,1}    0     {0,1,16,59,0,0}         {10,70}          1   
             -     */
  17          /*13慢炖       6          3        0    {1,0,1,0}      0     {0,2,1,59,0,0}         {1,3}            0    
             -    */
  18          /*14焖顿       0          2        1    {0,40,50,1}    0     {0,1,16,59,0,0}         {10,70}          2   
             -     */
  19          /*15蒸饭       0          8        1    {0,25,30,0}    1     {0,1,16,59,0,0}         {10,70}          1   
             -     */
  20          
  21          /*16收汁       10         12       0    {0,5,3,1}      0     {0,1,1,59,0,0}         {1,3}            0    
             -    */
  22          
  23          //功率上下限
  24          code u8 PowerLimit[16][2]={
  25          {10,70},{1,3},{100,200},
  26          {100,200},{10,70},{1,3},{1,3},{40,100},{10,70},
  27          {1,3},{10,70},{10,70},{1,3},{10,70},{10,70},
  28          {1,3},
  29          };
  30          //小时上下限，小时下限对应分钟上下限，小时上限对应分钟上下限
  31          code u8 TimeLimit[16][6]={
  32          {0,1,16,59,0,0},{0,1,1,59,0,39},{0,1,1,59,0,39},
  33          {0,1,1,59,0,39},{0,1,16,59,0,0},{0,1,1,59,0,0},{0,1,1,59,0,0},{0,8,1,59,0,0},{0,1,16,59,0,0},
  34          {0,1,1,59,0,0},{0,1,16,59,0,0},{0,1,16,59,0,0},{0,2,1,59,0,0},{0,1,16,59,0,0},{0,1,16,59,0,0},
  35          {0,1,1,59,0,0}, 
  36          };
  37          //制作过程显示图标
  38          code u8 IconType[16]={0,5,8, 8,0,2,10,7,0, 4,0,0,6,0,0, 10};
C51 COMPILER V9.57.0.0   FIXDATA                                                           12/10/2020 18:06:06 PAGE 2   

  39          //实际功能
  40          code u8 FunctionType[16]={2,10,5, 5,2,1,11,4,9, 13,2,2,3,2,8, 12};
  41          //盖子类型
  42          code u8 gaizi[16]={1,0,2, 2,1,0,0,0,1, 0,1,1,0,1,1, 0};
  43          //小时 分钟 火力参数 搅拌
  44          code u8 Default_Para[16][4]={
  45          {0,16,10,0},{0,1,1,0},{0,1,100,2}, 
  46          {0,15,180,2},{0,27,50,1},{0,5,1,2},{0,5,3,1},{1,0,65,0},{0,45,30,2},
  47          {0,18,2,0},{0,25,50,0},{0,40,50,1},{1,0,1,0},{0,40,50,1},{0,25,30,0},
  48          {0,5,3,1},
  49          };
  50          //预约功能
  51          code u8 Appontment[16]={0,0,0, 0,0,0,0,0,1, 0,0,0,0,0,1, 0};
  52          //排气功能
  53          //code u8 PaiQiFun[15] = {3,0,0, 0,4,0,0,0,1, 0,3,1,0,2,1};
  54          code u8 PaiQiFun[16] = {2,0,0, 0,2,0,0,0,2, 0,2,2,0,2,2, 0};
  55          ////制作过程显示图标
  56          //code u8 IconType[15]={0,5,8, 0,2,2,2,10,5,1,3,4,6,8,9};
  57          ////实际功能
  58          //code u8 FunctionType[15]={2,1,5, 2,1,10,2,3,4, 1,3,4,6,8,9};
  59          ////盖子类型
  60          //code u8 gaizi[15]={1,0,2, 1,1,1,1,0,2, 0,0,0,1,1,1};
  61          ////小时 分钟 火力参数 搅拌
  62          //code u8 Default_Para[15][4]={
  63          //{0,0,0,0},{0,0,1,0},{0,0,0,2},{0,35,70,2},{0,25,70,2},
  64          //{0,45,70,2},{0,35,50,2},{0,20,100,2},{0,20,180,2},{0,10,150,2},
  65          //{1,20,100,2},{1,30,60,2},{0,25,70,2},{0,28,30,2},{0,40,50,2},
  66          //};
  67          ////预约功能
  68          //code u8 Appontment[15]={0,0,0,0,0,0,0,0,0,0,0,0,0,1,1};
  69          ////小时上下限，小时下限对应分钟上下限，小时上限对应分钟上下限
  70          //code u8 TimeLimit[15][6]={
  71          //{0,23,0,59,0,59},{0,2,1,59,0,0},{0,2,1,59,0,0},{0,1,25,59,0,5},{0,1,25,59,0,5},
  72          //{0,1,35,59,0,35},{0,0,25,45,25,45},{0,23,10,59,0,59},{0,23,5,59,0,59},{0,23,3,59,0,59},
  73          //{0,23,30,59,0,59},{1,23,0,59,0,59}, {0,1,25,59,0,5},{0,0,25,40,25,40},{0,1,30,59,0,5},
  74          //};
  75          ////功率上下限
  76          //code u8 PowerLimit[15][2]={
  77          //{10,70},{0,255},{100,200},{20,70},{30,70},
  78          //{30,70},{30,70},{95,105},{100,200},{100,160},
  79          //{95,120},{45,100},{20,70},{20,70},{30,70},
  80          //};
  81          //不同盖子动画类型
  82          code u8 Cover[20][3]={
  83          {1,23,192},{27,59,192},{60,84,192},{85,120,192},{123,144,192},
  84          {145,180,192},{1,18,194},{19,35,194},{36,75,194},{76,111,194},
  85          {112,151,194},{152,187,194},{0,0,0},{0,0,0},{0,0,0},
  86          {63,82,198},{83,99,198},{100,122,198},{123,142,198},
  87          };
  88          
  89          code u8 StirType[4]={0,1,3,3};
  90          
  91          code u8 MenuMFunction[40] ={
  92          11,15,9,12,14,5,12,0,0,0,0,0,0,0,0,0,0,0,0,0,
  93          7,6,6,10,7,13,8,4,7,7,0,7,10,
  94          };
  95          
  96          code u8 MenuMusicType[40]={241,253,235,214,250,223,244,0,0,0,0,0,0,0,0,0,0,0,0,0,
  97          229,226,211,238,217,247,232,220,202,229,0,208,217,
  98          };
  99          code u8 ManualMusicType[15]={214,217,220,220,223,226,229,232,235,238,241,244,247,250,253};
 100          
C51 COMPILER V9.57.0.0   FIXDATA                                                           12/10/2020 18:06:06 PAGE 3   

 101          
 102          
 103          
 104          
 105          
 106          
 107          


MODULE INFORMATION:   STATIC OVERLAYABLE
   CODE SIZE        =   ----    ----
   CONSTANT SIZE    =    431    ----
   XDATA SIZE       =   ----    ----
   PDATA SIZE       =   ----    ----
   DATA SIZE        =   ----    ----
   IDATA SIZE       =   ----    ----
   BIT SIZE         =   ----    ----
END OF MODULE INFORMATION.


C51 COMPILATION COMPLETE.  0 WARNING(S),  0 ERROR(S)
