C51 COMPILER V9.56.0.0   HMI                                                               06/29/2026 15:18:05 PAGE 1   


C51 COMPILER V9.56.0.0, COMPILATION OF MODULE HMI
OBJECT MODULE PLACED IN .\Objects\hmi.obj
COMPILER INVOKED BY: C:\Keil_v5\C51\BIN\C51.EXE source\hmi.c LARGE OPTIMIZE(8,SPEED) BROWSE INCDIR(.\driver;.\source;.\l
                    -ib) DEBUG OBJECTEXTEND PRINT(.\Listings\hmi.lst) TABS(2) OBJECT(.\Objects\hmi.obj)

line level    source

   1          #include "hmi.h"
   2          
   3          HmiStatus_t g_hmiStat;
   4          HmiSet_t    g_hmiSet;
   5          
   6          #ifndef HMI_USE_EXTERNAL_AD
   7          s16 ad_top_tep(void)    { return g_hmiStat.t_top_x10; }
   8          s16 ad_bottom_tep(void) { return g_hmiStat.t_bot_x10; }
   9          #endif
  10          
  11          /* 200ms 주기 서비스: 0x5000~ 읽고 → 0x2102/0x2103 갱신 */
  12          void HMI_Service_200ms(void)
  13          {
  14   1          HMI_ReadStatus();          // TT/TB 등 최신화 (12바이트)
  15   1          UI_UpdateTempsFromArduino();
  16   1      }
  17          
  18          void HMI_ReadStatus(void)
  19          {
  20   1          u16 buf[7]; /* TT,TB,P,NTT,NTB,ST,FLAGS */
  21   1          /* 0x5000 ~ 0x500A : 6워드 */
  22   1          read_dgus_vp(VP_TT, (u8*)buf, 12);
  23   1          g_hmiStat.t_top_x10   = (s16)buf[0];
  24   1          g_hmiStat.t_bot_x10   = (s16)buf[1];
  25   1          g_hmiStat.p_x100      = (u16)buf[2];
  26   1          g_hmiStat.ntc_top_x10 = (s16)buf[3];
  27   1          g_hmiStat.ntc_bot_x10 = (s16)buf[4];
  28   1          g_hmiStat.stage       = (u16)buf[5];
  29   1      
  30   1          /* 0x500C : FLAGS */
  31   1          read_dgus_vp(VP_FLAGS, (u8*)&buf[6], 2);
  32   1          g_hmiStat.flags = (u16)buf[6];
  33   1      }
  34          
  35          void HMI_ReadSettings(void)
  36          {
  37   1          u16 buf[3]; /* SET_T, SET_P, SET_H */
  38   1          read_dgus_vp(VP_SET_T, (u8*)buf, 6);
*** ERROR C202 IN LINE 38 OF source\hmi.c: 'VP_SET_T': undefined identifier
  39   1          g_hmiSet.set_t_x10  = buf[0];
  40   1          g_hmiSet.set_p_x100 = buf[1];
  41   1          g_hmiSet.hold_sec   = buf[2];
  42   1      }
  43          
  44          void HMI_WriteSettings(u16 setT_x10, u16 setP_x100, u16 hold_s)
  45          {
  46   1          u16 buf[3];
  47   1          buf[0] = setT_x10;
  48   1          buf[1] = setP_x100;
  49   1          buf[2] = hold_s;
  50   1          write_dgus_vp(VP_SET_T, (u8*)buf, 6);
*** ERROR C202 IN LINE 50 OF source\hmi.c: 'VP_SET_T': undefined identifier
  51   1      }
  52          
C51 COMPILER V9.56.0.0   HMI                                                               06/29/2026 15:18:05 PAGE 2   

  53          /* 상/하판 온도를 0x2102/0x2103에 써서 UI에 표시 */
  54          void UI_UpdateTempsFromArduino(void)
  55          {
  56   1          static s16 last_top = 0x7FFF;
  57   1          static s16 last_bot = 0x7FFF;
  58   1      
  59   1          s16 top_x10 = ad_top_tep();      /* ℃×10 */
  60   1          s16 bot_x10 = ad_bottom_tep();   /* ℃×10 */
  61   1      
  62   1          if (top_x10 != last_top) {
  63   2              write_dgus_vp(0x2102, (u8*)&top_x10, 2);  // ← len=2 (u16 1개)
  64   2              last_top = top_x10;
  65   2          }
  66   1          if (bot_x10 != last_bot) {
  67   2              write_dgus_vp(0x2103, (u8*)&bot_x10, 2);  // ← len=2 (u16 1개)
  68   2              last_bot = bot_x10;
  69   2          }
  70   1      }

C51 COMPILATION COMPLETE.  0 WARNING(S),  2 ERROR(S)
