C51 COMPILER V9.56.0.0   LOG                                                               09/28/2026 18:17:46 PAGE 1   


C51 COMPILER V9.56.0.0, COMPILATION OF MODULE LOG
OBJECT MODULE PLACED IN .\Objects\log.obj
COMPILER INVOKED BY: C:\Keil_v5\C51\BIN\C51.EXE source\log.c LARGE OPTIMIZE(8,SPEED) BROWSE INCDIR(.\driver;.\source;.\l
                    -ib) DEBUG OBJECTEXTEND PRINT(.\Listings\log.lst) TABS(2) OBJECT(.\Objects\log.obj)

line level    source

   1          #include "ui.h"
   2          #include "sys.h"
   3          #include <string.h>
   4          #include "hmi.h"
   5          #include "admin.h"
   6          #include "language.h"
   7          #include "log.h"
   8          
   9          #define LOG_MAX 3
  10          
  11          #define VP_LOG 0x8500
  12          
  13          #define LOG_TOP_TEMP       1
  14          #define LOG_TOP_COOL       2
  15          #define LOG_BOTTOM_TEMP    3
  16          #define LOG_BOTTOM_COOL    4
  17          #define LOG_DELAY          5
  18          #define LOG_PRESSURE       6
  19          
  20          
  21          
  22          u8 logCount = 0;
  23          
  24          const u16 SP_ENG_FONTID = 0x000F;
  25          const u16 SP_ENG_FONTSIZE = 0x1A19;
  26          const u16 SP_KOR_FONTID = 0x0010;
  27          const u16 SP_KOR_FONTSIZE = 0x1F1F;
  28          void addLogtest(u16 type, u16 value);
  29          
  30          typedef struct
  31          {
  32              u16 type;
  33              u16 value;
  34          } LogData;
  35          
  36          LogData logs[LOG_MAX];
  37          
  38          // void addLog(u16 type, u16 value)
  39          // {
  40          //     int i;
  41          
  42          //     if(logCount < LOG_MAX)
  43          //     {
  44          //         logs[logCount].type = type;
  45          //         logs[logCount].value = value;
  46          
  47          //         logCount++;
  48          //     }
  49          //     else
  50          //     {
  51          //         for(i = 0; i < LOG_MAX - 1; i++)
  52          //         {
  53          //             logs[i] = logs[i + 1];
  54          //         }
C51 COMPILER V9.56.0.0   LOG                                                               09/28/2026 18:17:46 PAGE 2   

  55          
  56          //         logs[LOG_MAX - 1].type = type;
  57          //         logs[LOG_MAX - 1].value = value;
  58          //     }
  59          
  60          //     updateLogs();
  61          // }
  62          
  63          void updateLogs(){
  64   1          u16 len = 0;
  65   1          u16 vpType;
  66   1          u16 vpValue;
  67   1          u8 i;
  68   1          for(i = 0; i < LOG_MAX; i++){
  69   2              u16 vpType  = VP_LOG + (i * 4);
  70   2              u16 vpValue = VP_LOG + (i * 4) + 2;
  71   2      
  72   2              if(i < logCount)
  73   2              {
  74   3                  write_dgus_vp(vpType,(u8*)&logs[i].type,1);
  75   3                  write_dgus_vp(vpValue,(u8*)&logs[i].value,1);
  76   3                  if(admin_language == 0){
  77   4                      switch(logs[i].type){
  78   5                      case 1:{
  79   6                          if(i == 0){
  80   7                              write_dgus_vp(0x4740, (u8*)&T_TEMP_ENG, 10);
  81   7                              len = 20;
  82   7                              write_dgus_vp(0x5748, (u8*)&len, 1);
  83   7                              write_dgus_vp(0x5749, (u8*)&SP_ENG_FONTID, 1);
  84   7                              write_dgus_vp(0x574A, (u8*)&SP_ENG_FONTSIZE, 1);
  85   7      
  86   7                              write_dgus_vp(0x4750, (u8*)&logs[i].value, 1);
  87   7                          }else if(i == 1){
  88   7                              write_dgus_vp(0x4770, (u8*)&T_TEMP_ENG, 10);
  89   7                              len = 20;
  90   7                              write_dgus_vp(0x5778, (u8*)&len, 1);
  91   7                              write_dgus_vp(0x5779, (u8*)&SP_ENG_FONTID, 1);
  92   7                              write_dgus_vp(0x577A, (u8*)&SP_ENG_FONTSIZE, 1);
  93   7      
  94   7                              write_dgus_vp(0x4780, (u8*)&logs[i].value, 1);
  95   7                          }else if(i == 2){
  96   7                              write_dgus_vp(0x4800, (u8*)&T_TEMP_ENG, 10);
  97   7                              len = 20;
  98   7                              write_dgus_vp(0x5808, (u8*)&len, 1);
  99   7                              write_dgus_vp(0x5809, (u8*)&SP_ENG_FONTID, 1);
 100   7                              write_dgus_vp(0x580A, (u8*)&SP_ENG_FONTSIZE, 1);
 101   7      
 102   7                              write_dgus_vp(0x4810, (u8*)&logs[i].value, 1);
 103   7                          }
 104   6                      }break;
 105   5                      case 2:{
 106   6                          if(i == 0){
 107   7                              write_dgus_vp(0x4740, (u8*)&T_COOL_ENG, 10);
 108   7                              len = 20;
 109   7                              write_dgus_vp(0x5748, (u8*)&len, 1);
 110   7                              write_dgus_vp(0x5749, (u8*)&SP_ENG_FONTID, 1);
 111   7                              write_dgus_vp(0x574A, (u8*)&SP_ENG_FONTSIZE, 1);
 112   7      
 113   7                              write_dgus_vp(0x4750, (u8*)&logs[i].value, 1);
 114   7                          }else if(i == 1){
 115   7                              write_dgus_vp(0x4770, (u8*)&T_COOL_ENG, 10);
 116   7                              len = 20;
C51 COMPILER V9.56.0.0   LOG                                                               09/28/2026 18:17:46 PAGE 3   

 117   7                              write_dgus_vp(0x5778, (u8*)&len, 1);
 118   7                              write_dgus_vp(0x5779, (u8*)&SP_ENG_FONTID, 1);
 119   7                              write_dgus_vp(0x577A, (u8*)&SP_ENG_FONTSIZE, 1);
 120   7      
 121   7                              write_dgus_vp(0x4780, (u8*)&logs[i].value, 1);
 122   7                          }else if(i == 2){
 123   7                              write_dgus_vp(0x4800, (u8*)&T_COOL_ENG, 10);
 124   7                              len = 20;
 125   7                              write_dgus_vp(0x5808, (u8*)&len, 1);
 126   7                              write_dgus_vp(0x5809, (u8*)&SP_ENG_FONTID, 1);
 127   7                              write_dgus_vp(0x580A, (u8*)&SP_ENG_FONTSIZE, 1);
 128   7      
 129   7                              write_dgus_vp(0x4810, (u8*)&logs[i].value, 1);
 130   7                          }
 131   6                      }break;
 132   5                      case 3:{
 133   6                           if(i == 0){
 134   7                              write_dgus_vp(0x4740, (u8*)&B_TEMP_ENG, 10);
 135   7                              len = 20;
 136   7                              write_dgus_vp(0x5748, (u8*)&len, 1);
 137   7                              write_dgus_vp(0x5749, (u8*)&SP_ENG_FONTID, 1);
 138   7                              write_dgus_vp(0x574A, (u8*)&SP_ENG_FONTSIZE, 1);
 139   7      
 140   7                              write_dgus_vp(0x4750, (u8*)&logs[i].value, 1);
 141   7                          }else if(i == 1){
 142   7                              write_dgus_vp(0x4770, (u8*)&B_TEMP_ENG, 10);
 143   7                              len = 20;
 144   7                              write_dgus_vp(0x5778, (u8*)&len, 1);
 145   7                              write_dgus_vp(0x5779, (u8*)&SP_ENG_FONTID, 1);
 146   7                              write_dgus_vp(0x577A, (u8*)&SP_ENG_FONTSIZE, 1);
 147   7      
 148   7                              write_dgus_vp(0x4780, (u8*)&logs[i].value, 1);
 149   7                          }else if(i == 2){
 150   7                              write_dgus_vp(0x4800, (u8*)&B_TEMP_ENG, 10);
 151   7                              len = 20;
 152   7                              write_dgus_vp(0x5808, (u8*)&len, 1);
 153   7                              write_dgus_vp(0x5809, (u8*)&SP_ENG_FONTID, 1);
 154   7                              write_dgus_vp(0x580A, (u8*)&SP_ENG_FONTSIZE, 1);
 155   7      
 156   7                              write_dgus_vp(0x4810, (u8*)&logs[i].value, 1);
 157   7                          }
 158   6                      }break;
 159   5                      case 4:{
 160   6                          if(i == 0){
 161   7                              write_dgus_vp(0x4740, (u8*)&B_COOL_ENG, 10);
 162   7                              len = 20;
 163   7                              write_dgus_vp(0x5748, (u8*)&len, 1);
 164   7                              write_dgus_vp(0x5749, (u8*)&SP_ENG_FONTID, 1);
 165   7                              write_dgus_vp(0x574A, (u8*)&SP_ENG_FONTSIZE, 1);
 166   7      
 167   7                              write_dgus_vp(0x4750, (u8*)&logs[i].value, 1);
 168   7                          }else if(i == 1){
 169   7                              write_dgus_vp(0x4770, (u8*)&B_COOL_ENG, 10);
 170   7                              len = 20;
 171   7                              write_dgus_vp(0x5778, (u8*)&len, 1);
 172   7                              write_dgus_vp(0x5779, (u8*)&SP_ENG_FONTID, 1);
 173   7                              write_dgus_vp(0x577A, (u8*)&SP_ENG_FONTSIZE, 1);
 174   7      
 175   7                              write_dgus_vp(0x4780, (u8*)&logs[i].value, 1);
 176   7                          }else if(i == 2){
 177   7                              write_dgus_vp(0x4800, (u8*)&B_COOL_ENG, 10);
 178   7                              len = 20;
C51 COMPILER V9.56.0.0   LOG                                                               09/28/2026 18:17:46 PAGE 4   

 179   7                              write_dgus_vp(0x5808, (u8*)&len, 1);
 180   7                              write_dgus_vp(0x5809, (u8*)&SP_ENG_FONTID, 1);
 181   7                              write_dgus_vp(0x580A, (u8*)&SP_ENG_FONTSIZE, 1);
 182   7      
 183   7                              write_dgus_vp(0x4810, (u8*)&logs[i].value, 1);
 184   7                          }
 185   6                      }break;
 186   5                      case 5:{
 187   6                          if(i == 0){
 188   7                              write_dgus_vp(0x4740, (u8*)&DELAY_ENG, 9);
 189   7                              len = 18;
 190   7                              write_dgus_vp(0x5748, (u8*)&len, 1);
 191   7                              write_dgus_vp(0x5749, (u8*)&SP_ENG_FONTID, 1);
 192   7                              write_dgus_vp(0x574A, (u8*)&SP_ENG_FONTSIZE, 1);
 193   7      
 194   7                              write_dgus_vp(0x4750, (u8*)&logs[i].value, 1);
 195   7                          }else if(i == 1){
 196   7                              write_dgus_vp(0x4770, (u8*)&DELAY_ENG, 10);
 197   7                              len = 20;
 198   7                              write_dgus_vp(0x5778, (u8*)&len, 1);
 199   7                              write_dgus_vp(0x5779, (u8*)&SP_ENG_FONTID, 1);
 200   7                              write_dgus_vp(0x577A, (u8*)&SP_ENG_FONTSIZE, 1);
 201   7      
 202   7                              write_dgus_vp(0x4780, (u8*)&logs[i].value, 1);
 203   7                          }else if(i == 2){
 204   7                              write_dgus_vp(0x4800, (u8*)&DELAY_ENG, 10);
 205   7                              len = 20;
 206   7                              write_dgus_vp(0x5808, (u8*)&len, 1);
 207   7                              write_dgus_vp(0x5809, (u8*)&SP_ENG_FONTID, 1);
 208   7                              write_dgus_vp(0x580A, (u8*)&SP_ENG_FONTSIZE, 1);
 209   7      
 210   7                              write_dgus_vp(0x4810, (u8*)&logs[i].value, 1);
 211   7                          }
 212   6                      }break;
 213   5                      case 6 : {
 214   6                           if(i == 0){
 215   7                              write_dgus_vp(0x4740, (u8*)&PRESS_ENG, 9);
 216   7                              len = 18;
 217   7                              write_dgus_vp(0x5748, (u8*)&len, 1);
 218   7                              write_dgus_vp(0x5749, (u8*)&SP_ENG_FONTID, 1);
 219   7                              write_dgus_vp(0x574A, (u8*)&SP_ENG_FONTSIZE, 1);
 220   7      
 221   7                              write_dgus_vp(0x4750, (u8*)&logs[i].value, 1);
 222   7                          }else if(i == 1){
 223   7                              write_dgus_vp(0x4770, (u8*)&PRESS_ENG, 10);
 224   7                              len = 20;
 225   7                              write_dgus_vp(0x5778, (u8*)&len, 1);
 226   7                              write_dgus_vp(0x5779, (u8*)&SP_ENG_FONTID, 1);
 227   7                              write_dgus_vp(0x577A, (u8*)&SP_ENG_FONTSIZE, 1);
 228   7      
 229   7                              write_dgus_vp(0x4780, (u8*)&logs[i].value, 1);
 230   7                          }else if(i == 2){
 231   7                              write_dgus_vp(0x4800, (u8*)&PRESS_ENG, 10);
 232   7                              len = 20;
 233   7                              write_dgus_vp(0x5808, (u8*)&len, 1);
 234   7                              write_dgus_vp(0x5809, (u8*)&SP_ENG_FONTID, 1);
 235   7                              write_dgus_vp(0x580A, (u8*)&SP_ENG_FONTSIZE, 1);
 236   7      
 237   7                              write_dgus_vp(0x4810, (u8*)&logs[i].value, 1);
 238   7                          }
 239   6                      }break;
 240   5                  }
C51 COMPILER V9.56.0.0   LOG                                                               09/28/2026 18:17:46 PAGE 5   

 241   4                  }else{
 242   4                      switch(logs[i].type){
 243   5                      case 1:{
 244   6                            if(i == 0){
 245   7                              write_dgus_vp(0x4740, (u8*)&T_TEMP_KOR, 8);
 246   7                              len = 16;
 247   7                              write_dgus_vp(0x5748, (u8*)&len, 1);
 248   7                              write_dgus_vp(0x5749, (u8*)&SP_KOR_FONTID, 1);
 249   7                              write_dgus_vp(0x574A, (u8*)&SP_KOR_FONTSIZE, 1);
 250   7      
 251   7                              write_dgus_vp(0x4750, (u8*)&logs[i].value, 1);
 252   7                          }else if(i == 1){
 253   7                              write_dgus_vp(0x4740, (u8*)&T_TEMP_KOR, 8);
 254   7                              len = 16;
 255   7                              write_dgus_vp(0x5748, (u8*)&len, 1);
 256   7                              write_dgus_vp(0x5749, (u8*)&SP_KOR_FONTID, 1);
 257   7                              write_dgus_vp(0x574A, (u8*)&SP_KOR_FONTSIZE, 1);
 258   7      
 259   7                              write_dgus_vp(0x4750, (u8*)&logs[i].value, 1);
 260   7                          }else if(i == 2){
 261   7                              write_dgus_vp(0x4740, (u8*)&T_TEMP_KOR, 8);
 262   7                              len = 16;
 263   7                              write_dgus_vp(0x5748, (u8*)&len, 1);
 264   7                              write_dgus_vp(0x5749, (u8*)&SP_KOR_FONTID, 1);
 265   7                              write_dgus_vp(0x574A, (u8*)&SP_KOR_FONTSIZE, 1);
 266   7      
 267   7                              write_dgus_vp(0x4750, (u8*)&logs[i].value, 1);
 268   7                          }
 269   6                      }break;
 270   5                      case 2:{
 271   6                           if(i == 0){
 272   7                              write_dgus_vp(0x4740, (u8*)&T_COOL_KOR, 7);
 273   7                              len = 14;
 274   7                              write_dgus_vp(0x5748, (u8*)&len, 1);
 275   7                              write_dgus_vp(0x5749, (u8*)&SP_KOR_FONTID, 1);
 276   7                              write_dgus_vp(0x574A, (u8*)&SP_KOR_FONTSIZE, 1);
 277   7      
 278   7                              write_dgus_vp(0x4750, (u8*)&logs[i].value, 1);
 279   7                          }else if(i == 1){
 280   7                              write_dgus_vp(0x4740, (u8*)&T_COOL_KOR, 7);
 281   7                              len = 14;
 282   7                              write_dgus_vp(0x5748, (u8*)&len, 1);
 283   7                              write_dgus_vp(0x5749, (u8*)&SP_KOR_FONTID, 1);
 284   7                              write_dgus_vp(0x574A, (u8*)&SP_KOR_FONTSIZE, 1);
 285   7      
 286   7                              write_dgus_vp(0x4750, (u8*)&logs[i].value, 1);
 287   7                          }else if(i == 2){
 288   7                              write_dgus_vp(0x4740, (u8*)&T_COOL_KOR, 7);
 289   7                              len = 14;
 290   7                              write_dgus_vp(0x5748, (u8*)&len, 1);
 291   7                              write_dgus_vp(0x5749, (u8*)&SP_KOR_FONTID, 1);
 292   7                              write_dgus_vp(0x574A, (u8*)&SP_KOR_FONTSIZE, 1);
 293   7      
 294   7                              write_dgus_vp(0x4750, (u8*)&logs[i].value, 1);
 295   7                          }
 296   6                      }break;
 297   5                      case 3:{
 298   6                           if(i == 0){
 299   7                              write_dgus_vp(0x4740, (u8*)&B_TEMP_KOR, 8);
 300   7                              len = 16;
 301   7                              write_dgus_vp(0x5748, (u8*)&len, 1);
 302   7                              write_dgus_vp(0x5749, (u8*)&SP_KOR_FONTID, 1);
C51 COMPILER V9.56.0.0   LOG                                                               09/28/2026 18:17:46 PAGE 6   

 303   7                              write_dgus_vp(0x574A, (u8*)&SP_KOR_FONTSIZE, 1);
 304   7      
 305   7                              write_dgus_vp(0x4750, (u8*)&logs[i].value, 1);
 306   7                          }else if(i == 1){
 307   7                              write_dgus_vp(0x4740, (u8*)&B_TEMP_KOR, 8);
 308   7                              len = 16;
 309   7                              write_dgus_vp(0x5748, (u8*)&len, 1);
 310   7                              write_dgus_vp(0x5749, (u8*)&SP_KOR_FONTID, 1);
 311   7                              write_dgus_vp(0x574A, (u8*)&SP_KOR_FONTSIZE, 1);
 312   7      
 313   7                              write_dgus_vp(0x4750, (u8*)&logs[i].value, 1);
 314   7                          }else if(i == 2){
 315   7                              write_dgus_vp(0x4740, (u8*)&B_TEMP_KOR, 8);
 316   7                              len = 16;
 317   7                              write_dgus_vp(0x5748, (u8*)&len, 1);
 318   7                              write_dgus_vp(0x5749, (u8*)&SP_KOR_FONTID, 1);
 319   7                              write_dgus_vp(0x574A, (u8*)&SP_KOR_FONTSIZE, 1);
 320   7      
 321   7                              write_dgus_vp(0x4750, (u8*)&logs[i].value, 1);
 322   7                          }
 323   6                      }break;
 324   5                      case 4:{
 325   6                           if(i == 0){
 326   7                              write_dgus_vp(0x4740, (u8*)&B_COOL_KOR, 7);
 327   7                              len = 14;
 328   7                              write_dgus_vp(0x5748, (u8*)&len, 1);
 329   7                              write_dgus_vp(0x5749, (u8*)&SP_KOR_FONTID, 1);
 330   7                              write_dgus_vp(0x574A, (u8*)&SP_KOR_FONTSIZE, 1);
 331   7      
 332   7                              write_dgus_vp(0x4750, (u8*)&logs[i].value, 1);
 333   7                          }else if(i == 1){
 334   7                              write_dgus_vp(0x4740, (u8*)&B_COOL_KOR, 7);
 335   7                              len = 14;
 336   7                              write_dgus_vp(0x5748, (u8*)&len, 1);
 337   7                              write_dgus_vp(0x5749, (u8*)&SP_KOR_FONTID, 1);
 338   7                              write_dgus_vp(0x574A, (u8*)&SP_KOR_FONTSIZE, 1);
 339   7      
 340   7                              write_dgus_vp(0x4750, (u8*)&logs[i].value, 1);
 341   7                          }else if(i == 2){
 342   7                              write_dgus_vp(0x4740, (u8*)&B_COOL_KOR, 7);
 343   7                              len = 14;
 344   7                              write_dgus_vp(0x5748, (u8*)&len, 1);
 345   7                              write_dgus_vp(0x5749, (u8*)&SP_KOR_FONTID, 1);
 346   7                              write_dgus_vp(0x574A, (u8*)&SP_KOR_FONTSIZE, 1);
 347   7      
 348   7                              write_dgus_vp(0x4750, (u8*)&logs[i].value, 1);
 349   7                          }
 350   6                      }break;
 351   5                      case 5:{
 352   6                           if(i == 0){
 353   7                              write_dgus_vp(0x4740, (u8*)&DELAY_KOR, 5);
 354   7                              len = 10;
 355   7                              write_dgus_vp(0x5748, (u8*)&len, 1);
 356   7                              write_dgus_vp(0x5749, (u8*)&SP_KOR_FONTID, 1);
 357   7                              write_dgus_vp(0x574A, (u8*)&SP_KOR_FONTSIZE, 1);
 358   7      
 359   7                              write_dgus_vp(0x4750, (u8*)&logs[i].value, 1);
 360   7                          }else if(i == 1){
 361   7                              write_dgus_vp(0x4740, (u8*)&DELAY_KOR, 5);
 362   7                              len = 10;
 363   7                              write_dgus_vp(0x5748, (u8*)&len, 1);
 364   7                              write_dgus_vp(0x5749, (u8*)&SP_KOR_FONTID, 1);
C51 COMPILER V9.56.0.0   LOG                                                               09/28/2026 18:17:46 PAGE 7   

 365   7                              write_dgus_vp(0x574A, (u8*)&SP_KOR_FONTSIZE, 1);
 366   7      
 367   7                              write_dgus_vp(0x4750, (u8*)&logs[i].value, 1);
 368   7                          }else if(i == 2){
 369   7                              write_dgus_vp(0x4740, (u8*)&DELAY_KOR, 5);
 370   7                              len = 10;
 371   7                              write_dgus_vp(0x5748, (u8*)&len, 1);
 372   7                              write_dgus_vp(0x5749, (u8*)&SP_KOR_FONTID, 1);
 373   7                              write_dgus_vp(0x574A, (u8*)&SP_KOR_FONTSIZE, 1);
 374   7      
 375   7                              write_dgus_vp(0x4750, (u8*)&logs[i].value, 1);
 376   7                          }
 377   6                      }break;
 378   5                      case 6 : {
 379   6                           if(i == 0){
 380   7                              write_dgus_vp(0x4740, (u8*)&PRESS_KOR, 5);
 381   7                              len = 10;
 382   7                              write_dgus_vp(0x5748, (u8*)&len, 1);
 383   7                              write_dgus_vp(0x5749, (u8*)&SP_KOR_FONTID, 1);
 384   7                              write_dgus_vp(0x574A, (u8*)&SP_KOR_FONTSIZE, 1);
 385   7      
 386   7                              write_dgus_vp(0x4750, (u8*)&logs[i].value, 1);
 387   7                          }else if(i == 1){
 388   7                              write_dgus_vp(0x4740, (u8*)&PRESS_KOR, 5);
 389   7                              len = 10;
 390   7                              write_dgus_vp(0x5748, (u8*)&len, 1);
 391   7                              write_dgus_vp(0x5749, (u8*)&SP_KOR_FONTID, 1);
 392   7                              write_dgus_vp(0x574A, (u8*)&SP_KOR_FONTSIZE, 1);
 393   7      
 394   7                              write_dgus_vp(0x4750, (u8*)&logs[i].value, 1);
 395   7                          }else if(i == 2){
 396   7                              write_dgus_vp(0x4740, (u8*)&PRESS_KOR, 5);
 397   7                              len = 10;
 398   7                              write_dgus_vp(0x5748, (u8*)&len, 1);
 399   7                              write_dgus_vp(0x5749, (u8*)&SP_KOR_FONTID, 1);
 400   7                              write_dgus_vp(0x574A, (u8*)&SP_KOR_FONTSIZE, 1);
 401   7      
 402   7                              write_dgus_vp(0x4750, (u8*)&logs[i].value, 1);
 403   7                          }
 404   6                      }break;
 405   5                  }
 406   4                  }
 407   3                  
 408   3              }else{
 409   3                  u16 zero = 0;
 410   3                  write_dgus_vp(vpType,(u8*)&zero,1);
 411   3                  write_dgus_vp(vpValue,(u8*)&zero,1);
 412   3              }
 413   2          }
 414   1      
 415   1      }
*** WARNING C280 IN LINE 65 OF source\log.c: 'vpType': unreferenced local variable
*** WARNING C280 IN LINE 66 OF source\log.c: 'vpValue': unreferenced local variable
 416          
 417          void addLogtest(u16 type, u16 value)
 418          {
 419   1          int i;
 420   1      
 421   1          if(logCount < LOG_MAX)
 422   1          {
 423   2              logs[logCount].type = type;
 424   2              logs[logCount].value = value;
C51 COMPILER V9.56.0.0   LOG                                                               09/28/2026 18:17:46 PAGE 8   

 425   2      
 426   2              logCount++;
 427   2          }
 428   1          else
 429   1          {
 430   2              for(i = 0; i < LOG_MAX - 1; i++)
 431   2              {
 432   3                  logs[i] = logs[i + 1];
 433   3              }
 434   2      
 435   2              logs[LOG_MAX - 1].type = type;
 436   2              logs[LOG_MAX - 1].value = value;
 437   2          }
 438   1      
 439   1          updateLogs();
 440   1      }
 441          
 442          void clearLogs()
 443          {
 444   1          u8 i;
 445   1          logCount = 0;
 446   1      
 447   1          for(i = 0; i < LOG_MAX; i++)
 448   1          {
 449   2              logs[i].type = 0;
 450   2              logs[i].value = 0;
 451   2          }
 452   1      
 453   1          updateLogs();
 454   1      }


MODULE INFORMATION:   STATIC OVERLAYABLE
   CODE SIZE        =   3711    ----
   CONSTANT SIZE    =   ----    ----
   XDATA SIZE       =     21      19
   PDATA SIZE       =   ----    ----
   DATA SIZE        =   ----    ----
   IDATA SIZE       =   ----    ----
   BIT SIZE         =   ----    ----
END OF MODULE INFORMATION.


C51 COMPILATION COMPLETE.  2 WARNING(S),  0 ERROR(S)
