C51 COMPILER V9.56.0.0   NORFLASH                                                          06/30/2026 15:15:18 PAGE 1   


C51 COMPILER V9.56.0.0, COMPILATION OF MODULE NORFLASH
OBJECT MODULE PLACED IN .\Objects\norflash.obj
COMPILER INVOKED BY: C:\Keil_v5\C51\BIN\C51.EXE lib\norflash.c LARGE OPTIMIZE(8,SPEED) BROWSE INCDIR(.\driver;.\source;.
                    -\lib) DEBUG OBJECTEXTEND PRINT(.\Listings\norflash.lst) TABS(2) OBJECT(.\Objects\norflash.obj)

line level    source

   1          #include "include.h"
   2          
   3          xdata u8 norflash_cmd[8];
   4          
   5          // 写入到norflash中
   6          void vp_nor_flash_write(u32 nor_addr, u16 vp_addr, u16 num)
   7          {
   8   1          u8 nor_flash_cmd[8];
   9   1          nor_flash_cmd[0] = 0xA5;
  10   1          nor_flash_cmd[1] = (nor_addr >> 16) & 0xFF;
  11   1          nor_flash_cmd[2] = (nor_addr >> 8) & 0xFF;
  12   1          nor_flash_cmd[3] = nor_addr& 0xFF;
  13   1          nor_flash_cmd[4] = (vp_addr >> 8) & 0xFF;
  14   1          nor_flash_cmd[5] = vp_addr & 0xFF;
  15   1          nor_flash_cmd[6] = (num >> 8) & 0xFF;
  16   1          nor_flash_cmd[7] = num & 0xFF;
  17   1      
  18   1          write_dgus_vp(0x08, nor_flash_cmd, 4);
  19   1      
  20   1          while (1) {
  21   2              read_dgus_vp(0x08, nor_flash_cmd, 2);
  22   2              if (nor_flash_cmd[0] == 0) {
  23   3                  break;
  24   3              }
  25   2              delay_ms(1);
  26   2          }
  27   1      }
  28          
  29          void Nor_Flash_write(u32 addr, u8 *buff, u16 len)
  30          {
  31   1          write_dgus_vp(CACHE_ADDR, buff, len); // 将数据从缓冲区写到CACHE_ADDR中
  32   1          vp_nor_flash_write(addr, CACHE_ADDR, len);
  33   1        
  34   1      }
  35          
  36          // 从norflash中读取
  37          void vp_nor_flash_read(u32 nor_addr, u16 vp_addr, u16 num)
  38          {
  39   1          u8 nor_flash_cmd[8];
  40   1      
  41   1          nor_flash_cmd[0] = 0x5A;
  42   1          nor_flash_cmd[1] = (nor_addr >> 16) & 0xFF;
  43   1          nor_flash_cmd[2] = (nor_addr >> 8) & 0xFF;
  44   1          nor_flash_cmd[3] = nor_addr& 0xFF;
  45   1          nor_flash_cmd[4] = (vp_addr >> 8) & 0xFF;
  46   1          nor_flash_cmd[5] = vp_addr & 0xFF;
  47   1          nor_flash_cmd[6] = (num >> 8) & 0xFF;
  48   1          nor_flash_cmd[7] = num & 0xFF;
  49   1      
  50   1          write_dgus_vp(0x08, nor_flash_cmd, 4);
  51   1      
  52   1          while (1) {
  53   2              read_dgus_vp(0x08, nor_flash_cmd, 2);
  54   2              if (nor_flash_cmd[0] == 0) {
C51 COMPILER V9.56.0.0   NORFLASH                                                          06/30/2026 15:15:18 PAGE 2   

  55   3                  break;
  56   3              }
  57   2              delay_ms(1);
  58   2          }
  59   1      }
  60          
  61          void Nor_Flash_read(u32 addr, u8 *buff, u16 len)
  62          {
  63   1          vp_nor_flash_read(addr, CACHE_ADDR, len);
  64   1          read_dgus_vp(CACHE_ADDR, buff, len); // 将数据从CACHE_ADDR中读到buff中
  65   1      }
  66          
  67          
  68          


MODULE INFORMATION:   STATIC OVERLAYABLE
   CODE SIZE        =    468    ----
   CONSTANT SIZE    =   ----    ----
   XDATA SIZE       =      8      50
   PDATA SIZE       =   ----    ----
   DATA SIZE        =   ----    ----
   IDATA SIZE       =   ----    ----
   BIT SIZE         =   ----    ----
END OF MODULE INFORMATION.


C51 COMPILATION COMPLETE.  0 WARNING(S),  0 ERROR(S)
