BL51 BANKED LINKER/LOCATER V6.22                                                        06/30/2026  09:15:23  PAGE 1


BL51 BANKED LINKER/LOCATER V6.22, INVOKED BY:
C:\KEIL_V5\C51\BIN\BL51.EXE .\Objects\STARTUP_M5.obj, .\Objects\sys.obj, .\Objects\timer.obj, .\Objects\uart.obj, .\Obje
>> cts\debug.obj, .\Objects\main.obj, .\Objects\ui.obj, .\Objects\history.obj, .\Objects\dwin8283.obj, .\Objects\canbus.
>> obj, .\Objects\norflash.obj, .\Objects\rtc.obj, .\Objects\iic.obj, .\Objects\umath.obj, .\Objects\encoder.obj TO .\Ob
>> jects\T5L51 PRINT (.\Listings\T5L51.m51) RAMSIZE (256) DISABLEWARNING (16) CODE (0X0100-0XFEFF) XDATA (0X8000-0XFFFF)
>> 


MEMORY MODEL: LARGE


INPUT MODULES INCLUDED:
  .\Objects\STARTUP_M5.obj (?C_STARTUP)
  .\Objects\sys.obj (SYS)
  .\Objects\timer.obj (TIMER)
  .\Objects\uart.obj (UART)
  .\Objects\debug.obj (DEBUG)
  .\Objects\main.obj (MAIN)
  .\Objects\ui.obj (UI)
  .\Objects\history.obj (HISTORY)
  .\Objects\dwin8283.obj (DWIN8283)
  .\Objects\canbus.obj (CANBUS)
  .\Objects\norflash.obj (NORFLASH)
  .\Objects\rtc.obj (RTC)
  .\Objects\iic.obj (IIC)
  .\Objects\umath.obj (UMATH)
  .\Objects\encoder.obj (ENCODER)
  C:\KEIL_V5\C51\LIB\C51L.LIB (?C_INIT)
  C:\KEIL_V5\C51\LIB\C51L.LIB (?C?COPY)
  C:\KEIL_V5\C51\LIB\C51L.LIB (?C?CLDPTR)
  C:\KEIL_V5\C51\LIB\C51L.LIB (?C?CLDOPTR)
  C:\KEIL_V5\C51\LIB\C51L.LIB (?C?CSTPTR)
  C:\KEIL_V5\C51\LIB\C51L.LIB (?C?CSTOPTR)
  C:\KEIL_V5\C51\LIB\C51L.LIB (?C?IMUL)
  C:\KEIL_V5\C51\LIB\C51L.LIB (?C?UIDIV)
  C:\KEIL_V5\C51\LIB\C51L.LIB (?C?IILDX)
  C:\KEIL_V5\C51\LIB\C51L.LIB (?C?ILDIX)
  C:\KEIL_V5\C51\LIB\C51L.LIB (?C?ILDPTR)
  C:\KEIL_V5\C51\LIB\C51L.LIB (?C?ILDOPTR)
  C:\KEIL_V5\C51\LIB\C51L.LIB (?C?IILDPTR)
  C:\KEIL_V5\C51\LIB\C51L.LIB (?C?ISTPTR)
  C:\KEIL_V5\C51\LIB\C51L.LIB (?C?ULDIV)
  C:\KEIL_V5\C51\LIB\C51L.LIB (?C?ULCMP)
  C:\KEIL_V5\C51\LIB\C51L.LIB (?C?ULSHR)
  C:\KEIL_V5\C51\LIB\C51L.LIB (?C?LSHL)
  C:\KEIL_V5\C51\LIB\C51L.LIB (?C?LSTXDATA)
  C:\KEIL_V5\C51\LIB\C51L.LIB (?C?LSTKXDATA)
  C:\KEIL_V5\C51\LIB\C51L.LIB (?C?OFFXADD)
  C:\KEIL_V5\C51\LIB\C51L.LIB (?C?PLDPTR)
  C:\KEIL_V5\C51\LIB\C51L.LIB (?C?PLDOPTR)
  C:\KEIL_V5\C51\LIB\C51L.LIB (?C?CCASE)
  C:\KEIL_V5\C51\LIB\C51L.LIB (?C?PLDIDATA)
  C:\KEIL_V5\C51\LIB\C51L.LIB (?C?PLDXDATA)
  C:\KEIL_V5\C51\LIB\C51L.LIB (?C?PLDPDATA)
  C:\KEIL_V5\C51\LIB\C51L.LIB (?C?PLDCODE)


LINK MAP OF MODULE:  .\Objects\T5L51 (?C_STARTUP)
BL51 BANKED LINKER/LOCATER V6.22                                                      06/30/2026  09:15:23  PAGE 2




            TYPE    BASE      LENGTH    RELOCATION   SEGMENT NAME
            -----------------------------------------------------

            * * * * * * *   D A T A   M E M O R Y   * * * * * * *
            REG     0000H     0008H     ABSOLUTE     "REG BANK 0"
            DATA    0008H     0013H     UNIT         ?DT?TIMER
            DATA    001BH     0001H     UNIT         _DATA_GROUP_
            IDATA   001CH     0001H     UNIT         ?STACK

            * * * * * * *  X D A T A   M E M O R Y  * * * * * * *
                    0000H     8000H                  *** GAP ***
            XDATA   8000H     2024H     UNIT         ?XD?UART
            XDATA   A024H     1A05H     UNIT         ?XD?CANBUS
            XDATA   BA29H     0400H     UNIT         ?XD?DEBUG
            XDATA   BE29H     0216H     UNIT         ?XD?DWIN8283
            XDATA   C03FH     0173H     UNIT         ?XD?HISTORY
            XDATA   C1B2H     00BBH     UNIT         ?XD?UI
            XDATA   C26DH     0057H     UNIT         ?XD?SYS
            XDATA   C2C4H     003EH     UNIT         _XDATA_GROUP_
            XDATA   C302H     002EH     UNIT         ?XD?_MYLOG?DEBUG
            XDATA   C330H     0019H     UNIT         ?XD?_HEX_INPUT_TO_ASCII?UMATH
            XDATA   C349H     0017H     UNIT         ?XD?_CANTX?CANBUS
            XDATA   C360H     0010H     UNIT         ?XD?_VP_NOR_FLASH_WRITE?NORFLASH
            XDATA   C370H     0010H     UNIT         ?XD?_VP_NOR_FLASH_READ?NORFLASH
            XDATA   C380H     000EH     UNIT         ?XD?_SETTINGHUNDRED?UI
            XDATA   C38EH     000CH     UNIT         ?XD?_WRITE_RTC?RTC
            XDATA   C39AH     000CH     UNIT         ?XD?RTC
            XDATA   C3A6H     000AH     UNIT         ?XD?ERRFUN?HISTORY
            XDATA   C3B0H     0009H     UNIT         ?XD?_NOR_FLASH_WRITE?NORFLASH
            XDATA   C3B9H     0009H     UNIT         ?XD?_NOR_FLASH_READ?NORFLASH
            XDATA   C3C2H     0009H     UNIT         ?XD?_GETCHARVALUE?UMATH
            XDATA   C3CBH     0009H     UNIT         ?XD?ENCODER
            XDATA   C3D4H     0008H     UNIT         ?XD?_SETTINGTIME?UI
            XDATA   C3DCH     0008H     UNIT         ?XD?NORFLASH
            XDATA   C3E4H     0008H     UNIT         ?XD?_STRCOPY?UMATH
            XDATA   C3ECH     0008H     UNIT         ?XD?_STRCOPARE?UMATH
            XDATA   C3F4H     0008H     UNIT         ?XD?_CALCULATE_CRC16?UMATH
            XDATA   C3FCH     0008H     UNIT         ?XD?_ENCODER_SET_VALUE?ENCODER
            XDATA   C404H     0007H     UNIT         ?XD?_WRITE_DGUS_VP_NEW?SYS
            XDATA   C40BH     0007H     UNIT         ?XD?_MSTRCMP?UMATH
            XDATA   C412H     0006H     UNIT         ?XD?_PAGE_CHANGE?SYS
            XDATA   C418H     0006H     UNIT         ?XD?_PICTURE1_TEMP?UI
            XDATA   C41EH     0006H     UNIT         ?XD?_GETCHARVALUEASCII?UMATH
            XDATA   C424H     0006H     UNIT         ?XD?_GETCHARASCII?UMATH
            XDATA   C42AH     0005H     UNIT         ?XD?_RTC_GET_WEEK?RTC
            XDATA   C42FH     0005H     UNIT         ?XD?_STRCLEAR?UMATH
            XDATA   C434H     0003H     UNIT         ?XD?_CANBUSINIT?CANBUS
            XDATA   C437H     0003H     UNIT         ?XD?RDTIME?RTC
            XDATA   C43AH     0003H     UNIT         ?XD?_RTC_CONFIG?RTC
            XDATA   C43DH     0003H     UNIT         ?XD?_SIZEARRAY?UMATH
            XDATA   C440H     0002H     UNIT         ?XD?_WRITE_VP_U16_BE?SYS
            XDATA   C442H     0002H     UNIT         ?XD?MAIN
            XDATA   C444H     0002H     UNIT         ?XD?_SETTEXTCOLORRED?UI
            XDATA   C446H     0002H     UNIT         ?XD?_SETTEXTCOLORGRAY?UI

BL51 BANKED LINKER/LOCATER V6.22                                                      06/30/2026  09:15:23  PAGE 3


            * * * * * * *   C O D E   M E M O R Y   * * * * * * *
            CODE    0000H     0003H     ABSOLUTE     
                    0003H     0008H                  *** GAP ***
            CODE    000BH     0003H     ABSOLUTE     
                    000EH     000DH                  *** GAP ***
            CODE    001BH     0003H     ABSOLUTE     
                    001EH     0005H                  *** GAP ***
            CODE    0023H     0003H     ABSOLUTE     
                    0026H     0005H                  *** GAP ***
            CODE    002BH     0003H     ABSOLUTE     
                    002EH     001DH                  *** GAP ***
            CODE    004BH     0003H     ABSOLUTE     
                    004EH     0005H                  *** GAP ***
            CODE    0053H     0003H     ABSOLUTE     
                    0056H     0005H                  *** GAP ***
            CODE    005BH     0003H     ABSOLUTE     
                    005EH     0005H                  *** GAP ***
            CODE    0063H     0003H     ABSOLUTE     
                    0066H     0005H                  *** GAP ***
            CODE    006BH     0003H     ABSOLUTE     
                    006EH     0015H                  *** GAP ***
            CODE    0083H     0003H     ABSOLUTE     
                    0086H     0072H                  *** GAP ***
            CODE    00F8H     0008H     ABSOLUTE     
            CODE    0100H     3AC8H     UNIT         ?PR?_ENCODER_PAGE_CHANGE?UI
            CODE    3BC8H     0559H     UNIT         ?PR?_PRO8283RXTREAT?DWIN8283
            CODE    4121H     04A8H     UNIT         ?C?LIB_CODE
            CODE    45C9H     039AH     UNIT         ?PR?_SELECT_NUM?UI
            CODE    4963H     0363H     UNIT         ?PR?CAN_ISR?CANBUS
            CODE    4CC6H     025EH     UNIT         ?PR?_CANTX?CANBUS
            CODE    4F24H     01C7H     UNIT         ?PR?INIT_RTC?RTC
            CODE    50EBH     01C0H     UNIT         ?PR?_READ_DGUS_VP?SYS
            CODE    52ABH     01B3H     UNIT         ?PR?_UART_SEND_DATA?UART
            CODE    545EH     01B2H     UNIT         ?PR?_RTC_CONFIG?RTC
            CODE    5610H     0194H     UNIT         ?PR?PICTURE1213_INIT?UI
            CODE    57A4H     0193H     UNIT         ?PR?_WRITE_DGUS_VP?SYS
            CODE    5937H     0193H     UNIT         ?PR?ENCODER_RECEVIE?ENCODER
            CODE    5ACAH     0184H     UNIT         ?PR?ERRFUN?HISTORY
            CODE    5C4EH     017AH     UNIT         ?PR?_WRITE_DGUS_VP_NEW?SYS
            CODE    5DC8H     0174H     UNIT         ?C_INITSEG
            CODE    5F3CH     016CH     UNIT         ?PR?LOADONEFRAME?CANBUS
            CODE    60A8H     0161H     UNIT         ?PR?RDTIME?RTC
            CODE    6209H     0114H     UNIT         ?PR?_QUICKSETTINGTEXTSET?UI
            CODE    631DH     00E5H     UNIT         ?PR?_HEX_INPUT_TO_ASCII?UMATH
            CODE    6402H     00DBH     UNIT         ?PR?_WRITE_RTC?RTC
            CODE    64DDH     00C7H     UNIT         ?PR?_GETCHARVALUE?UMATH
            CODE    65A4H     00C4H     UNIT         ?C_C51STARTUP
            CODE    6668H     00C2H     UNIT         ?PR?MAIN?MAIN
            CODE    672AH     00BDH     UNIT         ?PR?_CALCULATE_CRC16?UMATH
            CODE    67E7H     00BCH     UNIT         ?PR?_ENCODER_SET_VALUE?ENCODER
            CODE    68A3H     00A5H     UNIT         ?PR?_VP_NOR_FLASH_WRITE?NORFLASH
            CODE    6948H     00A5H     UNIT         ?PR?_VP_NOR_FLASH_READ?NORFLASH
            CODE    69EDH     00A4H     UNIT         ?PR?_SETTINGHUNDRED?UI
            CODE    6A91H     009DH     UNIT         ?PR?_PICTURE1_TEMP?UI
            CODE    6B2EH     009BH     UNIT         ?PR?UART3_ISR?UART
            CODE    6BC9H     0093H     UNIT         ?PR?_PINOUTPUT?SYS
            CODE    6C5CH     0091H     UNIT         ?PR?_CANBUSINIT?CANBUS
BL51 BANKED LINKER/LOCATER V6.22                                                      06/30/2026  09:15:23  PAGE 4


            CODE    6CEDH     0090H     UNIT         ?PR?_RTC_GET_WEEK?RTC
            CODE    6D7DH     008FH     UNIT         ?PR?UART2_ISR?UART
            CODE    6E0CH     0088H     UNIT         ?PR?_PAGE21FUNCTIONING?UI
            CODE    6E94H     0085H     UNIT         ?PR?_PAGE_CHANGE?SYS
            CODE    6F19H     0076H     UNIT         ?PR?PRO8283INIT?DWIN8283
            CODE    6F8FH     0071H     UNIT         ?PR?T0_ISR_PC?TIMER
            CODE    7000H     0071H     UNIT         ?PR?_MSTRCMP?UMATH
            CODE    7071H     006FH     UNIT         ?PR?_STRCOPARE?UMATH
            CODE    70E0H     006EH     UNIT         ?PR?_GETCHARVALUEASCII?UMATH
            CODE    714EH     006AH     UNIT         ?PR?WRITE_DGUS_VP_CHECK?UI
            CODE    71B8H     0066H     UNIT         ?PR?_I2CBW?IIC
            CODE    721EH     0063H     UNIT         ?PR?_STRCOPY?UMATH
            CODE    7281H     0062H     UNIT         ?PR?_SETTINGTIME?UI
            CODE    72E3H     0060H     UNIT         ?PR?UART4T_ISR?UART
            CODE    7343H     0060H     UNIT         ?PR?UART5T_ISR?UART
            CODE    73A3H     0060H     UNIT         ?PR?_GETCHARASCII?UMATH
            CODE    7403H     005CH     UNIT         ?PR?_CACK?IIC
            CODE    745FH     0056H     UNIT         ?PR?_SHOWMMSS2?UI
            CODE    74B5H     0055H     UNIT         ?PR?_GETPININ?SYS
            CODE    750AH     0055H     UNIT         ?PR?_I2CBR?IIC
            CODE    755FH     0053H     UNIT         ?PR?_UARTINIT?UART
            CODE    75B2H     0052H     UNIT         ?PR?PAGE21INIT?UI
            CODE    7604H     004EH     UNIT         ?PR?_UART2_INIT?UART
            CODE    7652H     004EH     UNIT         ?PR?_SHOWMMSS?UI
            CODE    76A0H     004CH     UNIT         ?PR?_SETPININ?SYS
            CODE    76ECH     004BH     UNIT         ?PR?_STRCLEAR?UMATH
            CODE    7737H     0049H     UNIT         ?PR?_UART3_INIT?UART
            CODE    7780H     0048H     UNIT         ?PR?_DELAY_MS?SYS
            CODE    77C8H     0048H     UNIT         ?PR?_SETPINOUT?SYS
            CODE    7810H     0047H     UNIT         ?PR?UART4R_ISR?UART
            CODE    7857H     0047H     UNIT         ?PR?UART5R_ISR?UART
            CODE    789EH     0047H     UNIT         ?PR?_SIZEARRAY?UMATH
            CODE    78E5H     0045H     UNIT         ?PR?_NOR_FLASH_WRITE?NORFLASH
            CODE    792AH     0045H     UNIT         ?PR?_NOR_FLASH_READ?NORFLASH
            CODE    796FH     0043H     UNIT         ?PR?PRO8283DEAL?DWIN8283
            CODE    79B2H     0042H     UNIT         ?PR?SECCNT_TICKTASK?UI
            CODE    79F4H     0041H     UNIT         ?PR?_UART4_INIT?UART
            CODE    7A35H     003FH     UNIT         ?PR?_I2CSTOP?IIC
            CODE    7A74H     003EH     UNIT         ?PR?_I2CSTART?IIC
            CODE    7AB2H     003DH     UNIT         ?PR?HISTORYERRINIT?HISTORY
            CODE    7AEFH     003BH     UNIT         ?PR?_CHECK_START?UI
            CODE    7B2AH     003AH     UNIT         ?PR?_PAGE_CHANGE_HANDLER?UI
            CODE    7B64H     0039H     UNIT         ?PR?SECCNT_START?UI
            CODE    7B9DH     0038H     UNIT         ?PR?CANERRORRESET?CANBUS
            CODE    7BD5H     0038H     UNIT         ?PR?_MACK?IIC
            CODE    7C0DH     0038H     UNIT         ?PR?_MNAK?IIC
            CODE    7C45H     0034H     UNIT         ?PR?_HEXTOASCII?UMATH
            CODE    7C79H     0034H     UNIT         ?PR?_HEXTOASCIISMALL?UMATH
            CODE    7CADH     0028H     UNIT         ?PR?_UART5_INIT?UART
            CODE    7CD5H     0023H     UNIT         ?PR?_MYLOG?DEBUG
            CODE    7CF8H     0022H     UNIT         ?PR?_STARTTIMER?TIMER
            CODE    7D1AH     001FH     UNIT         ?PR?_SETTEXTCOLORYELLOW?UI
            CODE    7D39H     001EH     UNIT         ?PR?T0_INIT?TIMER
            CODE    7D57H     001EH     UNIT         ?PR?_SCKOUTH?IIC
            CODE    7D75H     001EH     UNIT         ?PR?_SCKOUTL?IIC
            CODE    7D93H     001DH     UNIT         ?PR?_SETTEXTCOLORWHITE?UI
            CODE    7DB0H     001CH     UNIT         ?CO?UMATH
BL51 BANKED LINKER/LOCATER V6.22                                                      06/30/2026  09:15:23  PAGE 5


            CODE    7DCCH     001BH     UNIT         ?PR?_SETTEXTCOLORRED?UI
            CODE    7DE7H     001BH     UNIT         ?PR?_SETTEXTCOLORBLACK?UI
            CODE    7E02H     001BH     UNIT         ?PR?_SETTEXTCOLORBLUE?UI
            CODE    7E1DH     001BH     UNIT         ?PR?_SETTEXTCOLORGRAY?UI
            CODE    7E38H     001BH     UNIT         ?PR?_SDAOUTH?IIC
            CODE    7E53H     001BH     UNIT         ?PR?_SDAOUTL?IIC
            CODE    7E6EH     001AH     UNIT         ?PR?_WRITE_VP_U16_BE?SYS
            CODE    7E88H     001AH     UNIT         ?PR?T1_INIT?TIMER
            CODE    7EA2H     001AH     UNIT         ?PR?CANLOADTREAT?CANBUS
            CODE    7EBCH     001AH     UNIT         ?PR?_GETSDAIN?IIC
            CODE    7ED6H     0019H     UNIT         ?PR?_CHANGEIMAGE?UI
            CODE    7EEFH     0019H     UNIT         ?PR?_SETSDAIN?IIC
            CODE    7F08H     0019H     UNIT         ?PR?_SETSDAOUT?IIC
            CODE    7F21H     0016H     UNIT         ?PR?SECCNT_STOP?UI
            CODE    7F37H     0015H     UNIT         ?PR?_DELAY_US?SYS
            CODE    7F4CH     0015H     UNIT         ?PR?_KILLTIMER?TIMER
            CODE    7F61H     0015H     UNIT         ?PR?INITDEBUGUART?DEBUG
            CODE    7F76H     0014H     UNIT         ?PR?T2_INIT?TIMER
            CODE    7F8AH     0014H     UNIT         ?PR?_INIT_IIC_INTERFACE?IIC
            CODE    7F9EH     0013H     UNIT         ?PR?_GETTIMEOUTFLAG?TIMER
            CODE    7FB1H     0013H     UNIT         ?PR?_BCD?UMATH
            CODE    7FC4H     000FH     UNIT         ?PR?_IBCD?UMATH
            CODE    7FD3H     000DH     UNIT         ?PR?TIMER1_ISR?TIMER
            CODE    7FE0H     000CH     UNIT         ?PR?CHECK_END?UI
            CODE    7FECH     0009H     UNIT         ?PR?TIMER2_ISR?TIMER
            CODE    7FF5H     0006H     UNIT         ?PR?UI_READ500MS_STOP?UI
            CODE    7FFBH     0002H     UNIT         ?PR?ABORT?DEBUG



OVERLAY MAP OF MODULE:   .\Objects\T5L51 (?C_STARTUP)


SEGMENT                                    DATA_GROUP          XDATA_GROUP
  +--> CALLED SEGMENT                    START    LENGTH     START    LENGTH
----------------------------------------------------------------------------
?C_C51STARTUP                            -----    -----      -----    -----
  +--> ?PR?MAIN?MAIN
  +--> ?C_INITSEG

?PR?MAIN?MAIN                            -----    -----      C2C4H    0006H
  +--> ?PR?T0_INIT?TIMER
  +--> ?PR?T1_INIT?TIMER
  +--> ?PR?INIT_RTC?RTC
  +--> ?PR?_SETPININ?SYS
  +--> ?PR?_STARTTIMER?TIMER
  +--> ?PR?PRO8283INIT?DWIN8283
  +--> ?PR?_PAGE_CHANGE_HANDLER?UI
  +--> ?PR?PICTURE1213_INIT?UI
  +--> ?PR?_WRITE_DGUS_VP?SYS
  +--> ?PR?PRO8283DEAL?DWIN8283
  +--> ?PR?_GETTIMEOUTFLAG?TIMER
  +--> ?PR?SECCNT_TICKTASK?UI
  +--> ?PR?WRITE_DGUS_VP_CHECK?UI
  +--> ?PR?ENCODER_RECEVIE?ENCODER
  +--> ?PR?_ENCODER_PAGE_CHANGE?UI

BL51 BANKED LINKER/LOCATER V6.22                                                      06/30/2026  09:15:23  PAGE 6


?PR?INIT_RTC?RTC                         -----    -----      C2CAH    0001H
  +--> ?PR?_INIT_IIC_INTERFACE?IIC
  +--> ?PR?_I2CSTART?IIC
  +--> ?PR?_I2CBW?IIC
  +--> ?PR?_I2CSTOP?IIC
  +--> ?PR?_I2CBR?IIC
  +--> ?PR?_MACK?IIC
  +--> ?PR?_MNAK?IIC

?PR?_INIT_IIC_INTERFACE?IIC              -----    -----      -----    -----
  +--> ?PR?_SETPINOUT?SYS

?PR?_I2CSTART?IIC                        -----    -----      C2CBH    0003H
  +--> ?PR?_SETSDAOUT?IIC
  +--> ?PR?_SDAOUTH?IIC
  +--> ?PR?_SCKOUTH?IIC
  +--> ?PR?_DELAY_US?SYS
  +--> ?PR?_SDAOUTL?IIC
  +--> ?PR?_SCKOUTL?IIC

?PR?_SETSDAOUT?IIC                       -----    -----      -----    -----
  +--> ?PR?_SETPINOUT?SYS

?PR?_SDAOUTH?IIC                         -----    -----      -----    -----
  +--> ?PR?_PINOUTPUT?SYS

?PR?_SCKOUTH?IIC                         -----    -----      -----    -----
  +--> ?PR?_PINOUTPUT?SYS

?PR?_SDAOUTL?IIC                         -----    -----      -----    -----
  +--> ?PR?_PINOUTPUT?SYS

?PR?_SCKOUTL?IIC                         -----    -----      -----    -----
  +--> ?PR?_PINOUTPUT?SYS

?PR?_I2CBW?IIC                           -----    -----      C2CBH    0005H
  +--> ?PR?_SETSDAOUT?IIC
  +--> ?PR?_SDAOUTH?IIC
  +--> ?PR?_SDAOUTL?IIC
  +--> ?PR?_DELAY_US?SYS
  +--> ?PR?_SCKOUTH?IIC
  +--> ?PR?_SCKOUTL?IIC
  +--> ?PR?_CACK?IIC

?PR?_CACK?IIC                            -----    -----      C2D0H    0004H
  +--> ?PR?_SETSDAIN?IIC
  +--> ?PR?_SDAOUTH?IIC
  +--> ?PR?_DELAY_US?SYS
  +--> ?PR?_SCKOUTH?IIC
  +--> ?PR?_GETSDAIN?IIC
  +--> ?PR?_SCKOUTL?IIC
  +--> ?PR?_SETSDAOUT?IIC

?PR?_SETSDAIN?IIC                        -----    -----      -----    -----
  +--> ?PR?_SETPININ?SYS

?PR?_GETSDAIN?IIC                        -----    -----      -----    -----
BL51 BANKED LINKER/LOCATER V6.22                                                      06/30/2026  09:15:23  PAGE 7


  +--> ?PR?_GETPININ?SYS

?PR?_I2CSTOP?IIC                         -----    -----      C2CBH    0003H
  +--> ?PR?_SETSDAOUT?IIC
  +--> ?PR?_SDAOUTL?IIC
  +--> ?PR?_SCKOUTH?IIC
  +--> ?PR?_DELAY_US?SYS
  +--> ?PR?_SDAOUTH?IIC
  +--> ?PR?_SETSDAIN?IIC

?PR?_I2CBR?IIC                           -----    -----      C2CBH    0005H
  +--> ?PR?_SETSDAIN?IIC
  +--> ?PR?_DELAY_US?SYS
  +--> ?PR?_SCKOUTH?IIC
  +--> ?PR?_GETSDAIN?IIC
  +--> ?PR?_SCKOUTL?IIC

?PR?_MACK?IIC                            -----    -----      C2CBH    0003H
  +--> ?PR?_SETSDAOUT?IIC
  +--> ?PR?_SDAOUTL?IIC
  +--> ?PR?_DELAY_US?SYS
  +--> ?PR?_SCKOUTH?IIC
  +--> ?PR?_SCKOUTL?IIC

?PR?_MNAK?IIC                            -----    -----      C2CBH    0003H
  +--> ?PR?_SETSDAOUT?IIC
  +--> ?PR?_SDAOUTH?IIC
  +--> ?PR?_DELAY_US?SYS
  +--> ?PR?_SCKOUTH?IIC
  +--> ?PR?_SCKOUTL?IIC

?PR?PRO8283INIT?DWIN8283                 -----    -----      -----    -----
  +--> ?PR?_UARTINIT?UART

?PR?_UARTINIT?UART                       -----    -----      C2CAH    0005H
  +--> ?PR?_UART2_INIT?UART
  +--> ?PR?_UART3_INIT?UART
  +--> ?PR?_UART4_INIT?UART
  +--> ?PR?_UART5_INIT?UART

?PR?_UART2_INIT?UART                     -----    -----      C2CFH    0002H
  +--> ?PR?_SETPINOUT?SYS
  +--> ?PR?_SETPININ?SYS

?PR?_UART3_INIT?UART                     -----    -----      C2CFH    0002H
  +--> ?PR?_SETPINOUT?SYS
  +--> ?PR?_SETPININ?SYS

?PR?_PAGE_CHANGE_HANDLER?UI              -----    -----      -----    -----
  +--> ?PR?_WRITE_DGUS_VP?SYS

?PR?_WRITE_DGUS_VP?SYS                   -----    -----      C2F2H    000DH

?PR?PICTURE1213_INIT?UI                  -----    -----      C2CAH    0002H
  +--> ?PR?_READ_DGUS_VP?SYS
  +--> ?PR?_SHOWMMSS?UI
  +--> ?PR?_SETTEXTCOLORWHITE?UI
BL51 BANKED LINKER/LOCATER V6.22                                                      06/30/2026  09:15:23  PAGE 8



?PR?_READ_DGUS_VP?SYS                    -----    -----      C2EEH    0013H

?PR?_SHOWMMSS?UI                         -----    -----      C2CCH    0004H
  +--> ?PR?_WRITE_DGUS_VP?SYS

?PR?_SETTEXTCOLORWHITE?UI                -----    -----      C2F0H    0002H
  +--> ?PR?_WRITE_DGUS_VP?SYS

?PR?PRO8283DEAL?DWIN8283                 -----    -----      -----    -----
  +--> ?PR?_PRO8283RXTREAT?DWIN8283
  +--> ?PR?_UART_SEND_DATA?UART

?PR?_PRO8283RXTREAT?DWIN8283             -----    -----      C2CAH    000FH
  +--> ?PR?_WRITE_DGUS_VP?SYS
  +--> ?PR?_READ_DGUS_VP?SYS

?PR?_UART_SEND_DATA?UART                 -----    -----      C2CAH    0008H

?PR?SECCNT_TICKTASK?UI                   -----    -----      -----    -----
  +--> ?PR?_SETTEXTCOLORWHITE?UI
  +--> ?PR?_GETTIMEOUTFLAG?TIMER
  +--> ?PR?_SHOWMMSS2?UI
  +--> ?PR?SECCNT_STOP?UI
  +--> ?PR?_STARTTIMER?TIMER

?PR?_SHOWMMSS2?UI                        -----    -----      C2EEH    0004H
  +--> ?PR?_WRITE_DGUS_VP?SYS

?PR?SECCNT_STOP?UI                       -----    -----      -----    -----
  +--> ?PR?_SETTEXTCOLORWHITE?UI

?PR?WRITE_DGUS_VP_CHECK?UI               -----    -----      -----    -----
  +--> ?PR?_GETTIMEOUTFLAG?TIMER
  +--> ?PR?_READ_DGUS_VP?SYS
  +--> ?PR?CHECK_END?UI
  +--> ?PR?_CHECK_START?UI

?PR?_CHECK_START?UI                      -----    -----      -----    -----
  +--> ?PR?_WRITE_DGUS_VP?SYS
  +--> ?PR?_STARTTIMER?TIMER

?PR?ENCODER_RECEVIE?ENCODER              -----    -----      C2CAH    0007H
  +--> ?PR?_DELAY_US?SYS
  +--> ?PR?_GETPININ?SYS
  +--> ?PR?_DELAY_MS?SYS

?PR?_DELAY_MS?SYS                        -----    -----      C2D1H    0004H
  +--> ?PR?_DELAY_US?SYS

?PR?_ENCODER_PAGE_CHANGE?UI              -----    -----      C2CAH    0024H
  +--> ?PR?_GETTIMEOUTFLAG?TIMER
  +--> ?PR?_READ_DGUS_VP?SYS
  +--> ?PR?_WRITE_DGUS_VP?SYS
  +--> ?PR?_PAGE_CHANGE_HANDLER?UI
  +--> ?PR?SECCNT_START?UI
  +--> ?PR?_SHOWMMSS2?UI
BL51 BANKED LINKER/LOCATER V6.22                                                      06/30/2026  09:15:23  PAGE 9


  +--> ?PR?SECCNT_STOP?UI
  +--> ?PR?PAGE21INIT?UI
  +--> ?PR?_PAGE21FUNCTIONING?UI
  +--> ?PR?_STARTTIMER?TIMER
  +--> ?PR?_CHECK_START?UI
  +--> ?PR?_SETTEXTCOLORYELLOW?UI
  +--> ?PR?_QUICKSETTINGTEXTSET?UI
  +--> ?PR?_SELECT_NUM?UI
  +--> ?PR?_SETTEXTCOLORBLUE?UI
  +--> ?PR?_SETTEXTCOLORBLACK?UI
  +--> ?PR?_SETTEXTCOLORWHITE?UI
  +--> ?PR?_CHANGEIMAGE?UI

?PR?SECCNT_START?UI                      -----    -----      -----    -----
  +--> ?PR?_SETTEXTCOLORYELLOW?UI
  +--> ?PR?_READ_DGUS_VP?SYS
  +--> ?PR?_STARTTIMER?TIMER

?PR?_SETTEXTCOLORYELLOW?UI               -----    -----      C2F0H    0002H
  +--> ?PR?_WRITE_DGUS_VP?SYS

?PR?PAGE21INIT?UI                        -----    -----      -----    -----
  +--> ?PR?_SETTEXTCOLORWHITE?UI
  +--> ?PR?_CHANGEIMAGE?UI

?PR?_CHANGEIMAGE?UI                      -----    -----      C2F0H    0002H
  +--> ?PR?_WRITE_DGUS_VP?SYS

?PR?_PAGE21FUNCTIONING?UI                -----    -----      C2EEH    0002H
  +--> ?PR?_SETTEXTCOLORYELLOW?UI
  +--> ?PR?_CHANGEIMAGE?UI

?PR?_QUICKSETTINGTEXTSET?UI              -----    -----      C2EEH    0002H
  +--> ?PR?_SETTEXTCOLORYELLOW?UI
  +--> ?PR?_SETTEXTCOLORBLUE?UI

?PR?_SETTEXTCOLORBLUE?UI                 -----    -----      C2F0H    0002H
  +--> ?PR?_WRITE_DGUS_VP?SYS

?PR?_SELECT_NUM?UI                       -----    -----      C2EEH    0002H
  +--> ?PR?_SETTEXTCOLORBLACK?UI
  +--> ?PR?_SETTEXTCOLORBLUE?UI
  +--> ?PR?_CHANGEIMAGE?UI
  +--> ?PR?_SETTEXTCOLORWHITE?UI

?PR?_SETTEXTCOLORBLACK?UI                -----    -----      C2F0H    0002H
  +--> ?PR?_WRITE_DGUS_VP?SYS

*** NEW ROOT ***************************************************

?PR?T0_ISR_PC?TIMER                      001BH    0001H      -----    -----

*** NEW ROOT ***************************************************

?PR?CAN_ISR?CANBUS                       -----    -----      C301H    0001H
  +--> ?PR?LOADONEFRAME?CANBUS
  +--> ?PR?_STARTTIMER?TIMER
BL51 BANKED LINKER/LOCATER V6.22                                                      06/30/2026  09:15:23  PAGE 10





UNRESOLVED EXTERNAL SYMBOLS:
   G_NEED_UPGRADE
   _READ_DGUS



SYMBOL TABLE OF MODULE:  .\Objects\T5L51 (?C_STARTUP)

  VALUE           TYPE          NAME
  ----------------------------------

  -------         MODULE        ?C_STARTUP
  C:65A4H         SEGMENT       ?C_C51STARTUP
  I:001CH         SEGMENT       ?STACK
  C:0000H         PUBLIC        ?C_STARTUP
  D:00E0H         SYMBOL        ACC
  D:00F0H         SYMBOL        B
  D:008EH         SYMBOL        CKCON
  D:0094H         SYMBOL        DAGESEL
  D:0093H         SYMBOL        DPC
  D:0083H         SYMBOL        DPH
  D:0082H         SYMBOL        DPL
  D:0095H         SYMBOL        D_PAGESEL
  N:0000H         SYMBOL        IBPSTACK
  N:0100H         SYMBOL        IBPSTACKTOP
  N:0080H         SYMBOL        IDATALEN
  C:65D1H         SYMBOL        IDATALOOP
  D:00A8H         SYMBOL        IEN0
  D:00B8H         SYMBOL        IEN1
  D:009AH         SYMBOL        IEN2
  D:00A9H         SYMBOL        IP0
  D:00B9H         SYMBOL        IP1
  D:00C9H         SYMBOL        MUX_SEL
  N:0000H         SYMBOL        PBPSTACK
  N:0100H         SYMBOL        PBPSTACKTOP
  N:0000H         SYMBOL        PDATALEN
  N:0000H         SYMBOL        PDATASTART
  D:00F9H         SYMBOL        PORTDRV
  N:0000H         SYMBOL        PPAGE
  N:0000H         SYMBOL        PPAGEENABLE
  D:00A0H         SYMBOL        PPAGE_SFR
  D:00D0H         SYMBOL        PSW
  D:00F8H         SYMBOL        RAMMODE
  D:0081H         SYMBOL        SP
  C:65A4H         SYMBOL        STARTUP1
  D:00C8H         SYMBOL        T2CON
  N:0000H         SYMBOL        XBPSTACK
  N:0000H         SYMBOL        XBPSTACKTOP
  N:8000H         SYMBOL        XDATALEN
  C:65DCH         SYMBOL        XDATALOOP
  N:8000H         SYMBOL        XDATASTART
  C:0000H         LINE#         140
  C:65A4H         LINE#         160
  C:65A7H         LINE#         161
BL51 BANKED LINKER/LOCATER V6.22                                                      06/30/2026  09:15:23  PAGE 11


  C:65AAH         LINE#         162
  C:65ADH         LINE#         163
  C:65B0H         LINE#         164
  C:65B3H         LINE#         166
  C:65B6H         LINE#         167
  C:65B9H         LINE#         168
  C:65BCH         LINE#         169
  C:65BFH         LINE#         170
  C:65C2H         LINE#         171
  C:65C5H         LINE#         172
  C:65C8H         LINE#         173
  C:65CBH         LINE#         174
  C:65CEH         LINE#         180
  C:65D0H         LINE#         181
  C:65D1H         LINE#         182
  C:65D2H         LINE#         183
  C:65D4H         LINE#         187
  C:65D7H         LINE#         188
  C:65D9H         LINE#         192
  C:65DBH         LINE#         194
  C:65DCH         LINE#         195
  C:65DDH         LINE#         196
  C:65DEH         LINE#         197
  C:65E0H         LINE#         198
  C:65E2H         LINE#         232
  C:65E5H         LINE#         243
  -------         ENDMOD        ?C_STARTUP

  -------         MODULE        SYS
  C:0000H         SYMBOL        _ICE_DUMMY_
  X:C26DH         PUBLIC        Spi_Flash
  D:00F1H         PUBLIC        ADR_H
  D:0080H         PUBLIC        P0
  D:0090H         PUBLIC        P1
  X:C27DH         PUBLIC        Nor_Flash
  D:00A0H         PUBLIC        P2
  C:74B5H         PUBLIC        _GetPinIn
  D:00B0H         PUBLIC        P3
  D:00F3H         PUBLIC        ADR_L
  D:00F2H         PUBLIC        ADR_M
  B:00A8H.7       PUBLIC        EA
  D:00F8H         PUBLIC        RAMMODE
  C:57A4H         PUBLIC        _write_dgus_vp
  D:00B7H         PUBLIC        P0MDOUT
  D:00BCH         PUBLIC        P1MDOUT
  D:00BDH         PUBLIC        P2MDOUT
  C:76A0H         PUBLIC        _SetPinIn
  X:C289H         PUBLIC        PressPosChange
  D:00BEH         PUBLIC        P3MDOUT
  C:77C8H         PUBLIC        _SetPinOut
  B:00F8H.4       PUBLIC        APP_ACK
  X:C28AH         PUBLIC        RealPosX
  D:00F4H         PUBLIC        ADR_INC
  X:C28CH         PUBLIC        RealPosY
  X:C28EH         PUBLIC        PressPosX
  X:C290H         PUBLIC        PressPageID
  X:C292H         PUBLIC        PressPosY
BL51 BANKED LINKER/LOCATER V6.22                                                      06/30/2026  09:15:23  PAGE 12


  X:C294H         PUBLIC        LastPosX
  X:C296H         PUBLIC        MusicBuf
  X:C2B9H         PUBLIC        LastPosY
  C:6E94H         PUBLIC        _Page_Change
  X:C2BBH         PUBLIC        Touchstate
  C:5C4EH         PUBLIC        _write_dgus_vp_new
  C:6BC9H         PUBLIC        _PinOutput
  X:C2BCH         PUBLIC        xdistance
  X:C2BEH         PUBLIC        ydistance
  X:C2C0H         PUBLIC        PosXChangeSpeed
  D:00FDH         PUBLIC        DATA0
  X:C2C2H         PUBLIC        PosYChangeSpeed
  D:00FCH         PUBLIC        DATA1
  D:00FBH         PUBLIC        DATA2
  D:00FAH         PUBLIC        DATA3
  C:7780H         PUBLIC        _delay_ms
  B:00F8H.6       PUBLIC        APP_EN
  C:7F37H         PUBLIC        _delay_us
  C:7E6EH         PUBLIC        _write_vp_u16_be
  C:50EBH         PUBLIC        _read_dgus_vp
  -------         PROC          _READ_DGUS_VP
  X:C2EEH         SYMBOL        addr
  X:C2F0H         SYMBOL        buf
  X:C2F3H         SYMBOL        len
  -------         DO            
  X:C2F5H         SYMBOL        OS_addr
  X:C2F7H         SYMBOL        OS_addr_offset
  X:C2F9H         SYMBOL        OS_len
  X:C2FBH         SYMBOL        OS_len_offset
  X:C2FDH         SYMBOL        LenLimit
  -------         ENDDO         
  C:50EBH         LINE#         37
  C:50FCH         LINE#         38
  C:50FCH         LINE#         39
  C:5103H         LINE#         40
  C:5107H         LINE#         41
  C:510FH         LINE#         44
  C:511DH         LINE#         46
  C:5135H         LINE#         47
  C:5150H         LINE#         48
  C:5150H         LINE#         49
  C:5161H         LINE#         50
  C:5161H         LINE#         51
  C:5177H         LINE#         52
  C:5181H         LINE#         54
  C:5183H         LINE#         56
  C:5186H         LINE#         57
  C:5191H         LINE#         58
  C:5193H         LINE#         59
  C:5196H         LINE#         60
  C:5199H         LINE#         61
  C:519CH         LINE#         62
  C:51A6H         LINE#         63
  C:51A6H         LINE#         64
  C:51A8H         LINE#         65
  C:51ABH         LINE#         66
  C:51C0H         LINE#         67
BL51 BANKED LINKER/LOCATER V6.22                                                      06/30/2026  09:15:23  PAGE 13


  C:51D5H         LINE#         68
  C:51E3H         LINE#         69
  C:51E3H         LINE#         70
  C:51F9H         LINE#         71
  C:5203H         LINE#         72
  C:5211H         LINE#         73
  C:5211H         LINE#         74
  C:5213H         LINE#         75
  C:5216H         LINE#         76
  C:522BH         LINE#         77
  C:5240H         LINE#         78
  C:5255H         LINE#         79
  C:526AH         LINE#         80
  C:526CH         LINE#         81
  C:5276H         LINE#         82
  C:5276H         LINE#         83
  C:5278H         LINE#         84
  C:527BH         LINE#         85
  C:5290H         LINE#         86
  C:52A5H         LINE#         87
  C:52A5H         LINE#         88
  C:52A8H         LINE#         90
  C:52AAH         LINE#         92
  -------         ENDPROC       _READ_DGUS_VP
  -------         PROC          _WRITE_DGUS_VP
  X:C2F2H         SYMBOL        addr
  X:C2F4H         SYMBOL        buf
  X:C2F7H         SYMBOL        len
  -------         DO            
  D:0004H         SYMBOL        OS_addr
  X:C2F9H         SYMBOL        OS_addr_offset
  X:C2FBH         SYMBOL        OS_len
  X:C2FDH         SYMBOL        OS_len_offset
  D:0006H         SYMBOL        LenLimit
  -------         ENDDO         
  C:57A4H         LINE#         162
  C:57B5H         LINE#         163
  C:57B5H         LINE#         164
  C:57B6H         LINE#         165
  C:57BCH         LINE#         166
  C:57C4H         LINE#         169
  C:57D1H         LINE#         171
  C:57E0H         LINE#         172
  C:57EDH         LINE#         173
  C:57EDH         LINE#         174
  C:57F2H         LINE#         175
  C:57F2H         LINE#         176
  C:5801H         LINE#         177
  C:580DH         LINE#         179
  C:580FH         LINE#         181
  C:5812H         LINE#         182
  C:5815H         LINE#         183
  C:5819H         LINE#         184
  C:581CH         LINE#         185
  C:581FH         LINE#         186
  C:5822H         LINE#         187
  C:582CH         LINE#         188
BL51 BANKED LINKER/LOCATER V6.22                                                      06/30/2026  09:15:23  PAGE 14


  C:582CH         LINE#         189
  C:5841H         LINE#         190
  C:5856H         LINE#         191
  C:5858H         LINE#         192
  C:585BH         LINE#         193
  C:5869H         LINE#         194
  C:5869H         LINE#         195
  C:587FH         LINE#         196
  C:5889H         LINE#         197
  C:588CH         LINE#         198
  C:589AH         LINE#         199
  C:589AH         LINE#         200
  C:58AFH         LINE#         201
  C:58C4H         LINE#         202
  C:58D9H         LINE#         203
  C:58EEH         LINE#         204
  C:58F0H         LINE#         205
  C:58F5H         LINE#         207
  C:58FFH         LINE#         208
  C:58FFH         LINE#         209
  C:5902H         LINE#         210
  C:5917H         LINE#         211
  C:592CH         LINE#         212
  C:592EH         LINE#         213
  C:5931H         LINE#         214
  C:5931H         LINE#         215
  C:5934H         LINE#         217
  C:5936H         LINE#         219
  -------         ENDPROC       _WRITE_DGUS_VP
  -------         PROC          _WRITE_DGUS_VP_NEW
  X:C404H         SYMBOL        addr
  X:C406H         SYMBOL        buf
  X:C409H         SYMBOL        len
  -------         DO            
  D:0004H         SYMBOL        LenLimit
  D:0002H         SYMBOL        OS_addr
  D:0005H         SYMBOL        OS_addr_offset
  D:0006H         SYMBOL        OS_len4
  D:0007H         SYMBOL        rem2
  -------         ENDDO         
  C:5C4EH         LINE#         223
  C:5C5FH         LINE#         224
  C:5C5FH         LINE#         231
  C:5C6BH         LINE#         234
  C:5C7AH         LINE#         235
  C:5C81H         LINE#         236
  C:5C8BH         LINE#         237
  C:5C8BH         LINE#         240
  C:5C9CH         LINE#         241
  C:5CA0H         LINE#         244
  C:5CA2H         LINE#         247
  C:5CA5H         LINE#         248
  C:5CA8H         LINE#         249
  C:5CACH         LINE#         250
  C:5CAFH         LINE#         253
  C:5CB2H         LINE#         254
  C:5CB5H         LINE#         257
BL51 BANKED LINKER/LOCATER V6.22                                                      06/30/2026  09:15:23  PAGE 15


  C:5CB8H         LINE#         258
  C:5CC7H         LINE#         259
  C:5CC7H         LINE#         261
  C:5CCAH         LINE#         264
  C:5CCAH         LINE#         266
  C:5CDFH         LINE#         267
  C:5CF4H         LINE#         268
  C:5CF9H         LINE#         269
  C:5D07H         LINE#         270
  C:5D07H         LINE#         273
  C:5D18H         LINE#         274
  C:5D1BH         LINE#         275
  C:5D25H         LINE#         276
  C:5D3AH         LINE#         277
  C:5D4FH         LINE#         278
  C:5D64H         LINE#         279
  C:5D79H         LINE#         280
  C:5D80H         LINE#         284
  C:5D8DH         LINE#         285
  C:5D90H         LINE#         286
  C:5D93H         LINE#         287
  C:5DA8H         LINE#         288
  C:5DBDH         LINE#         289
  C:5DC2H         LINE#         290
  C:5DC2H         LINE#         292
  C:5DC5H         LINE#         295
  C:5DC7H         LINE#         297
  -------         ENDPROC       _WRITE_DGUS_VP_NEW
  -------         PROC          _WRITE_VP_U16_BE
  D:0002H         SYMBOL        vp
  D:0004H         SYMBOL        value
  -------         DO            
  X:C440H         SYMBOL        be
  -------         ENDDO         
  C:7E6EH         LINE#         300
  C:7E6EH         LINE#         301
  C:7E6EH         LINE#         303
  C:7E73H         LINE#         304
  C:7E76H         LINE#         305
  -------         ENDPROC       _WRITE_VP_U16_BE
  -------         PROC          _DELAY_US
  D:0006H         SYMBOL        t
  -------         DO            
  D:0005H         SYMBOL        i
  -------         ENDDO         
  C:7F37H         LINE#         434
  C:7F37H         LINE#         435
  C:7F37H         LINE#         438
  C:7F3BH         LINE#         439
  C:7F3BH         LINE#         440
  C:7F3DH         LINE#         441
  C:7F44H         LINE#         442
  C:7F49H         LINE#         443
  C:7F4BH         LINE#         444
  -------         ENDPROC       _DELAY_US
  -------         PROC          _PAGE_CHANGE
  X:C412H         SYMBOL        PageID
BL51 BANKED LINKER/LOCATER V6.22                                                      06/30/2026  09:15:23  PAGE 16


  -------         DO            
  X:C414H         SYMBOL        buf
  -------         ENDDO         
  C:6E94H         LINE#         446
  C:6E9CH         LINE#         447
  C:6E9CH         LINE#         450
  C:6EA0H         LINE#         451
  C:6EA4H         LINE#         452
  C:6EB1H         LINE#         453
  C:6EB4H         LINE#         454
  C:6ECAH         LINE#         456
  C:6ECAH         LINE#         457
  C:6ED1H         LINE#         458
  C:6EE7H         LINE#         459
  C:6EF9H         LINE#         460
  C:6EFEH         LINE#         461
  C:6F00H         LINE#         462
  C:6F02H         LINE#         463
  C:6F04H         LINE#         464
  -------         ENDPROC       _PAGE_CHANGE
  -------         PROC          _DELAY_MS
  X:C2D1H         SYMBOL        t
  -------         DO            
  X:C2D3H         SYMBOL        i
  D:0002H         SYMBOL        j
  -------         ENDDO         
  C:7780H         LINE#         467
  C:7788H         LINE#         468
  C:7788H         LINE#         470
  C:77A2H         LINE#         471
  C:77A2H         LINE#         472
  C:77A5H         LINE#         473
  C:77B7H         LINE#         474
  C:77C7H         LINE#         475
  -------         ENDPROC       _DELAY_MS
  -------         PROC          _SETPINOUT
  D:0007H         SYMBOL        Port
  D:0005H         SYMBOL        Pin
  C:77C8H         LINE#         477
  C:77C8H         LINE#         478
  C:77C8H         LINE#         479
  C:77D6H         LINE#         480
  C:77D6H         LINE#         481
  C:77E3H         LINE#         482
  C:77E4H         LINE#         483
  C:77F1H         LINE#         484
  C:77F2H         LINE#         485
  C:77FFH         LINE#         486
  C:7800H         LINE#         487
  C:780FH         LINE#         488
  C:780FH         LINE#         489
  C:780FH         LINE#         490
  C:780FH         LINE#         492
  -------         ENDPROC       _SETPINOUT
  -------         PROC          _SETPININ
  D:0007H         SYMBOL        Port
  D:0005H         SYMBOL        Pin
BL51 BANKED LINKER/LOCATER V6.22                                                      06/30/2026  09:15:23  PAGE 17


  C:76A0H         LINE#         494
  C:76A0H         LINE#         495
  C:76A0H         LINE#         496
  C:76AEH         LINE#         497
  C:76AEH         LINE#         498
  C:76BCH         LINE#         499
  C:76BDH         LINE#         500
  C:76CBH         LINE#         501
  C:76CCH         LINE#         502
  C:76DAH         LINE#         503
  C:76DBH         LINE#         504
  C:76EBH         LINE#         505
  C:76EBH         LINE#         506
  C:76EBH         LINE#         507
  C:76EBH         LINE#         509
  -------         ENDPROC       _SETPININ
  -------         PROC          _PINOUTPUT
  D:0007H         SYMBOL        Port
  D:0005H         SYMBOL        Pin
  D:0003H         SYMBOL        value
  C:6BC9H         LINE#         511
  C:6BC9H         LINE#         512
  C:6BC9H         LINE#         513
  C:6BDAH         LINE#         514
  C:6BDAH         LINE#         515
  C:6BEBH         LINE#         516
  C:6BF9H         LINE#         517
  C:6BFAH         LINE#         518
  C:6C0BH         LINE#         519
  C:6C19H         LINE#         520
  C:6C1AH         LINE#         521
  C:6C2BH         LINE#         522
  C:6C39H         LINE#         523
  C:6C3AH         LINE#         524
  C:6C4BH         LINE#         525
  C:6C5BH         LINE#         526
  C:6C5BH         LINE#         527
  C:6C5BH         LINE#         528
  C:6C5BH         LINE#         529
  -------         ENDPROC       _PINOUTPUT
  -------         PROC          _GETPININ
  D:0007H         SYMBOL        Port
  D:0005H         SYMBOL        Pin
  -------         DO            
  D:0006H         SYMBOL        value
  -------         ENDDO         
  C:74B5H         LINE#         531
  C:74B5H         LINE#         532
  C:74B5H         LINE#         534
  C:74C3H         LINE#         535
  C:74C3H         LINE#         536
  C:74D1H         LINE#         537
  C:74D3H         LINE#         538
  C:74E1H         LINE#         539
  C:74E3H         LINE#         540
  C:74F1H         LINE#         541
  C:74F3H         LINE#         542
BL51 BANKED LINKER/LOCATER V6.22                                                      06/30/2026  09:15:23  PAGE 18


  C:7503H         LINE#         543
  C:7505H         LINE#         544
  C:7505H         LINE#         545
  C:7507H         LINE#         546
  C:7507H         LINE#         547
  C:7507H         LINE#         548
  C:7509H         LINE#         549
  -------         ENDPROC       _GETPININ
  -------         ENDMOD        SYS

  -------         MODULE        TIMER
  C:0000H         SYMBOL        _ICE_DUMMY_
  B:00A8H.7       PUBLIC        EA
  C:7F4CH         PUBLIC        _KillTimer
  D:0008H         PUBLIC        TimerTime
  C:7CF8H         PUBLIC        _StartTimer
  B:0090H.0       PUBLIC        P10
  B:0090H.1       PUBLIC        P11
  D:0089H         PUBLIC        TMOD
  C:6F8FH         PUBLIC        T0_ISR_PC
  D:0018H         PUBLIC        OutTimeFlag
  B:00A8H.1       PUBLIC        ET0
  B:00A8H.3       PUBLIC        ET1
  B:00A8H.5       PUBLIC        ET2
  B:00C0H.6       PUBLIC        TF2
  D:008CH         PUBLIC        TH0
  D:008DH         PUBLIC        TH1
  D:0019H         PUBLIC        SysTick
  D:00CDH         PUBLIC        TH2
  D:001AH         PUBLIC        EnableTimer
  D:008AH         PUBLIC        TL0
  D:008BH         PUBLIC        TL1
  D:00CCH         PUBLIC        TL2
  B:0088H.4       PUBLIC        TR0
  B:0088H.6       PUBLIC        TR1
  C:7FD3H         PUBLIC        timer1_Isr
  C:7FECH         PUBLIC        timer2_Isr
  D:00C8H         PUBLIC        T2CON
  C:7F9EH         PUBLIC        _GetTimeOutFlag
  D:00CBH         PUBLIC        TRL2H
  D:00CAH         PUBLIC        TRL2L
  C:7D39H         PUBLIC        T0_Init
  C:7E88H         PUBLIC        T1_Init
  C:7F76H         PUBLIC        T2_Init
  -------         PROC          T0_INIT
  C:7D39H         LINE#         43
  C:7D39H         LINE#         44
  C:7D39H         LINE#         45
  C:7D3CH         LINE#         47
  C:7D3FH         LINE#         48
  C:7D41H         LINE#         49
  C:7D43H         LINE#         51
  C:7D45H         LINE#         52
  C:7D47H         LINE#         54
  C:7D4AH         LINE#         55
  C:7D4DH         LINE#         56
  C:7D50H         LINE#         57
BL51 BANKED LINKER/LOCATER V6.22                                                      06/30/2026  09:15:23  PAGE 19


  C:7D52H         LINE#         58
  C:7D54H         LINE#         59
  C:7D56H         LINE#         60
  -------         ENDPROC       T0_INIT
  -------         PROC          T0_ISR_PC
  -------         DO            
  D:001BH         SYMBOL        i
  -------         ENDDO         
  C:6F8FH         LINE#         71
  C:6F9CH         LINE#         75
  C:6F9EH         LINE#         76
  C:6FA1H         LINE#         77
  C:6FA4H         LINE#         78
  C:6FA6H         LINE#         80
  C:6FA9H         LINE#         81
  C:6FA9H         LINE#         82
  C:6FBFH         LINE#         83
  C:6FBFH         LINE#         84
  C:6FCDH         LINE#         85
  C:6FDBH         LINE#         86
  C:6FDBH         LINE#         87
  C:6FE9H         LINE#         88
  C:6FECH         LINE#         89
  C:6FECH         LINE#         90
  C:6FECH         LINE#         91
  C:6FF3H         LINE#         92
  C:6FF5H         LINE#         93
  -------         ENDPROC       T0_ISR_PC
  -------         PROC          T1_INIT
  C:7E88H         LINE#         96
  C:7E88H         LINE#         97
  C:7E88H         LINE#         98
  C:7E8BH         LINE#         100
  C:7E8EH         LINE#         101
  C:7E90H         LINE#         102
  C:7E92H         LINE#         103
  C:7E94H         LINE#         104
  C:7E97H         LINE#         105
  C:7E9AH         LINE#         106
  C:7E9DH         LINE#         107
  C:7E9FH         LINE#         108
  C:7EA1H         LINE#         109
  -------         ENDPROC       T1_INIT
  -------         PROC          TIMER1_ISR
  C:7FD3H         LINE#         111
  C:7FD3H         LINE#         113
  C:7FD5H         LINE#         114
  C:7FD8H         LINE#         115
  C:7FDBH         LINE#         116
  C:7FDDH         LINE#         117
  C:7FDFH         LINE#         118
  -------         ENDPROC       TIMER1_ISR
  -------         PROC          T2_INIT
  C:7F76H         LINE#         122
  C:7F76H         LINE#         123
  C:7F76H         LINE#         124
  C:7F79H         LINE#         126
BL51 BANKED LINKER/LOCATER V6.22                                                      06/30/2026  09:15:23  PAGE 20


  C:7F7CH         LINE#         127
  C:7F7FH         LINE#         128
  C:7F82H         LINE#         129
  C:7F84H         LINE#         130
  C:7F87H         LINE#         131
  C:7F89H         LINE#         132
  -------         ENDPROC       T2_INIT
  -------         PROC          TIMER2_ISR
  C:7FECH         LINE#         134
  C:7FECH         LINE#         136
  C:7FEEH         LINE#         137
  C:7FF0H         LINE#         138
  C:7FF2H         LINE#         139
  C:7FF4H         LINE#         140
  -------         ENDPROC       TIMER2_ISR
  -------         PROC          _STARTTIMER
  D:0007H         SYMBOL        ID
  D:0004H         SYMBOL        nTime
  C:7CF8H         LINE#         155
  C:7CF8H         LINE#         156
  C:7CF8H         LINE#         157
  C:7CFAH         LINE#         158
  C:7D08H         LINE#         159
  C:7D13H         LINE#         160
  C:7D17H         LINE#         161
  C:7D19H         LINE#         162
  -------         ENDPROC       _STARTTIMER
  -------         PROC          _KILLTIMER
  D:0007H         SYMBOL        ID
  C:7F4CH         LINE#         175
  C:7F4CH         LINE#         176
  C:7F4CH         LINE#         177
  C:7F4EH         LINE#         178
  C:7F5CH         LINE#         179
  C:7F5EH         LINE#         180
  C:7F60H         LINE#         181
  -------         ENDPROC       _KILLTIMER
  -------         PROC          _GETTIMEOUTFLAG
  D:0007H         SYMBOL        ID
  -------         DO            
  D:0007H         SYMBOL        flag
  -------         ENDDO         
  C:7F9EH         LINE#         193
  C:7F9EH         LINE#         194
  C:7F9EH         LINE#         196
  C:7FA0H         LINE#         197
  C:7FAEH         LINE#         198
  C:7FB0H         LINE#         199
  C:7FB0H         LINE#         201
  -------         ENDPROC       _GETTIMEOUTFLAG
  -------         ENDMOD        TIMER

  -------         MODULE        UART
  C:0000H         SYMBOL        _ICE_DUMMY_
  D:0080H         PUBLIC        P0
  C:6D7DH         PUBLIC        uart2_Isr
  C:6B2EH         PUBLIC        uart3_Isr
BL51 BANKED LINKER/LOCATER V6.22                                                      06/30/2026  09:15:23  PAGE 21


  B:00A8H.7       PUBLIC        EA
  X:8000H         PUBLIC        Uart_Struct
  D:00A8H         PUBLIC        IEN0
  D:00B8H         PUBLIC        IEN1
  D:009AH         PUBLIC        IEN2
  D:00BAH         PUBLIC        SREL0H
  D:00BBH         PUBLIC        SREL1H
  D:00AAH         PUBLIC        SREL0L
  C:755FH         PUBLIC        _UartInit
  D:009DH         PUBLIC        SREL1L
  D:0097H         PUBLIC        SCON2R
  D:00D9H         PUBLIC        BODE2_DIV_H
  D:00ABH         PUBLIC        SCON3R
  D:00AEH         PUBLIC        BODE3_DIV_H
  D:0096H         PUBLIC        SCON2T
  D:00A7H         PUBLIC        SCON3T
  D:00E7H         PUBLIC        BODE2_DIV_L
  D:00AFH         PUBLIC        BODE3_DIV_L
  D:00C9H         PUBLIC        MUX_SEL
  B:00A8H.4       PUBLIC        ES0
  B:0098H.0       PUBLIC        RI0
  B:0098H.1       PUBLIC        TI0
  D:0099H         PUBLIC        SBUF0
  D:009CH         PUBLIC        SBUF1
  D:0098H         PUBLIC        SCON0
  D:009BH         PUBLIC        SCON1
  C:7604H         PUBLIC        _UART2_Init
  D:00D8H         PUBLIC        ADCON
  C:7737H         PUBLIC        _UART3_Init
  C:52ABH         PUBLIC        _Uart_Send_Data
  C:79F4H         PUBLIC        _UART4_Init
  C:7CADH         PUBLIC        _UART5_Init
  D:009FH         PUBLIC        SBUF2_RX
  D:00ADH         PUBLIC        SBUF3_RX
  D:009EH         PUBLIC        SBUF2_TX
  D:00ACH         PUBLIC        SBUF3_TX
  C:7810H         PUBLIC        uart4r_Isr
  C:7857H         PUBLIC        uart5r_Isr
  C:72E3H         PUBLIC        uart4t_Isr
  C:7343H         PUBLIC        uart5t_Isr
  -------         PROC          _UART2_INIT
  D:0004H         SYMBOL        bdt
  -------         DO            
  X:C2CFH         SYMBOL        tmp
  -------         ENDDO         
  C:7604H         LINE#         36
  C:7604H         LINE#         37
  C:7604H         LINE#         39
  C:7625H         LINE#         40
  C:7628H         LINE#         41
  C:762FH         LINE#         42
  C:7636H         LINE#         43
  C:7639H         LINE#         44
  C:763CH         LINE#         45
  C:763FH         LINE#         46
  C:764AH         LINE#         47
  C:764CH         LINE#         48
BL51 BANKED LINKER/LOCATER V6.22                                                      06/30/2026  09:15:23  PAGE 22


  C:764FH         LINE#         49
  C:7651H         LINE#         60
  -------         ENDPROC       _UART2_INIT
  -------         PROC          _UART3_INIT
  D:0004H         SYMBOL        bdt
  -------         DO            
  X:C2CFH         SYMBOL        tmp
  -------         ENDDO         
  C:7737H         LINE#         75
  C:7737H         LINE#         76
  C:7737H         LINE#         78
  C:7758H         LINE#         80
  C:775BH         LINE#         82
  C:7762H         LINE#         83
  C:7769H         LINE#         84
  C:776CH         LINE#         86
  C:776FH         LINE#         87
  C:777AH         LINE#         88
  C:777CH         LINE#         89
  C:777FH         LINE#         99
  -------         ENDPROC       _UART3_INIT
  -------         PROC          _UART4_INIT
  D:0004H         SYMBOL        bdt
  -------         DO            
  D:0004H         SYMBOL        tmp
  -------         ENDDO         
  C:79F4H         LINE#         114
  C:79F4H         LINE#         115
  C:79F4H         LINE#         117
  C:79F7H         LINE#         118
  C:79FAH         LINE#         119
  C:7A11H         LINE#         120
  C:7A14H         LINE#         121
  C:7A18H         LINE#         123
  C:7A1BH         LINE#         128
  C:7A22H         LINE#         129
  C:7A26H         LINE#         130
  C:7A2AH         LINE#         131
  C:7A30H         LINE#         132
  C:7A34H         LINE#         133
  -------         ENDPROC       _UART4_INIT
  -------         PROC          _UART5_INIT
  D:0004H         SYMBOL        bdt
  -------         DO            
  D:0004H         SYMBOL        tmp
  -------         ENDDO         
  C:7CADH         LINE#         148
  C:7CADH         LINE#         149
  C:7CADH         LINE#         151
  C:7CB0H         LINE#         152
  C:7CB3H         LINE#         154
  C:7CCAH         LINE#         155
  C:7CCDH         LINE#         156
  C:7CD1H         LINE#         158
  C:7CD4H         LINE#         168
  -------         ENDPROC       _UART5_INIT
  -------         PROC          _UARTINIT
BL51 BANKED LINKER/LOCATER V6.22                                                      06/30/2026  09:15:23  PAGE 23


  D:0007H         SYMBOL        UartPort
  X:C2CBH         SYMBOL        bdt
  C:755FH         LINE#         170
  C:755FH         LINE#         171
  C:755FH         LINE#         172
  C:756DH         LINE#         173
  C:756DH         LINE#         174
  C:756DH         LINE#         175
  C:757EH         LINE#         176
  C:757EH         LINE#         177
  C:757EH         LINE#         178
  C:758FH         LINE#         179
  C:758FH         LINE#         180
  C:758FH         LINE#         181
  C:75A0H         LINE#         182
  C:75A0H         LINE#         183
  C:75A0H         LINE#         184
  C:75B1H         LINE#         185
  C:75B1H         LINE#         186
  C:75B1H         LINE#         187
  C:75B1H         LINE#         188
  C:75B1H         LINE#         189
  -------         ENDPROC       _UARTINIT
  -------         PROC          _UART_SEND_DATA
  X:C2CAH         SYMBOL        str
  X:C2CBH         SYMBOL        len
  X:C2CDH         SYMBOL        buf
  -------         DO            
  X:C2D0H         SYMBOL        i
  -------         ENDDO         
  C:52ABH         LINE#         201
  C:52BFH         LINE#         202
  C:52BFH         LINE#         205
  C:52C1H         LINE#         206
  C:52DEH         LINE#         207
  C:52DEH         LINE#         208
  C:5337H         LINE#         209
  C:5356H         LINE#         210
  C:5372H         LINE#         211
  C:5383H         LINE#         212
  C:539AH         LINE#         213
  C:539AH         LINE#         214
  C:539AH         LINE#         215
  C:53A3H         LINE#         216
  C:53A3H         LINE#         220
  C:53A5H         LINE#         221
  C:53B8H         LINE#         222
  C:53C6H         LINE#         223
  C:53C9H         LINE#         224
  C:53C9H         LINE#         225
  C:53CCH         LINE#         226
  C:53CCH         LINE#         227
  C:53D5H         LINE#         228
  C:53D5H         LINE#         232
  C:53D7H         LINE#         233
  C:53EAH         LINE#         234
  C:53F8H         LINE#         235
BL51 BANKED LINKER/LOCATER V6.22                                                      06/30/2026  09:15:23  PAGE 24


  C:53FBH         LINE#         236
  C:53FBH         LINE#         237
  C:53FDH         LINE#         238
  C:53FDH         LINE#         239
  C:5403H         LINE#         240
  C:5403H         LINE#         244
  C:5405H         LINE#         245
  C:5418H         LINE#         246
  C:5426H         LINE#         247
  C:5429H         LINE#         248
  C:5429H         LINE#         249
  C:542BH         LINE#         250
  C:542BH         LINE#         251
  C:5431H         LINE#         252
  C:5431H         LINE#         256
  C:5433H         LINE#         257
  C:5446H         LINE#         258
  C:5454H         LINE#         259
  C:545BH         LINE#         260
  C:545BH         LINE#         261
  C:545BH         LINE#         262
  C:545BH         LINE#         263
  C:545BH         LINE#         264
  C:545BH         LINE#         265
  C:545DH         LINE#         266
  -------         ENDPROC       _UART_SEND_DATA
  -------         PROC          UART2_ISR
  C:6D7DH         LINE#         268
  C:6D8CH         LINE#         270
  C:6D8EH         LINE#         271
  C:6D91H         LINE#         272
  C:6D91H         LINE#         273
  C:6D93H         LINE#         274
  C:6DA6H         LINE#         275
  C:6DB4H         LINE#         276
  C:6DBBH         LINE#         277
  C:6DBBH         LINE#         278
  C:6DBEH         LINE#         279
  C:6DBEH         LINE#         280
  C:6DC0H         LINE#         281
  C:6DD4H         LINE#         282
  C:6DD4H         LINE#         283
  C:6DE1H         LINE#         284
  C:6DEFH         LINE#         285
  C:6DF6H         LINE#         286
  C:6DF8H         LINE#         288
  C:6DF8H         LINE#         289
  C:6DFDH         LINE#         293
  C:6DFDH         LINE#         294
  C:6DFDH         LINE#         295
  C:6DFFH         LINE#         296
  -------         ENDPROC       UART2_ISR
  -------         PROC          UART4T_ISR
  C:72E3H         LINE#         298
  C:72F2H         LINE#         300
  C:72F4H         LINE#         301
  C:72F7H         LINE#         302
BL51 BANKED LINKER/LOCATER V6.22                                                      06/30/2026  09:15:23  PAGE 25


  C:730BH         LINE#         303
  C:730BH         LINE#         304
  C:7318H         LINE#         305
  C:7326H         LINE#         306
  C:732DH         LINE#         307
  C:732FH         LINE#         309
  C:732FH         LINE#         310
  C:7334H         LINE#         314
  C:7334H         LINE#         315
  C:7336H         LINE#         316
  -------         ENDPROC       UART4T_ISR
  -------         PROC          UART4R_ISR
  C:7810H         LINE#         318
  C:781DH         LINE#         320
  C:781FH         LINE#         321
  C:7822H         LINE#         322
  C:7835H         LINE#         323
  C:7843H         LINE#         324
  C:784AH         LINE#         325
  C:784CH         LINE#         326
  -------         ENDPROC       UART4R_ISR
  -------         PROC          UART5T_ISR
  C:7343H         LINE#         328
  C:7352H         LINE#         330
  C:7354H         LINE#         331
  C:7357H         LINE#         332
  C:736BH         LINE#         333
  C:736BH         LINE#         334
  C:7378H         LINE#         335
  C:7386H         LINE#         336
  C:738DH         LINE#         337
  C:738FH         LINE#         339
  C:738FH         LINE#         340
  C:7394H         LINE#         344
  C:7394H         LINE#         345
  C:7396H         LINE#         346
  -------         ENDPROC       UART5T_ISR
  -------         PROC          UART5R_ISR
  C:7857H         LINE#         348
  C:7864H         LINE#         350
  C:7866H         LINE#         351
  C:7869H         LINE#         352
  C:787CH         LINE#         353
  C:788AH         LINE#         354
  C:7891H         LINE#         355
  C:7893H         LINE#         356
  -------         ENDPROC       UART5R_ISR
  -------         PROC          UART3_ISR
  C:6B2EH         LINE#         358
  C:6B3DH         LINE#         360
  C:6B3FH         LINE#         361
  C:6B44H         LINE#         362
  C:6B44H         LINE#         363
  C:6B47H         LINE#         364
  C:6B4AH         LINE#         365
  C:6B5DH         LINE#         366
  C:6B6BH         LINE#         367
BL51 BANKED LINKER/LOCATER V6.22                                                      06/30/2026  09:15:23  PAGE 26


  C:6B72H         LINE#         368
  C:6B72H         LINE#         369
  C:6B77H         LINE#         370
  C:6B77H         LINE#         371
  C:6B7AH         LINE#         372
  C:6B7DH         LINE#         373
  C:6B91H         LINE#         374
  C:6B91H         LINE#         375
  C:6B9EH         LINE#         376
  C:6BACH         LINE#         377
  C:6BB3H         LINE#         378
  C:6BB5H         LINE#         380
  C:6BB5H         LINE#         381
  C:6BBAH         LINE#         385
  C:6BBAH         LINE#         386
  C:6BBAH         LINE#         387
  C:6BBCH         LINE#         388
  -------         ENDPROC       UART3_ISR
  -------         ENDMOD        UART

  -------         MODULE        DEBUG
  C:0000H         SYMBOL        _ICE_DUMMY_
  D:00B8H         PUBLIC        IEN1
  C:7FFBH         PUBLIC        abort
  C:7CD5H         PUBLIC        _mylog
  D:0097H         PUBLIC        SCON2R
  D:00D9H         PUBLIC        BODE2_DIV_H
  D:0096H         PUBLIC        SCON2T
  D:00E7H         PUBLIC        BODE2_DIV_L
  C:7F61H         PUBLIC        initDebugUart
  X:BA29H         PUBLIC        logbuff
  D:009EH         PUBLIC        SBUF2_TX
  -------         PROC          INITDEBUGUART
  -------         DO            
  D:0004H         SYMBOL        tmp
  -------         ENDDO         
  C:7F61H         LINE#         18
  C:7F61H         LINE#         19
  C:7F61H         LINE#         48
  C:7F64H         LINE#         49
  C:7F67H         LINE#         50
  C:7F69H         LINE#         51
  C:7F6CH         LINE#         52
  C:7F6FH         LINE#         53
  C:7F72H         LINE#         54
  C:7F75H         LINE#         60
  -------         ENDPROC       INITDEBUGUART
  -------         PROC          _MYLOG
  X:C302H         SYMBOL        fmt
  -------         DO            
  X:C305H         SYMBOL        ellipsis_40
  X:C32DH         SYMBOL        args
  -------         ENDDO         
  C:7CD5H         LINE#         96
  C:7CE0H         LINE#         97
  C:7CE0H         LINE#         99
  C:7CEEH         LINE#         116
BL51 BANKED LINKER/LOCATER V6.22                                                      06/30/2026  09:15:23  PAGE 27


  C:7CF7H         LINE#         117
  -------         ENDPROC       _MYLOG
  -------         PROC          ABORT
  C:7FFBH         LINE#         143
  C:7FFBH         LINE#         144
  C:7FFBH         LINE#         146
  C:7FFBH         LINE#         147
  C:7FFBH         LINE#         148
  -------         ENDPROC       ABORT
  -------         ENDMOD        DEBUG

  -------         MODULE        MAIN
  C:0000H         SYMBOL        _ICE_DUMMY_
  D:0090H         PUBLIC        P1
  B:00A8H.7       PUBLIC        EA
  X:C442H         SYMBOL        system_ready
  C:6668H         PUBLIC        main
  -------         PROC          MAIN
  -------         DO            
  X:C2C4H         SYMBOL        state
  X:C2C6H         SYMBOL        page_number
  X:C2C7H         SYMBOL        did_first_page
  X:C2C8H         SYMBOL        flag
  -------         ENDDO         
  C:6668H         LINE#         29
  C:6668H         LINE#         30
  C:6668H         LINE#         32
  C:666EH         LINE#         33
  C:6671H         LINE#         34
  C:6677H         LINE#         35
  C:667AH         LINE#         36
  C:667DH         LINE#         37
  C:6680H         LINE#         38
  C:6687H         LINE#         39
  C:6690H         LINE#         40
  C:6699H         LINE#         41
  C:669CH         LINE#         43
  C:669EH         LINE#         44
  C:66A6H         LINE#         45
  C:66A9H         LINE#         47
  C:66B2H         LINE#         49
  C:66C7H         LINE#         50
  C:66DCH         LINE#         53
  C:66DCH         LINE#         54
  C:66DCH         LINE#         55
  C:66DFH         LINE#         56
  C:66F1H         LINE#         57
  C:66F9H         LINE#         58
  C:66FEH         LINE#         59
  C:6702H         LINE#         60
  C:6702H         LINE#         61
  C:670CH         LINE#         62
  C:670FH         LINE#         63
  C:6712H         LINE#         64
  C:671DH         LINE#         65
  C:6720H         LINE#         66
  C:6726H         LINE#         67
BL51 BANKED LINKER/LOCATER V6.22                                                      06/30/2026  09:15:23  PAGE 28


  C:6726H         LINE#         68
  C:6728H         LINE#         70
  C:6728H         LINE#         71
  -------         ENDPROC       MAIN
  -------         ENDMOD        MAIN

  -------         MODULE        UI
  C:0000H         SYMBOL        _ICE_DUMMY_
  X:C1C4H         SYMBOL        check_addr
  X:C1C6H         PUBLIC        Page
  X:C200H         SYMBOL        second
  X:C202H         SYMBOL        read500_enable
  X:C203H         SYMBOL        page24_flag
  X:C205H         SYMBOL        recoll_value
  X:C207H         SYMBOL        TT10
  C:6A91H         PUBLIC        _Picture1_Temp
  X:C209H         SYMBOL        page_number
  X:C20AH         SYMBOL        check_count
  X:C20CH         SYMBOL        g_cnt_value
  C:7467H         SYMBOL        _ShowMMSS2
  X:C20EH         SYMBOL        sec_active
  C:5610H         PUBLIC        Picture1213_Init
  X:C20FH         SYMBOL        timer
  X:C211H         SYMBOL        BT100
  X:C213H         SYMBOL        error_flag
  X:C215H         SYMBOL        timer_keep
  X:C217H         SYMBOL        start_flag
  C:0100H         PUBLIC        _encoder_page_change
  X:C219H         SYMBOL        press
  C:7ED6H         SYMBOL        _ChangeImage
  C:69EDH         PUBLIC        _SettingHundred
  C:7B64H         PUBLIC        SecCnt_Start
  X:C21BH         SYMBOL        time_result
  C:45D3H         PUBLIC        _select_num
  X:C21DH         SYMBOL        BC1
  X:C21FH         SYMBOL        ones
  C:7DE7H         SYMBOL        _SetTextColorBlack
  C:6209H         PUBLIC        _QuickSettingTextSet
  X:C22FH         SYMBOL        TT100
  X:C231H         SYMBOL        tens
  X:C241H         SYMBOL        sec_value
  X:C243H         SYMBOL        ui_poll_enable
  X:C244H         SYMBOL        min
  X:C246H         SYMBOL        BT1
  C:79B2H         PUBLIC        SecCnt_TickTask
  X:C248H         SYMBOL        TC1
  C:7F21H         PUBLIC        SecCnt_Stop
  C:7B2FH         PUBLIC        _Page_Change_Handler
  X:C24AH         PUBLIC        page_set
  C:75B2H         PUBLIC        Page21InIt
  X:C24EH         SYMBOL        TT1
  C:7D1EH         SYMBOL        _SetTextColorYellow
  C:7D97H         SYMBOL        _SetTextColorWhite
  X:C250H         SYMBOL        check_active
  X:C251H         SYMBOL        hundreds
  C:7E02H         PUBLIC        _SetTextColorBlue
  C:7652H         SYMBOL        _ShowMMSS
BL51 BANKED LINKER/LOCATER V6.22                                                      06/30/2026  09:15:23  PAGE 29


  X:C261H         SYMBOL        BC10
  C:714EH         PUBLIC        write_dgus_vp_check
  C:7E1DH         PUBLIC        _SetTextColorGray
  X:C263H         SYMBOL        g_cnt_active
  C:6E14H         PUBLIC        _Page21Functioning
  C:7AFBH         PUBLIC        _check_Start
  X:C264H         SYMBOL        elapsed_time
  C:7281H         PUBLIC        _SettingTime
  X:C266H         SYMBOL        deleay_flag
  C:7DCCH         SYMBOL        _SetTextColorRed
  X:C267H         SYMBOL        BT10
  X:C269H         SYMBOL        TC10
  C:7FE0H         PUBLIC        check_End
  X:C26BH         SYMBOL        legacy_value
  C:7FF5H         PUBLIC        UI_Read500ms_Stop
  C:7AF1H         SYMBOL        L?0954
  -------         PROC          L?0953
  -------         ENDPROC       L?0953
  C:7AF1H         SYMBOL        L?0954
  -------         PROC          _CHECK_START
  D:0006H         SYMBOL        addr
  D:0004H         SYMBOL        velue
  C:7AFBH         LINE#         118
  C:7AFBH         LINE#         119
  C:7B03H         LINE#         120
  C:7B0BH         LINE#         121
  C:7B11H         LINE#         122
  C:7B21H         LINE#         123
  -------         ENDPROC       _CHECK_START
  -------         PROC          CHECK_END
  C:7FE0H         LINE#         126
  C:7FE0H         LINE#         127
  C:7FE5H         LINE#         128
  C:7FEBH         LINE#         129
  -------         ENDPROC       CHECK_END
  -------         PROC          WRITE_DGUS_VP_CHECK
  C:714EH         LINE#         131
  C:714EH         LINE#         132
  C:7154H         LINE#         133
  C:715CH         LINE#         134
  C:7175H         LINE#         135
  C:718CH         LINE#         136
  C:718FH         LINE#         137
  C:719EH         LINE#         138
  C:71A9H         LINE#         139
  C:71B7H         LINE#         140
  C:71B7H         LINE#         141
  C:71B7H         LINE#         142
  -------         ENDPROC       WRITE_DGUS_VP_CHECK
  -------         PROC          _SETTEXTCOLORRED
  D:0006H         SYMBOL        sp_addr
  -------         DO            
  X:C444H         SYMBOL        color
  -------         ENDDO         
  C:7DCCH         LINE#         145
  C:7DCCH         LINE#         146
  C:7DD6H         LINE#         147
BL51 BANKED LINKER/LOCATER V6.22                                                      06/30/2026  09:15:23  PAGE 30


  -------         ENDPROC       _SETTEXTCOLORRED
  -------         PROC          _SETTEXTCOLORBLACK
  D:0006H         SYMBOL        sp_addr
  -------         DO            
  X:C2F0H         SYMBOL        color
  -------         ENDDO         
  C:7DE7H         LINE#         150
  C:7DE7H         LINE#         151
  C:7DF1H         LINE#         152
  -------         ENDPROC       _SETTEXTCOLORBLACK
  C:7D1AH         SYMBOL        L?0958
  -------         PROC          L?0957
  -------         ENDPROC       L?0957
  C:7D1AH         SYMBOL        L?0958
  -------         PROC          _SETTEXTCOLORYELLOW
  D:0006H         SYMBOL        sp_addr
  -------         DO            
  X:C2F0H         SYMBOL        color
  -------         ENDDO         
  C:7D1EH         LINE#         155
  C:7D1EH         LINE#         156
  C:7D28H         LINE#         157
  -------         ENDPROC       _SETTEXTCOLORYELLOW
  -------         PROC          _SETTEXTCOLORBLUE
  D:0006H         SYMBOL        sp_addr
  -------         DO            
  X:C2F0H         SYMBOL        color
  -------         ENDDO         
  C:7E02H         LINE#         160
  C:7E02H         LINE#         161
  C:7E0CH         LINE#         162
  -------         ENDPROC       _SETTEXTCOLORBLUE
  -------         PROC          _SETTEXTCOLORGRAY
  D:0006H         SYMBOL        sp_addr
  -------         DO            
  X:C446H         SYMBOL        color
  -------         ENDDO         
  C:7E1DH         LINE#         165
  C:7E1DH         LINE#         166
  C:7E27H         LINE#         167
  -------         ENDPROC       _SETTEXTCOLORGRAY
  C:7D93H         SYMBOL        L?0960
  -------         PROC          L?0959
  -------         ENDPROC       L?0959
  C:7D93H         SYMBOL        L?0960
  -------         PROC          _SETTEXTCOLORWHITE
  D:0006H         SYMBOL        sp_addr
  -------         DO            
  X:C2F0H         SYMBOL        color
  -------         ENDDO         
  C:7D97H         LINE#         170
  C:7D97H         LINE#         171
  C:7D9FH         LINE#         172
  -------         ENDPROC       _SETTEXTCOLORWHITE
  -------         PROC          UI_READ500MS_STOP
  C:7FF5H         LINE#         175
  C:7FF5H         LINE#         176
BL51 BANKED LINKER/LOCATER V6.22                                                      06/30/2026  09:15:23  PAGE 31


  C:7FFAH         LINE#         177
  -------         ENDPROC       UI_READ500MS_STOP
  -------         PROC          _SETTINGHUNDRED
  X:C380H         SYMBOL        addr_h
  X:C382H         SYMBOL        addr_t
  X:C384H         SYMBOL        addr_o
  X:C386H         SYMBOL        result
  -------         DO            
  X:C388H         SYMBOL        h
  X:C38AH         SYMBOL        t
  X:C38CH         SYMBOL        o
  -------         ENDDO         
  C:69EDH         LINE#         182
  C:6A01H         LINE#         183
  C:6A17H         LINE#         184
  C:6A2FH         LINE#         185
  C:6A46H         LINE#         187
  C:6A5FH         LINE#         188
  C:6A78H         LINE#         189
  -------         ENDPROC       _SETTINGHUNDRED
  -------         PROC          _SETTINGTIME
  X:C3D4H         SYMBOL        addr_m
  X:C3D6H         SYMBOL        addr_s
  D:0002H         SYMBOL        time
  -------         DO            
  X:C3D8H         SYMBOL        m
  X:C3DAH         SYMBOL        s
  -------         ENDDO         
  C:7281H         LINE#         192
  C:728FH         LINE#         193
  C:72A0H         LINE#         194
  C:72B1H         LINE#         196
  C:72CAH         LINE#         197
  -------         ENDPROC       _SETTINGTIME
  -------         PROC          _PICTURE1_TEMP
  X:C418H         SYMBOL        n
  -------         DO            
  X:C41AH         SYMBOL        x
  X:C41CH         SYMBOL        y
  -------         ENDDO         
  C:6A91H         LINE#         202
  C:6A99H         LINE#         203
  C:6AA3H         LINE#         205
  C:6AB7H         LINE#         206
  C:6ACCH         LINE#         208
  C:6ADEH         LINE#         209
  C:6ADEH         LINE#         210
  C:6AF3H         LINE#         211
  C:6B03H         LINE#         212
  C:6B05H         LINE#         214
  C:6B05H         LINE#         215
  C:6B19H         LINE#         216
  C:6B2DH         LINE#         217
  C:6B2DH         LINE#         218
  C:6B2DH         LINE#         219
  -------         ENDPROC       _PICTURE1_TEMP
  -------         PROC          _QUICKSETTINGTEXTSET
BL51 BANKED LINKER/LOCATER V6.22                                                      06/30/2026  09:15:23  PAGE 32


  D:0006H         SYMBOL        count
  X:C2EEH         SYMBOL        select_position
  C:6209H         LINE#         221
  C:6211H         LINE#         222
  C:622CH         LINE#         223
  C:622CH         LINE#         224
  C:6242H         LINE#         225
  C:6242H         LINE#         226
  C:6245H         LINE#         227
  C:624CH         LINE#         228
  C:624EH         LINE#         229
  C:6250H         LINE#         230
  C:6250H         LINE#         231
  C:6253H         LINE#         232
  C:625AH         LINE#         233
  C:625AH         LINE#         234
  C:625CH         LINE#         235
  C:625CH         LINE#         236
  C:6263H         LINE#         237
  C:626AH         LINE#         238
  C:626AH         LINE#         240
  C:626CH         LINE#         242
  C:626CH         LINE#         243
  C:626FH         LINE#         244
  C:6276H         LINE#         245
  C:6278H         LINE#         246
  C:627AH         LINE#         247
  C:627AH         LINE#         248
  C:627AH         LINE#         250
  C:627AH         LINE#         251
  C:627CH         LINE#         252
  C:627FH         LINE#         254
  C:627FH         LINE#         255
  C:6295H         LINE#         256
  C:6295H         LINE#         257
  C:629CH         LINE#         258
  C:62A3H         LINE#         259
  C:62A7H         LINE#         260
  C:62A9H         LINE#         261
  C:62A9H         LINE#         262
  C:62B0H         LINE#         263
  C:62B7H         LINE#         264
  C:62B9H         LINE#         265
  C:62BBH         LINE#         266
  C:62BBH         LINE#         267
  C:62C2H         LINE#         268
  C:62C9H         LINE#         269
  C:62CBH         LINE#         270
  C:62CDH         LINE#         271
  C:62CDH         LINE#         272
  C:62D4H         LINE#         273
  C:62DBH         LINE#         274
  C:62DFH         LINE#         275
  C:62E1H         LINE#         276
  C:62E1H         LINE#         277
  C:62E1H         LINE#         278
  C:62E1H         LINE#         279
BL51 BANKED LINKER/LOCATER V6.22                                                      06/30/2026  09:15:23  PAGE 33


  C:62F3H         LINE#         280
  C:62F3H         LINE#         281
  C:62FAH         LINE#         282
  C:62FEH         LINE#         283
  C:6300H         LINE#         284
  C:6300H         LINE#         285
  C:6307H         LINE#         286
  C:630EH         LINE#         287
  C:630EH         LINE#         288
  C:630EH         LINE#         289
  C:6315H         LINE#         290
  C:631CH         LINE#         291
  C:631CH         LINE#         292
  C:631CH         LINE#         293
  C:631CH         LINE#         294
  C:631CH         LINE#         297
  -------         ENDPROC       _QUICKSETTINGTEXTSET
  C:45C9H         SYMBOL        L?0951
  -------         PROC          L?0950
  -------         ENDPROC       L?0950
  C:45C9H         SYMBOL        L?0951
  -------         PROC          _SELECT_NUM
  D:0006H         SYMBOL        page
  X:C2EEH         SYMBOL        count
  C:45D3H         LINE#         299
  C:45DBH         LINE#         300
  C:461BH         LINE#         301
  C:461BH         LINE#         302
  C:4625H         LINE#         303
  C:462CH         LINE#         304
  C:4633H         LINE#         305
  C:463AH         LINE#         306
  C:4648H         LINE#         307
  C:464FH         LINE#         308
  C:4656H         LINE#         309
  C:4656H         LINE#         310
  C:4668H         LINE#         311
  C:466BH         LINE#         312
  C:466BH         LINE#         313
  C:466BH         LINE#         314
  C:466DH         LINE#         315
  C:4670H         LINE#         316
  C:4677H         LINE#         317
  C:467EH         LINE#         318
  C:467EH         LINE#         320
  C:468AH         LINE#         321
  C:468CH         LINE#         322
  C:468EH         LINE#         323
  C:4693H         LINE#         324
  C:4693H         LINE#         325
  C:4696H         LINE#         327
  C:4696H         LINE#         328
  C:46A0H         LINE#         329
  C:46A7H         LINE#         330
  C:46AEH         LINE#         332
  C:46BCH         LINE#         333
  C:46C3H         LINE#         334
BL51 BANKED LINKER/LOCATER V6.22                                                      06/30/2026  09:15:23  PAGE 34


  C:46C3H         LINE#         335
  C:46D1H         LINE#         336
  C:46D8H         LINE#         337
  C:46DFH         LINE#         338
  C:46DFH         LINE#         340
  C:46EBH         LINE#         341
  C:46EDH         LINE#         342
  C:46EFH         LINE#         343
  C:46F4H         LINE#         344
  C:46F4H         LINE#         345
  C:46F7H         LINE#         347
  C:46F7H         LINE#         348
  C:4701H         LINE#         349
  C:4708H         LINE#         350
  C:470FH         LINE#         351
  C:4716H         LINE#         352
  C:4724H         LINE#         353
  C:472BH         LINE#         354
  C:4732H         LINE#         355
  C:4732H         LINE#         356
[...]
  C:6341H         LINE#         46
  C:6346H         LINE#         48
  C:634FH         LINE#         49
  C:6352H         LINE#         51
  C:6352H         LINE#         52
  C:6380H         LINE#         53
  C:63A8H         LINE#         56
  C:63B3H         LINE#         57
  C:63B3H         LINE#         58
  C:63CEH         LINE#         59
  C:63DFH         LINE#         60
  C:63DFH         LINE#         61
  C:63F3H         LINE#         62
  C:63F3H         LINE#         63
  C:63F6H         LINE#         65
  C:6401H         LINE#         66
  -------         ENDPROC       _HEX_INPUT_TO_ASCII
  -------         PROC          _HEXTOASCII
  D:0007H         SYMBOL        str
  -------         DO            
  D:0006H         SYMBOL        high4bit
  D:0005H         SYMBOL        low4bit
  D:0006H         SYMBOL        result
  -------         ENDDO         
  C:7C45H         LINE#         69
  C:7C45H         LINE#         70
  C:7C45H         LINE#         74
  C:7C4CH         LINE#         75
  C:7C50H         LINE#         76
  C:7C57H         LINE#         77
  C:7C57H         LINE#         78
  C:7C5CH         LINE#         79
BL51 BANKED LINKER/LOCATER V6.22                                                      06/30/2026  09:15:23  PAGE 83


  C:7C5EH         LINE#         81
  C:7C5EH         LINE#         82
  C:7C61H         LINE#         83
  C:7C61H         LINE#         84
  C:7C68H         LINE#         85
  C:7C68H         LINE#         86
  C:7C6DH         LINE#         87
  C:7C6FH         LINE#         89
  C:7C6FH         LINE#         90
  C:7C72H         LINE#         91
  C:7C72H         LINE#         92
  C:7C74H         LINE#         93
  C:7C76H         LINE#         94
  C:7C78H         LINE#         95
  C:7C78H         LINE#         96
  -------         ENDPROC       _HEXTOASCII
  -------         PROC          _HEXTOASCIISMALL
  D:0007H         SYMBOL        str
  -------         DO            
  D:0006H         SYMBOL        high4bit
  D:0005H         SYMBOL        low4bit
  D:0006H         SYMBOL        result
  -------         ENDDO         
  C:7C79H         LINE#         99
  C:7C79H         LINE#         100
  C:7C79H         LINE#         104
  C:7C80H         LINE#         105
  C:7C84H         LINE#         106
  C:7C8BH         LINE#         107
  C:7C8BH         LINE#         108
  C:7C90H         LINE#         109
  C:7C92H         LINE#         111
  C:7C92H         LINE#         112
  C:7C95H         LINE#         113
  C:7C95H         LINE#         114
  C:7C9CH         LINE#         115
  C:7C9CH         LINE#         116
  C:7CA1H         LINE#         117
  C:7CA3H         LINE#         119
  C:7CA3H         LINE#         120
  C:7CA6H         LINE#         121
  C:7CA6H         LINE#         122
  C:7CA8H         LINE#         123
  C:7CAAH         LINE#         124
  C:7CACH         LINE#         125
  C:7CACH         LINE#         126
  -------         ENDPROC       _HEXTOASCIISMALL
  -------         PROC          _GETCHARVALUE
  X:C3C2H         SYMBOL        sourceTxt
  X:C3C5H         SYMBOL        value
  -------         DO            
  X:C3C8H         SYMBOL        i
  X:C3C9H         SYMBOL        tmp
  -------         ENDDO         
  C:64DDH         LINE#         129
  C:64E8H         LINE#         130
  C:64E8H         LINE#         134
BL51 BANKED LINKER/LOCATER V6.22                                                      06/30/2026  09:15:23  PAGE 84


  C:64F7H         LINE#         135
  C:64F7H         LINE#         136
  C:6516H         LINE#         137
  C:6516H         LINE#         138
  C:651EH         LINE#         139
  C:6525H         LINE#         140
  C:652FH         LINE#         141
  C:652FH         LINE#         142
  C:654EH         LINE#         143
  C:654EH         LINE#         144
  C:6565H         LINE#         145
  C:6584H         LINE#         146
  C:6584H         LINE#         148
  C:6584H         LINE#         149
  C:658CH         LINE#         150
  -------         ENDPROC       _GETCHARVALUE
  -------         PROC          _GETCHARVALUEASCII
  X:C41EH         SYMBOL        sourceTxt
  X:C421H         SYMBOL        ascii
  -------         DO            
  D:0007H         SYMBOL        i
  -------         ENDDO         
  C:70E0H         LINE#         154
  C:70EBH         LINE#         155
  C:70EBH         LINE#         157
  C:70EDH         LINE#         158
  C:70EDH         LINE#         159
  C:710CH         LINE#         160
  C:710CH         LINE#         161
  C:7111H         LINE#         162
  C:7117H         LINE#         163
  C:7117H         LINE#         164
  C:7136H         LINE#         165
  C:7136H         LINE#         166
  C:714AH         LINE#         167
  C:714AH         LINE#         169
  C:714AH         LINE#         170
  C:714DH         LINE#         171
  -------         ENDPROC       _GETCHARVALUEASCII
  -------         PROC          _GETCHARASCII
  X:C424H         SYMBOL        sourceTxt
  X:C427H         SYMBOL        ascii
  -------         DO            
  D:0007H         SYMBOL        i
  -------         ENDDO         
  C:73A3H         LINE#         174
  C:73AEH         LINE#         175
  C:73AEH         LINE#         178
  C:73B0H         LINE#         179
  C:73B0H         LINE#         180
  C:73C7H         LINE#         181
  C:73C7H         LINE#         182
  C:73CCH         LINE#         183
  C:73CDH         LINE#         184
  C:73D3H         LINE#         185
  C:73D3H         LINE#         186
  C:73EBH         LINE#         187
BL51 BANKED LINKER/LOCATER V6.22                                                      06/30/2026  09:15:23  PAGE 85


  C:73EBH         LINE#         188
  C:73FFH         LINE#         189
  C:73FFH         LINE#         191
  C:73FFH         LINE#         192
  C:7402H         LINE#         193
  -------         ENDPROC       _GETCHARASCII
  -------         PROC          _SIZEARRAY
  X:C43DH         SYMBOL        str
  -------         DO            
  D:0007H         SYMBOL        numArray
  -------         ENDDO         
  C:789EH         LINE#         196
  C:78A9H         LINE#         197
  C:78A9H         LINE#         199
  C:78ABH         LINE#         200
  C:78B9H         LINE#         201
  C:78BAH         LINE#         202
  C:78CDH         LINE#         203
  C:78CDH         LINE#         204
  C:78D7H         LINE#         205
  C:78D8H         LINE#         206
  C:78E2H         LINE#         207
  C:78E2H         LINE#         208
  C:78E4H         LINE#         209
  C:78E4H         LINE#         210
  C:78E4H         LINE#         211
  C:78E4H         LINE#         213
  C:78E4H         LINE#         214
  -------         ENDPROC       _SIZEARRAY
  -------         PROC          _MSTRCMP
  X:C40BH         SYMBOL        str1
  X:C40EH         SYMBOL        str2
  -------         DO            
  X:C411H         SYMBOL        i
  D:0004H         SYMBOL        len1
  D:0006H         SYMBOL        len2
  -------         ENDDO         
  C:7000H         LINE#         217
  C:700BH         LINE#         218
  C:700BH         LINE#         221
  C:7012H         LINE#         222
  C:7020H         LINE#         225
  C:7027H         LINE#         226
  C:702AH         LINE#         228
  C:7039H         LINE#         229
  C:7039H         LINE#         230
  C:7063H         LINE#         231
  C:7066H         LINE#         232
  C:706EH         LINE#         233
  C:7070H         LINE#         234
  -------         ENDPROC       _MSTRCMP
  -------         PROC          _CALCULATE_CRC16
  X:C3F4H         SYMBOL        updata
  X:C3F7H         SYMBOL        len
  X:C3F8H         SYMBOL        mode
  -------         DO            
  X:C3F9H         SYMBOL        Reg_CRC
BL51 BANKED LINKER/LOCATER V6.22                                                      06/30/2026  09:15:23  PAGE 86


  X:C3FBH         SYMBOL        i
  D:0005H         SYMBOL        j
  -------         ENDDO         
  C:672AH         LINE#         244
  C:6738H         LINE#         245
  C:6738H         LINE#         246
  C:6740H         LINE#         248
  C:6750H         LINE#         249
  C:6750H         LINE#         250
  C:676DH         LINE#         251
  C:676FH         LINE#         252
  C:676FH         LINE#         253
  C:677AH         LINE#         254
  C:677AH         LINE#         255
  C:6791H         LINE#         256
  C:6793H         LINE#         258
  C:6793H         LINE#         259
  C:679EH         LINE#         260
  C:679EH         LINE#         261
  C:67A3H         LINE#         262
  C:67ABH         LINE#         263
  C:67B2H         LINE#         264
  C:67B2H         LINE#         265
  C:67CAH         LINE#         266
  C:67DEH         LINE#         267
  C:67DEH         LINE#         269
  C:67E6H         LINE#         270
  -------         ENDPROC       _CALCULATE_CRC16
  -------         PROC          _BCD
  D:0007H         SYMBOL        dat
  C:7FB1H         LINE#         272
  C:7FB1H         LINE#         273
  C:7FB1H         LINE#         274
  C:7FC3H         LINE#         275
  -------         ENDPROC       _BCD
  -------         PROC          _IBCD
  D:0007H         SYMBOL        dat
  C:7FC4H         LINE#         277
  C:7FC4H         LINE#         278
  C:7FC4H         LINE#         279
  C:7FD2H         LINE#         280
  -------         ENDPROC       _IBCD
  -------         ENDMOD        UMATH

  -------         MODULE        ENCODER
  C:0000H         SYMBOL        _ICE_DUMMY_
  D:0090H         PUBLIC        P1
  C:5937H         PUBLIC        Encoder_recevie
  C:67E7H         PUBLIC        _Encoder_Set_Value
  -------         PROC          ENCODER_RECEVIE
  -------         DO            
  X:C2CAH         SYMBOL        Encoder_flag
  X:C2CBH         SYMBOL        KEY_CW_PORT
  X:C2CDH         SYMBOL        KEY_CCW_PORT
  X:C2CFH         SYMBOL        key
  X:C3CBH         SYMBOL        rEncoder_Code
  X:C3CCH         SYMBOL        rEn_Right_Save
BL51 BANKED LINKER/LOCATER V6.22                                                      06/30/2026  09:15:23  PAGE 87


  X:C3CDH         SYMBOL        rEn_Left_Save
  X:C3CEH         SYMBOL        F_Encoder_Check
  X:C3CFH         SYMBOL        rEn_Right_Read
  X:C3D0H         SYMBOL        rEn_Left_Read
  X:C3D1H         SYMBOL        x
  X:C3D2H         SYMBOL        y
  -------         ENDDO         
  C:5937H         LINE#         14
  C:5937H         LINE#         15
  C:5937H         LINE#         16
  C:593CH         LINE#         19
  C:5942H         LINE#         28
  C:5948H         LINE#         29
  C:5952H         LINE#         30
  C:595CH         LINE#         32
  C:5963H         LINE#         33
  C:596DH         LINE#         34
  C:5977H         LINE#         36
  C:597EH         LINE#         38
  C:5988H         LINE#         39
  C:5988H         LINE#         40
  C:5988H         LINE#         41
  C:5988H         LINE#         44
  C:5992H         LINE#         45
  C:5992H         LINE#         47
  C:5992H         LINE#         48
  C:5992H         LINE#         50
  C:59A0H         LINE#         51
  C:59A7H         LINE#         52
  C:59B6H         LINE#         53
  C:59B6H         LINE#         54
  C:59BCH         LINE#         55
  C:59BCH         LINE#         56
  C:59BCH         LINE#         57
  C:59BCH         LINE#         58
  C:59D4H         LINE#         59
  C:59D4H         LINE#         60
  C:59DAH         LINE#         61
  C:59DAH         LINE#         63
  C:59DAH         LINE#         64
  C:59E4H         LINE#         65
  C:59E4H         LINE#         66
  C:59EBH         LINE#         67
  C:59EBH         LINE#         110
  C:5A02H         LINE#         111
  C:5A02H         LINE#         112
  C:5A08H         LINE#         113
  C:5A08H         LINE#         114
  C:5A0AH         LINE#         115
  C:5A12H         LINE#         116
  C:5A12H         LINE#         117
  C:5A18H         LINE#         118
  C:5A1AH         LINE#         119
  C:5A1EH         LINE#         120
  C:5A1EH         LINE#         121
  C:5A24H         LINE#         122
  C:5A24H         LINE#         123
BL51 BANKED LINKER/LOCATER V6.22                                                      06/30/2026  09:15:23  PAGE 88


  C:5A24H         LINE#         124
  C:5A29H         LINE#         125
  C:5A2CH         LINE#         126
  C:5A2EH         LINE#         127
  C:5A30H         LINE#         129
  C:5A30H         LINE#         130
  C:5A36H         LINE#         131
  C:5A3AH         LINE#         132
  C:5A3AH         LINE#         133
  C:5A3EH         LINE#         134
  C:5A40H         LINE#         136
  C:5A40H         LINE#         137
  C:5A45H         LINE#         138
  C:5A45H         LINE#         140
  C:5A4FH         LINE#         141
  C:5A4FH         LINE#         142
  C:5A55H         LINE#         143
  C:5A57H         LINE#         145
  C:5A57H         LINE#         146
  C:5A5CH         LINE#         147
  C:5A5CH         LINE#         150
  C:5A74H         LINE#         151
  C:5A74H         LINE#         152
  C:5A7DH         LINE#         153
  C:5A86H         LINE#         154
  C:5A8EH         LINE#         155
  C:5A93H         LINE#         156
  C:5A96H         LINE#         157
  C:5A9AH         LINE#         158
  C:5A9AH         LINE#         159
  C:5A9AH         LINE#         162
  C:5AA2H         LINE#         163
  C:5AA2H         LINE#         164
  C:5AA7H         LINE#         165
  C:5AA7H         LINE#         166
  C:5AABH         LINE#         167
  C:5AABH         LINE#         168
  C:5AB0H         LINE#         169
  C:5AB0H         LINE#         170
  C:5AB8H         LINE#         171
  C:5AB8H         LINE#         172
  C:5ABDH         LINE#         173
  C:5ABDH         LINE#         174
  C:5AC1H         LINE#         175
  C:5AC1H         LINE#         176
  C:5AC6H         LINE#         177
  C:5AC6H         LINE#         178
  C:5AC9H         LINE#         179
  -------         ENDPROC       ENCODER_RECEVIE
  -------         PROC          _ENCODER_SET_VALUE
  X:C3FCH         SYMBOL        unit_value
  X:C3FEH         SYMBOL        upper_limit_value
  X:C400H         SYMBOL        lower_limiting_value
  X:C402H         SYMBOL        set_value
  -------         DO            
  D:0006H         SYMBOL        encoder_tmp
  -------         ENDDO         
BL51 BANKED LINKER/LOCATER V6.22                                                      06/30/2026  09:15:23  PAGE 89


  C:67E7H         LINE#         191
  C:67FBH         LINE#         192
  C:67FBH         LINE#         193
  C:67FEH         LINE#         194
  C:6801H         LINE#         195
  C:6807H         LINE#         196
  C:6807H         LINE#         197
  C:681DH         LINE#         198
  C:681DH         LINE#         199
  C:6831H         LINE#         200
  C:6833H         LINE#         201
  C:6842H         LINE#         202
  C:6842H         LINE#         203
  C:6848H         LINE#         204
  C:6848H         LINE#         205
  C:684AH         LINE#         206
  C:6850H         LINE#         207
  C:6850H         LINE#         208
  C:6864H         LINE#         209
  C:6864H         LINE#         210
  C:6874H         LINE#         211
  C:6876H         LINE#         212
  C:688BH         LINE#         213
  C:688BH         LINE#         214
  C:689AH         LINE#         215
  C:689AH         LINE#         216
  C:689AH         LINE#         217
  C:68A2H         LINE#         218
  -------         ENDPROC       _ENCODER_SET_VALUE
  -------         ENDMOD        ENCODER

  -------         MODULE        ?C?COPY
  C:41F1H         PUBLIC        ?C?COPY
  -------         ENDMOD        ?C?COPY

  -------         MODULE        ?C?CLDPTR
  C:4217H         PUBLIC        ?C?CLDPTR
  -------         ENDMOD        ?C?CLDPTR

  -------         MODULE        ?C?CLDOPTR
  C:4230H         PUBLIC        ?C?CLDOPTR
  -------         ENDMOD        ?C?CLDOPTR

  -------         MODULE        ?C?CSTPTR
  C:425DH         PUBLIC        ?C?CSTPTR
  -------         ENDMOD        ?C?CSTPTR

  -------         MODULE        ?C?CSTOPTR
  C:426FH         PUBLIC        ?C?CSTOPTR
  -------         ENDMOD        ?C?CSTOPTR

  -------         MODULE        ?C?IMUL
  C:4291H         PUBLIC        ?C?IMUL
  -------         ENDMOD        ?C?IMUL

  -------         MODULE        ?C?UIDIV
  C:42A3H         PUBLIC        ?C?UIDIV
BL51 BANKED LINKER/LOCATER V6.22                                                      06/30/2026  09:15:23  PAGE 90


  -------         ENDMOD        ?C?UIDIV

  -------         MODULE        ?C?IILDX
  C:42F8H         PUBLIC        ?C?IILDX
  -------         ENDMOD        ?C?IILDX

  -------         MODULE        ?C?ILDIX
  C:430EH         PUBLIC        ?C?ILDIX
  -------         ENDMOD        ?C?ILDIX

  -------         MODULE        ?C?ILDPTR
  C:4324H         PUBLIC        ?C?ILDPTR
  -------         ENDMOD        ?C?ILDPTR

  -------         MODULE        ?C?ILDOPTR
  C:434FH         PUBLIC        ?C?ILDOPTR
  -------         ENDMOD        ?C?ILDOPTR

  -------         MODULE        ?C?IILDPTR
  C:4387H         PUBLIC        ?C?IILDPTR
  -------         ENDMOD        ?C?IILDPTR

  -------         MODULE        ?C?ISTPTR
  C:43BFH         PUBLIC        ?C?ISTPTR
  -------         ENDMOD        ?C?ISTPTR

  -------         MODULE        ?C?ULDIV
  C:441AH         PUBLIC        ?C?ULDIV
  -------         ENDMOD        ?C?ULDIV

  -------         MODULE        ?C?ULCMP
  C:44ACH         PUBLIC        ?C?ULCMP
  -------         ENDMOD        ?C?ULCMP

  -------         MODULE        ?C?ULSHR
  C:44BDH         PUBLIC        ?C?ULSHR
  -------         ENDMOD        ?C?ULSHR

  -------         MODULE        ?C?LSHL
  C:44D0H         PUBLIC        ?C?LSHL
  -------         ENDMOD        ?C?LSHL

  -------         MODULE        ?C?LSTXDATA
  C:44E3H         PUBLIC        ?C?LSTXDATA
  -------         ENDMOD        ?C?LSTXDATA

  -------         MODULE        ?C?LSTKXDATA
  C:44EFH         PUBLIC        ?C?LSTKXDATA
  -------         ENDMOD        ?C?LSTKXDATA

  -------         MODULE        ?C?OFFXADD
  C:4520H         PUBLIC        ?C?OFFXADD
  -------         ENDMOD        ?C?OFFXADD

  -------         MODULE        ?C?PLDPTR
  C:452CH         PUBLIC        ?C?PLDPTR
  -------         ENDMOD        ?C?PLDPTR
BL51 BANKED LINKER/LOCATER V6.22                                                      06/30/2026  09:15:23  PAGE 91



  -------         MODULE        ?C?PLDOPTR
  C:454CH         PUBLIC        ?C?PLDOPTR
  -------         ENDMOD        ?C?PLDOPTR

  -------         MODULE        ?C?CCASE
  C:457CH         PUBLIC        ?C?CCASE
  -------         ENDMOD        ?C?CCASE

  -------         MODULE        ?C?PLDIDATA
  C:45A2H         PUBLIC        ?C?PLDIDATA
  -------         ENDMOD        ?C?PLDIDATA

  -------         MODULE        ?C?PLDXDATA
  C:45ABH         PUBLIC        ?C?PLDXDATA
  -------         ENDMOD        ?C?PLDXDATA

  -------         MODULE        ?C?PLDPDATA
  C:45B4H         PUBLIC        ?C?PLDPDATA
  -------         ENDMOD        ?C?PLDPDATA

  -------         MODULE        ?C?PLDCODE
  C:45BDH         PUBLIC        ?C?PLDCODE
  -------         ENDMOD        ?C?PLDCODE

*** WARNING L1: UNRESOLVED EXTERNAL SYMBOL
    SYMBOL:  G_NEED_UPGRADE
    MODULE:  .\Objects\main.obj (MAIN)

*** WARNING L2: REFERENCE MADE TO UNRESOLVED EXTERNAL
    SYMBOL:  G_NEED_UPGRADE
    MODULE:  .\Objects\main.obj (MAIN)
    ADDRESS: 6721H

*** WARNING L1: UNRESOLVED EXTERNAL SYMBOL
    SYMBOL:  _READ_DGUS
    MODULE:  .\Objects\history.obj (HISTORY)

*** WARNING L2: REFERENCE MADE TO UNRESOLVED EXTERNAL
    SYMBOL:  _READ_DGUS
    MODULE:  .\Objects\history.obj (HISTORY)
    ADDRESS: 5ACFH

Program Size: data=29.0 xdata=17480 code=32550
LINK/LOCATE RUN COMPLETE.  4 WARNING(S),  0 ERROR(S)
