BL51 BANKED LINKER/LOCATER V6.22                                                        09/21/2026  18:37:52  PAGE 1


BL51 BANKED LINKER/LOCATER V6.22, INVOKED BY:
C:\KEIL_V5\C51\BIN\BL51.EXE .\Objects\STARTUP_M5.obj, .\Objects\sys.obj, .\Objects\timer.obj, .\Objects\uart.obj, .\Obje
>> cts\debug.obj, .\Objects\main.obj, .\Objects\ui.obj, .\Objects\history.obj, .\Objects\admin.obj, .\Objects\color.obj,
>>  .\Objects\language.obj, .\Objects\dwin8283.obj, .\Objects\dwin8283.obj, .\Objects\canbus.obj, .\Objects\norflash.obj
>> , .\Objects\rtc.obj, .\Objects\iic.obj, .\Objects\umath.obj, .\Objects\encoder.obj TO .\Objects\T5L51 PRINT (.\Listin
>> gs\T5L51.m51) RAMSIZE (256) DISABLEWARNING (16) CODE (0X0100-0XFEFF) XDATA (0X8000-0XFFFF)


MEMORY MODEL: LARGE


INPUT MODULES INCLUDED:
  .\Objects\STARTUP_M5.obj (?C_STARTUP)
  .\Objects\sys.obj (SYS)
  .\Objects\timer.obj (TIMER)
  .\Objects\uart.obj (UART)
  .\Objects\debug.obj (DEBUG)
  .\Objects\main.obj (MAIN)
  .\Objects\ui.obj (UI)
  .\Objects\history.obj (HISTORY)
  .\Objects\admin.obj (ADMIN)
  .\Objects\color.obj (COLOR)
  .\Objects\language.obj (LANGUAGE)
  .\Objects\dwin8283.obj (DWIN8283)
  .\Objects\canbus.obj (CANBUS)
  .\Objects\norflash.obj (NORFLASH)
  .\Objects\rtc.obj (RTC)
  .\Objects\iic.obj (IIC)
  .\Objects\umath.obj (UMATH)
  .\Objects\encoder.obj (ENCODER)
  C:\KEIL_V5\C51\LIB\C51L.LIB (?C_INIT)
  C:\KEIL_V5\C51\LIB\C51L.LIB (?C?COPY)
  C:\KEIL_V5\C51\LIB\C51L.LIB (?C?CLDPTR)
  C:\KEIL_V5\C51\LIB\C51L.LIB (?C?CLDOPTR)
  C:\KEIL_V5\C51\LIB\C51L.LIB (?C?CSTPTR)
  C:\KEIL_V5\C51\LIB\C51L.LIB (?C?CSTOPTR)
  C:\KEIL_V5\C51\LIB\C51L.LIB (?C?IMUL)
  C:\KEIL_V5\C51\LIB\C51L.LIB (?C?UIDIV)
  C:\KEIL_V5\C51\LIB\C51L.LIB (?C?IILDX)
  C:\KEIL_V5\C51\LIB\C51L.LIB (?C?ILDIX)
  C:\KEIL_V5\C51\LIB\C51L.LIB (?C?ILDPTR)
  C:\KEIL_V5\C51\LIB\C51L.LIB (?C?ILDOPTR)
  C:\KEIL_V5\C51\LIB\C51L.LIB (?C?IILDPTR)
  C:\KEIL_V5\C51\LIB\C51L.LIB (?C?ISTPTR)
  C:\KEIL_V5\C51\LIB\C51L.LIB (?C?LMUL)
  C:\KEIL_V5\C51\LIB\C51L.LIB (?C?ULDIV)
  C:\KEIL_V5\C51\LIB\C51L.LIB (?C?ULCMP)
  C:\KEIL_V5\C51\LIB\C51L.LIB (?C?ULSHR)
  C:\KEIL_V5\C51\LIB\C51L.LIB (?C?LSHL)
  C:\KEIL_V5\C51\LIB\C51L.LIB (?C?LSTXDATA)
  C:\KEIL_V5\C51\LIB\C51L.LIB (?C?LSTKXDATA)
  C:\KEIL_V5\C51\LIB\C51L.LIB (?C?OFFXADD)
  C:\KEIL_V5\C51\LIB\C51L.LIB (?C?PLDPTR)
  C:\KEIL_V5\C51\LIB\C51L.LIB (?C?PLDOPTR)
  C:\KEIL_V5\C51\LIB\C51L.LIB (?C?CCASE)
  C:\KEIL_V5\C51\LIB\C51L.LIB (?C?PLDIDATA)
  C:\KEIL_V5\C51\LIB\C51L.LIB (?C?PLDXDATA)
  C:\KEIL_V5\C51\LIB\C51L.LIB (?C?PLDPDATA)
BL51 BANKED LINKER/LOCATER V6.22                                                      09/21/2026  18:37:52  PAGE 2


  C:\KEIL_V5\C51\LIB\C51L.LIB (?C?PLDCODE)


LINK MAP OF MODULE:  .\Objects\T5L51 (?C_STARTUP)


            TYPE    BASE      LENGTH    RELOCATION   SEGMENT NAME
            -----------------------------------------------------

            * * * * * * *   D A T A   M E M O R Y   * * * * * * *
            REG     0000H     0008H     ABSOLUTE     "REG BANK 0"
            DATA    0008H     0013H     UNIT         ?DT?TIMER
            DATA    001BH     0001H     UNIT         _DATA_GROUP_
            IDATA   001CH     0001H     UNIT         ?STACK

            * * * * * * *  X D A T A   M E M O R Y  * * * * * * *
                    0000H     8000H                  *** GAP ***
            XDATA   8000H     2024H     UNIT         ?XD?UART
            XDATA   A024H     1A05H     UNIT         ?XD?CANBUS
            XDATA   BA29H     04B6H     UNIT         ?XD?LANGUAGE
            XDATA   BEDFH     0400H     UNIT         ?XD?DEBUG
            XDATA   C2DFH     0216H     UNIT         ?XD?DWIN8283
            XDATA   C4F5H     0173H     UNIT         ?XD?HISTORY
            XDATA   C668H     0160H     UNIT         ?XD?UI
            XDATA   C7C8H     0075H     UNIT         ?XD?ADMIN
            XDATA   C83DH     0057H     UNIT         ?XD?SYS
            XDATA   C894H     0043H     UNIT         _XDATA_GROUP_
            XDATA   C8D7H     002EH     UNIT         ?XD?_MYLOG?DEBUG
            XDATA   C905H     0019H     UNIT         ?XD?_HEX_INPUT_TO_ASCII?UMATH
            XDATA   C91EH     0017H     UNIT         ?XD?_CANTX?CANBUS
            XDATA   C935H     0010H     UNIT         ?XD?_VP_NOR_FLASH_WRITE?NORFLASH
            XDATA   C945H     0010H     UNIT         ?XD?_VP_NOR_FLASH_READ?NORFLASH
            XDATA   C955H     000CH     UNIT         ?XD?_WRITE_RTC?RTC
            XDATA   C961H     000CH     UNIT         ?XD?RTC
            XDATA   C96DH     000AH     UNIT         ?XD?ERRFUN?HISTORY
            XDATA   C977H     0009H     UNIT         ?XD?_NOR_FLASH_WRITE?NORFLASH
            XDATA   C980H     0009H     UNIT         ?XD?_NOR_FLASH_READ?NORFLASH
            XDATA   C989H     0009H     UNIT         ?XD?_GETCHARVALUE?UMATH
            XDATA   C992H     0009H     UNIT         ?XD?ENCODER
            XDATA   C99BH     0008H     UNIT         ?XD?NORFLASH
            XDATA   C9A3H     0008H     UNIT         ?XD?_STRCOPY?UMATH
            XDATA   C9ABH     0008H     UNIT         ?XD?_STRCOPARE?UMATH
            XDATA   C9B3H     0008H     UNIT         ?XD?_CALCULATE_CRC16?UMATH
            XDATA   C9BBH     0008H     UNIT         ?XD?_ENCODER_SET_VALUE?ENCODER
            XDATA   C9C3H     0007H     UNIT         ?XD?_WRITE_DGUS_VP_NEW?SYS
            XDATA   C9CAH     0007H     UNIT         ?XD?_MSTRCMP?UMATH
            XDATA   C9D1H     0006H     UNIT         ?XD?_PAGE_CHANGE?SYS
            XDATA   C9D7H     0006H     UNIT         ?XD?_GETCHARVALUEASCII?UMATH
            XDATA   C9DDH     0006H     UNIT         ?XD?_GETCHARASCII?UMATH
            XDATA   C9E3H     0005H     UNIT         ?XD?_RTC_GET_WEEK?RTC
            XDATA   C9E8H     0005H     UNIT         ?XD?_STRCLEAR?UMATH
            XDATA   C9EDH     0003H     UNIT         ?XD?_CANBUSINIT?CANBUS
            XDATA   C9F0H     0003H     UNIT         ?XD?RDTIME?RTC
            XDATA   C9F3H     0003H     UNIT         ?XD?_RTC_CONFIG?RTC
            XDATA   C9F6H     0003H     UNIT         ?XD?_SIZEARRAY?UMATH
            XDATA   C9F9H     0002H     UNIT         ?XD?_WRITE_VP_U16_BE?SYS
            XDATA   C9FBH     0002H     UNIT         ?XD?MAIN
BL51 BANKED LINKER/LOCATER V6.22                                                      09/21/2026  18:37:52  PAGE 3


            XDATA   C9FDH     0002H     UNIT         ?XD?_SETTEXTCOLORGRAY?COLOR

            * * * * * * *   C O D E   M E M O R Y   * * * * * * *
            CODE    0000H     0003H     ABSOLUTE     
                    0003H     0008H                  *** GAP ***
            CODE    000BH     0003H     ABSOLUTE     
                    000EH     000DH                  *** GAP ***
            CODE    001BH     0003H     ABSOLUTE     
                    001EH     0005H                  *** GAP ***
            CODE    0023H     0003H     ABSOLUTE     
                    0026H     0005H                  *** GAP ***
            CODE    002BH     0003H     ABSOLUTE     
                    002EH     001DH                  *** GAP ***
            CODE    004BH     0003H     ABSOLUTE     
                    004EH     0005H                  *** GAP ***
            CODE    0053H     0003H     ABSOLUTE     
                    0056H     0005H                  *** GAP ***
            CODE    005BH     0003H     ABSOLUTE     
                    005EH     0005H                  *** GAP ***
            CODE    0063H     0003H     ABSOLUTE     
                    0066H     0005H                  *** GAP ***
            CODE    006BH     0003H     ABSOLUTE     
                    006EH     0015H                  *** GAP ***
            CODE    0083H     0003H     ABSOLUTE     
                    0086H     0072H                  *** GAP ***
            CODE    00F8H     0008H     ABSOLUTE     
            CODE    0100H     416DH     UNIT         ?PR?_ENCODER_PAGE_CHANGE?UI
            CODE    426DH     1100H     UNIT         ?PR?ADMIN_LIST_TEXT_CHANGE?ADMIN
            CODE    536DH     0E5CH     UNIT         ?PR?ADMIN_LANGUAGE_ENG?ADMIN
            CODE    61C9H     0C85H     UNIT         ?PR?ADMIN_LANGUAGE_KOR?ADMIN
            CODE    6E4EH     0C76H     UNIT         ?PR?ADMINIOTESTWORK?ADMIN
            CODE    7AC4H     09B8H     UNIT         ?C_INITSEG
            CODE    847CH     06FAH     UNIT         ?PR?_ADMIN_USER_SETTING_FUNCTION?ADMIN
            CODE    8B76H     05B8H     UNIT         ?PR?_ENGINEERMODWORK?ADMIN
            CODE    912EH     05A5H     UNIT         ?PR?_SELECT_NUM?UI
            CODE    96D3H     0559H     UNIT         ?PR?_PRO8283RXTREAT?DWIN8283
            CODE    9C2CH     04F7H     UNIT         ?C?LIB_CODE
            CODE    A123H     036FH     UNIT         ?PR?ADMIN_PAGE_CHANGE?UI
            CODE    A492H     036DH     UNIT         ?PR?DATA_SET_INIT?UI
            CODE    A7FFH     0363H     UNIT         ?PR?CAN_ISR?CANBUS
            CODE    AB62H     025EH     UNIT         ?PR?_CANTX?CANBUS
            CODE    ADC0H     01C7H     UNIT         ?PR?INIT_RTC?RTC
            CODE    AF87H     01C0H     UNIT         ?PR?_READ_DGUS_VP?SYS
            CODE    B147H     01B3H     UNIT         ?PR?_UART_SEND_DATA?UART
            CODE    B2FAH     01B2H     UNIT         ?PR?_RTC_CONFIG?RTC
            CODE    B4ACH     0193H     UNIT         ?PR?_WRITE_DGUS_VP?SYS
            CODE    B63FH     0193H     UNIT         ?PR?ENCODER_RECEVIE?ENCODER
            CODE    B7D2H     018CH     UNIT         ?PR?ADMIN_USER_SETTING_TEXT_COLOR?ADMIN
            CODE    B95EH     0184H     UNIT         ?PR?ERRFUN?HISTORY
            CODE    BAE2H     017AH     UNIT         ?PR?_WRITE_DGUS_VP_NEW?SYS
            CODE    BC5CH     016DH     UNIT         ?PR?_ENGINEERMODSWORK?ADMIN
            CODE    BDC9H     016CH     UNIT         ?PR?LOADONEFRAME?CANBUS
            CODE    BF35H     0161H     UNIT         ?PR?RDTIME?RTC
            CODE    C096H     011FH     UNIT         ?PR?_QUICKSETTINGTEXTSET?UI
            CODE    C1B5H     011DH     UNIT         ?PR?_ADMINFACTORYRESETTEXT?ADMIN
            CODE    C2D2H     0111H     UNIT         ?PR?_ADMINIOTESTTEXT?ADMIN
            CODE    C3E3H     00FBH     UNIT         ?PR?ADMINUSERSETTINGEDIT?ADMIN
BL51 BANKED LINKER/LOCATER V6.22                                                      09/21/2026  18:37:52  PAGE 4


            CODE    C4DEH     00E8H     UNIT         ?PR?ENGINEERMODTEXTCOLOR?ADMIN
            CODE    C5C6H     00E5H     UNIT         ?PR?_HEX_INPUT_TO_ASCII?UMATH
            CODE    C6ABH     00DBH     UNIT         ?PR?_WRITE_RTC?RTC
            CODE    C786H     00C7H     UNIT         ?PR?_GETCHARVALUE?UMATH
            CODE    C84DH     00C4H     UNIT         ?C_C51STARTUP
            CODE    C911H     00BDH     UNIT         ?PR?_CALCULATE_CRC16?UMATH
            CODE    C9CEH     00BCH     UNIT         ?PR?_ENCODER_SET_VALUE?ENCODER
            CODE    CA8AH     00ABH     UNIT         ?PR?MAIN?MAIN
            CODE    CB35H     00A5H     UNIT         ?PR?_VP_NOR_FLASH_WRITE?NORFLASH
            CODE    CBDAH     00A5H     UNIT         ?PR?_VP_NOR_FLASH_READ?NORFLASH
            CODE    CC7FH     00A0H     UNIT         ?PR?_ADMINUSERSETTINGTEXT?ADMIN
            CODE    CD1FH     009BH     UNIT         ?PR?UART3_ISR?UART
            CODE    CDBAH     0093H     UNIT         ?PR?_PINOUTPUT?SYS
            CODE    CE4DH     0092H     UNIT         ?PR?_ADMINLOGERRORTEXT?ADMIN
            CODE    CEDFH     0091H     UNIT         ?PR?_CANBUSINIT?CANBUS
            CODE    CF70H     0090H     UNIT         ?PR?_RTC_GET_WEEK?RTC
            CODE    D000H     008FH     UNIT         ?PR?UART2_ISR?UART
            CODE    D08FH     008DH     UNIT         ?PR?_PAGE21FUNCTIONING?UI
            CODE    D11CH     0085H     UNIT         ?PR?_PAGE_CHANGE?SYS
            CODE    D1A1H     007DH     UNIT         ?PR?_CHECK_START?UI
            CODE    D21EH     007CH     UNIT         ?PR?_ADMINLANGUAGETEXT?ADMIN
            CODE    D29AH     0076H     UNIT         ?PR?ENGINEERMODSTEXT?ADMIN
            CODE    D310H     0076H     UNIT         ?PR?PRO8283INIT?DWIN8283
            CODE    D386H     0071H     UNIT         ?PR?T0_ISR_PC?TIMER
            CODE    D3F7H     0071H     UNIT         ?PR?_MSTRCMP?UMATH
            CODE    D468H     006FH     UNIT         ?PR?_STRCOPARE?UMATH
            CODE    D4D7H     006EH     UNIT         ?PR?_GETCHARVALUEASCII?UMATH
            CODE    D545H     006AH     UNIT         ?PR?WRITE_DGUS_VP_CHECK?UI
            CODE    D5AFH     0066H     UNIT         ?PR?_I2CBW?IIC
            CODE    D615H     0063H     UNIT         ?PR?_STRCOPY?UMATH
            CODE    D678H     0060H     UNIT         ?PR?UART4T_ISR?UART
            CODE    D6D8H     0060H     UNIT         ?PR?UART5T_ISR?UART
            CODE    D738H     0060H     UNIT         ?PR?_GETCHARASCII?UMATH
            CODE    D798H     005CH     UNIT         ?PR?_CACK?IIC
            CODE    D7F4H     0056H     UNIT         ?PR?QUICKSETTINGINIT?UI
            CODE    D84AH     0056H     UNIT         ?PR?_SHOWMMSS2?UI
            CODE    D8A0H     0055H     UNIT         ?PR?_GETPININ?SYS
            CODE    D8F5H     0055H     UNIT         ?PR?_I2CBR?IIC
            CODE    D94AH     0053H     UNIT         ?PR?_UARTINIT?UART
            CODE    D99DH     004EH     UNIT         ?PR?_UART2_INIT?UART
            CODE    D9EBH     004EH     UNIT         ?PR?_SHOWMMSS?UI
            CODE    DA39H     004CH     UNIT         ?PR?_SETPININ?SYS
            CODE    DA85H     004BH     UNIT         ?PR?_STRCLEAR?UMATH
            CODE    DAD0H     0049H     UNIT         ?PR?_UART3_INIT?UART
            CODE    DB19H     0048H     UNIT         ?PR?_DELAY_MS?SYS
            CODE    DB61H     0048H     UNIT         ?PR?_SETPINOUT?SYS
            CODE    DBA9H     0047H     UNIT         ?PR?UART4R_ISR?UART
            CODE    DBF0H     0047H     UNIT         ?PR?UART5R_ISR?UART
            CODE    DC37H     0047H     UNIT         ?PR?_SIZEARRAY?UMATH
            CODE    DC7EH     0045H     UNIT         ?PR?_NOR_FLASH_WRITE?NORFLASH
            CODE    DCC3H     0045H     UNIT         ?PR?_NOR_FLASH_READ?NORFLASH
            CODE    DD08H     0043H     UNIT         ?PR?PRO8283DEAL?DWIN8283
            CODE    DD4BH     0042H     UNIT         ?PR?SECCNT_TICKTASK?UI
            CODE    DD8DH     0041H     UNIT         ?PR?_UART4_INIT?UART
            CODE    DDCEH     0040H     UNIT         ?PR?SECCNT_START?UI
            CODE    DE0EH     003FH     UNIT         ?PR?_I2CSTOP?IIC
            CODE    DE4DH     003EH     UNIT         ?PR?_I2CSTART?IIC
BL51 BANKED LINKER/LOCATER V6.22                                                      09/21/2026  18:37:52  PAGE 5


            CODE    DE8BH     003DH     UNIT         ?PR?HISTORYERRINIT?HISTORY
            CODE    DEC8H     003BH     UNIT         ?PR?_PAGE_CHANGE_HANDLER?UI
            CODE    DF03H     0038H     UNIT         ?PR?CANERRORRESET?CANBUS
            CODE    DF3BH     0038H     UNIT         ?PR?_MACK?IIC
            CODE    DF73H     0038H     UNIT         ?PR?_MNAK?IIC
            CODE    DFABH     0034H     UNIT         ?PR?_HEXTOASCII?UMATH
            CODE    DFDFH     0034H     UNIT         ?PR?_HEXTOASCIISMALL?UMATH
            CODE    E013H     0033H     UNIT         ?PR?_ADMIN_LIST?ADMIN
            CODE    E046H     002AH     UNIT         ?PR?ADMININIT?ADMIN
            CODE    E070H     0028H     UNIT         ?PR?_UART5_INIT?UART
            CODE    E098H     0023H     UNIT         ?PR?_MYLOG?DEBUG
            CODE    E0BBH     0022H     UNIT         ?PR?_STARTTIMER?TIMER
            CODE    E0DDH     0021H     UNIT         ?PR?SECCNT_STOP?UI
            CODE    E0FEH     001EH     UNIT         ?PR?T0_INIT?TIMER
            CODE    E11CH     001EH     UNIT         ?PR?_CHANGEIMAGE?UI
            CODE    E13AH     001EH     UNIT         ?PR?_SCKOUTH?IIC
            CODE    E158H     001EH     UNIT         ?PR?_SCKOUTL?IIC
            CODE    E176H     001CH     UNIT         ?CO?UMATH
            CODE    E192H     001BH     UNIT         ?PR?_SETTEXTCOLORRED?COLOR
            CODE    E1ADH     001BH     UNIT         ?PR?_SETTEXTCOLORBLACK?COLOR
            CODE    E1C8H     001BH     UNIT         ?PR?_SETTEXTCOLORYELLOW?COLOR
            CODE    E1E3H     001BH     UNIT         ?PR?_SETTEXTCOLORBLUE?COLOR
            CODE    E1FEH     001BH     UNIT         ?PR?_SETTEXTCOLORGRAY?COLOR
            CODE    E219H     001BH     UNIT         ?PR?_SDAOUTH?IIC
            CODE    E234H     001BH     UNIT         ?PR?_SDAOUTL?IIC
            CODE    E24FH     001AH     UNIT         ?PR?_WRITE_VP_U16_BE?SYS
            CODE    E269H     001AH     UNIT         ?PR?T1_INIT?TIMER
            CODE    E283H     001AH     UNIT         ?PR?CANLOADTREAT?CANBUS
            CODE    E29DH     001AH     UNIT         ?PR?_GETSDAIN?IIC
            CODE    E2B7H     0019H     UNIT         ?PR?_SETTEXTCOLORWHITE?COLOR
            CODE    E2D0H     0019H     UNIT         ?PR?_SETSDAIN?IIC
            CODE    E2E9H     0019H     UNIT         ?PR?_SETSDAOUT?IIC
            CODE    E302H     0015H     UNIT         ?PR?_DELAY_US?SYS
            CODE    E317H     0015H     UNIT         ?PR?_KILLTIMER?TIMER
            CODE    E32CH     0015H     UNIT         ?PR?INITDEBUGUART?DEBUG
            CODE    E341H     0014H     UNIT         ?PR?T2_INIT?TIMER
            CODE    E355H     0014H     UNIT         ?PR?_INIT_IIC_INTERFACE?IIC
            CODE    E369H     0013H     UNIT         ?PR?_GETTIMEOUTFLAG?TIMER
            CODE    E37CH     0013H     UNIT         ?PR?_BCD?UMATH
            CODE    E38FH     000FH     UNIT         ?PR?_IBCD?UMATH
            CODE    E39EH     000DH     UNIT         ?PR?TIMER1_ISR?TIMER
            CODE    E3ABH     000DH     UNIT         ?PR?_PAGE_CHANGE_UI?UI
            CODE    E3B8H     000CH     UNIT         ?PR?CHECK_END?UI
            CODE    E3C4H     0009H     UNIT         ?PR?TIMER2_ISR?TIMER
            CODE    E3CDH     0006H     UNIT         ?PR?UI_READ500MS_STOP?UI
            CODE    E3D3H     0002H     UNIT         ?PR?ABORT?DEBUG



OVERLAY MAP OF MODULE:   .\Objects\T5L51 (?C_STARTUP)


SEGMENT                                           DATA_GROUP          XDATA_GROUP
  +--> CALLED SEGMENT                           START    LENGTH     START    LENGTH
-----------------------------------------------------------------------------------
?C_C51STARTUP                                   -----    -----      -----    -----
  +--> ?PR?MAIN?MAIN
BL51 BANKED LINKER/LOCATER V6.22                                                      09/21/2026  18:37:52  PAGE 6


  +--> ?C_INITSEG

?PR?MAIN?MAIN                                   -----    -----      C894H    0007H
  +--> ?PR?T0_INIT?TIMER
  +--> ?PR?T1_INIT?TIMER
  +--> ?PR?INIT_RTC?RTC
  +--> ?PR?_SETPININ?SYS
  +--> ?PR?_STARTTIMER?TIMER
  +--> ?PR?PRO8283INIT?DWIN8283
  +--> ?PR?_PAGE_CHANGE_HANDLER?UI
  +--> ?PR?DATA_SET_INIT?UI
  +--> ?PR?_WRITE_DGUS_VP?SYS
  +--> ?PR?ADMIN_LANGUAGE_ENG?ADMIN
  +--> ?PR?PRO8283DEAL?DWIN8283
  +--> ?PR?_GETTIMEOUTFLAG?TIMER
  +--> ?PR?SECCNT_TICKTASK?UI
  +--> ?PR?WRITE_DGUS_VP_CHECK?UI
  +--> ?PR?ENCODER_RECEVIE?ENCODER
  +--> ?PR?_ENCODER_PAGE_CHANGE?UI

?PR?INIT_RTC?RTC                                -----    -----      C89BH    0001H
  +--> ?PR?_INIT_IIC_INTERFACE?IIC
  +--> ?PR?_I2CSTART?IIC
  +--> ?PR?_I2CBW?IIC
  +--> ?PR?_I2CSTOP?IIC
  +--> ?PR?_I2CBR?IIC
  +--> ?PR?_MACK?IIC
  +--> ?PR?_MNAK?IIC

?PR?_INIT_IIC_INTERFACE?IIC                     -----    -----      -----    -----
  +--> ?PR?_SETPINOUT?SYS

?PR?_I2CSTART?IIC                               -----    -----      C89CH    0003H
  +--> ?PR?_SETSDAOUT?IIC
  +--> ?PR?_SDAOUTH?IIC
  +--> ?PR?_SCKOUTH?IIC
  +--> ?PR?_DELAY_US?SYS
  +--> ?PR?_SDAOUTL?IIC
  +--> ?PR?_SCKOUTL?IIC

?PR?_SETSDAOUT?IIC                              -----    -----      -----    -----
  +--> ?PR?_SETPINOUT?SYS

?PR?_SDAOUTH?IIC                                -----    -----      -----    -----
  +--> ?PR?_PINOUTPUT?SYS

?PR?_SCKOUTH?IIC                                -----    -----      -----    -----
  +--> ?PR?_PINOUTPUT?SYS

?PR?_SDAOUTL?IIC                                -----    -----      -----    -----
  +--> ?PR?_PINOUTPUT?SYS

?PR?_SCKOUTL?IIC                                -----    -----      -----    -----
  +--> ?PR?_PINOUTPUT?SYS

?PR?_I2CBW?IIC                                  -----    -----      C89CH    0005H
  +--> ?PR?_SETSDAOUT?IIC
BL51 BANKED LINKER/LOCATER V6.22                                                      09/21/2026  18:37:52  PAGE 7


  +--> ?PR?_SDAOUTH?IIC
  +--> ?PR?_SDAOUTL?IIC
  +--> ?PR?_DELAY_US?SYS
  +--> ?PR?_SCKOUTH?IIC
  +--> ?PR?_SCKOUTL?IIC
  +--> ?PR?_CACK?IIC

?PR?_CACK?IIC                                   -----    -----      C8A1H    0004H
  +--> ?PR?_SETSDAIN?IIC
  +--> ?PR?_SDAOUTH?IIC
  +--> ?PR?_DELAY_US?SYS
  +--> ?PR?_SCKOUTH?IIC
  +--> ?PR?_GETSDAIN?IIC
  +--> ?PR?_SCKOUTL?IIC
  +--> ?PR?_SETSDAOUT?IIC

?PR?_SETSDAIN?IIC                               -----    -----      -----    -----
  +--> ?PR?_SETPININ?SYS

?PR?_GETSDAIN?IIC                               -----    -----      -----    -----
  +--> ?PR?_GETPININ?SYS

?PR?_I2CSTOP?IIC                                -----    -----      C89CH    0003H
  +--> ?PR?_SETSDAOUT?IIC
  +--> ?PR?_SDAOUTL?IIC
  +--> ?PR?_SCKOUTH?IIC
  +--> ?PR?_DELAY_US?SYS
  +--> ?PR?_SDAOUTH?IIC
  +--> ?PR?_SETSDAIN?IIC

?PR?_I2CBR?IIC                                  -----    -----      C89CH    0005H
  +--> ?PR?_SETSDAIN?IIC
  +--> ?PR?_DELAY_US?SYS
  +--> ?PR?_SCKOUTH?IIC
  +--> ?PR?_GETSDAIN?IIC
  +--> ?PR?_SCKOUTL?IIC

?PR?_MACK?IIC                                   -----    -----      C89CH    0003H
  +--> ?PR?_SETSDAOUT?IIC
  +--> ?PR?_SDAOUTL?IIC
  +--> ?PR?_DELAY_US?SYS
  +--> ?PR?_SCKOUTH?IIC
  +--> ?PR?_SCKOUTL?IIC

?PR?_MNAK?IIC                                   -----    -----      C89CH    0003H
  +--> ?PR?_SETSDAOUT?IIC
  +--> ?PR?_SDAOUTH?IIC
  +--> ?PR?_DELAY_US?SYS
  +--> ?PR?_SCKOUTH?IIC
  +--> ?PR?_SCKOUTL?IIC

?PR?PRO8283INIT?DWIN8283                        -----    -----      -----    -----
  +--> ?PR?_UARTINIT?UART

?PR?_UARTINIT?UART                              -----    -----      C89BH    0005H
  +--> ?PR?_UART2_INIT?UART
  +--> ?PR?_UART3_INIT?UART
BL51 BANKED LINKER/LOCATER V6.22                                                      09/21/2026  18:37:52  PAGE 8


  +--> ?PR?_UART4_INIT?UART
  +--> ?PR?_UART5_INIT?UART

?PR?_UART2_INIT?UART                            -----    -----      C8A0H    0002H
  +--> ?PR?_SETPINOUT?SYS
  +--> ?PR?_SETPININ?SYS

?PR?_UART3_INIT?UART                            -----    -----      C8A0H    0002H
  +--> ?PR?_SETPINOUT?SYS
  +--> ?PR?_SETPININ?SYS

?PR?_PAGE_CHANGE_HANDLER?UI                     -----    -----      -----    -----
  +--> ?PR?_WRITE_DGUS_VP?SYS

?PR?_WRITE_DGUS_VP?SYS                          -----    -----      C8C7H    000DH

?PR?DATA_SET_INIT?UI                            -----    -----      C8C1H    0002H
  +--> ?PR?_READ_DGUS_VP?SYS
  +--> ?PR?_WRITE_DGUS_VP?SYS
  +--> ?PR?_SHOWMMSS?UI
  +--> ?PR?_SETTEXTCOLORWHITE?COLOR

?PR?_READ_DGUS_VP?SYS                           -----    -----      C8C3H    0013H

?PR?_SHOWMMSS?UI                                -----    -----      C8C3H    0004H
  +--> ?PR?_WRITE_DGUS_VP?SYS

?PR?_SETTEXTCOLORWHITE?COLOR                    -----    -----      C8C3H    0002H
  +--> ?PR?_WRITE_DGUS_VP?SYS

?PR?ADMIN_LANGUAGE_ENG?ADMIN                    -----    -----      C8BFH    0002H
  +--> ?PR?ADMIN_LIST_TEXT_CHANGE?ADMIN
  +--> ?PR?_WRITE_DGUS_VP?SYS

?PR?ADMIN_LIST_TEXT_CHANGE?ADMIN                -----    -----      C8C1H    0002H
  +--> ?PR?_WRITE_DGUS_VP?SYS

?PR?PRO8283DEAL?DWIN8283                        -----    -----      -----    -----
  +--> ?PR?_PRO8283RXTREAT?DWIN8283
  +--> ?PR?_UART_SEND_DATA?UART

?PR?_PRO8283RXTREAT?DWIN8283                    -----    -----      C89BH    000FH
  +--> ?PR?_WRITE_DGUS_VP?SYS
  +--> ?PR?_READ_DGUS_VP?SYS

?PR?_UART_SEND_DATA?UART                        -----    -----      C89BH    0008H

?PR?SECCNT_TICKTASK?UI                          -----    -----      -----    -----
  +--> ?PR?_SETTEXTCOLORWHITE?COLOR
  +--> ?PR?_GETTIMEOUTFLAG?TIMER
  +--> ?PR?_SHOWMMSS2?UI
  +--> ?PR?SECCNT_STOP?UI
  +--> ?PR?_STARTTIMER?TIMER

?PR?_SHOWMMSS2?UI                               -----    -----      C8BFH    0004H
  +--> ?PR?_WRITE_DGUS_VP?SYS

BL51 BANKED LINKER/LOCATER V6.22                                                      09/21/2026  18:37:52  PAGE 9


?PR?SECCNT_STOP?UI                              -----    -----      -----    -----
  +--> ?PR?_SETTEXTCOLORWHITE?COLOR

?PR?WRITE_DGUS_VP_CHECK?UI                      -----    -----      -----    -----
  +--> ?PR?_GETTIMEOUTFLAG?TIMER
  +--> ?PR?_READ_DGUS_VP?SYS
  +--> ?PR?CHECK_END?UI
  +--> ?PR?_CHECK_START?UI

?PR?_CHECK_START?UI                             -----    -----      -----    -----
  +--> ?PR?_WRITE_DGUS_VP?SYS
  +--> ?PR?_STARTTIMER?TIMER

?PR?ENCODER_RECEVIE?ENCODER                     -----    -----      C89BH    0007H
  +--> ?PR?_DELAY_US?SYS
  +--> ?PR?_GETPININ?SYS
  +--> ?PR?_DELAY_MS?SYS

?PR?_DELAY_MS?SYS                               -----    -----      C8A2H    0004H
  +--> ?PR?_DELAY_US?SYS

?PR?_ENCODER_PAGE_CHANGE?UI                     -----    -----      C89BH    0024H
  +--> ?PR?_GETTIMEOUTFLAG?TIMER
  +--> ?PR?_READ_DGUS_VP?SYS
  +--> ?PR?_WRITE_DGUS_VP?SYS
  +--> ?PR?SECCNT_START?UI
  +--> ?PR?_SHOWMMSS2?UI
  +--> ?PR?_PAGE_CHANGE_UI?UI
  +--> ?PR?SECCNT_STOP?UI
  +--> ?PR?QUICKSETTINGINIT?UI
  +--> ?PR?_PAGE21FUNCTIONING?UI
  +--> ?PR?_PAGE_CHANGE_HANDLER?UI
  +--> ?PR?_ADMIN_LIST?ADMIN
  +--> ?PR?_ADMIN_USER_SETTING_FUNCTION?ADMIN
  +--> ?PR?_ADMINIOTESTTEXT?ADMIN
  +--> ?PR?_ADMINFACTORYRESETTEXT?ADMIN
  +--> ?PR?_ADMINLOGERRORTEXT?ADMIN
  +--> ?PR?_ADMINLANGUAGETEXT?ADMIN
  +--> ?PR?_ENGINEERMODWORK?ADMIN
  +--> ?PR?_ENGINEERMODSWORK?ADMIN
  +--> ?PR?_STARTTIMER?TIMER
  +--> ?PR?_CHECK_START?UI
  +--> ?PR?_SETTEXTCOLORYELLOW?COLOR
  +--> ?PR?_SELECT_NUM?UI
  +--> ?PR?_SETTEXTCOLORBLUE?COLOR
  +--> ?PR?_SETTEXTCOLORBLACK?COLOR
  +--> ?PR?_CHANGEIMAGE?UI
  +--> ?PR?ADMIN_LIST_TEXT_CHANGE?ADMIN
  +--> ?PR?_QUICKSETTINGTEXTSET?UI
  +--> ?PR?ADMIN_PAGE_CHANGE?UI
  +--> ?PR?ADMINIOTESTWORK?ADMIN

?PR?SECCNT_START?UI                             -----    -----      -----    -----
  +--> ?PR?_SETTEXTCOLORYELLOW?COLOR
  +--> ?PR?_READ_DGUS_VP?SYS
  +--> ?PR?_STARTTIMER?TIMER

BL51 BANKED LINKER/LOCATER V6.22                                                      09/21/2026  18:37:52  PAGE 10


?PR?_SETTEXTCOLORYELLOW?COLOR                   -----    -----      C8C3H    0002H
  +--> ?PR?_WRITE_DGUS_VP?SYS

?PR?_PAGE_CHANGE_UI?UI                          -----    -----      -----    -----
  +--> ?PR?_PAGE_CHANGE_HANDLER?UI

?PR?QUICKSETTINGINIT?UI                         -----    -----      -----    -----
  +--> ?PR?_SETTEXTCOLORWHITE?COLOR
  +--> ?PR?_CHANGEIMAGE?UI

?PR?_CHANGEIMAGE?UI                             -----    -----      C8C1H    0002H
  +--> ?PR?_WRITE_DGUS_VP?SYS

?PR?_PAGE21FUNCTIONING?UI                       -----    -----      C8BFH    0002H
  +--> ?PR?_SETTEXTCOLORYELLOW?COLOR
  +--> ?PR?_CHANGEIMAGE?UI

?PR?_ADMIN_LIST?ADMIN                           -----    -----      -----    -----
  +--> ?PR?ADMIN_LIST_TEXT_CHANGE?ADMIN

?PR?_ADMIN_USER_SETTING_FUNCTION?ADMIN          -----    -----      C8BFH    0004H
  +--> ?PR?_READ_DGUS_VP?SYS
  +--> ?PR?_WRITE_DGUS_VP?SYS
  +--> ?PR?ADMIN_USER_SETTING_TEXT_COLOR?ADMIN

?PR?ADMIN_USER_SETTING_TEXT_COLOR?ADMIN         -----    -----      -----    -----
  +--> ?PR?_SETTEXTCOLORYELLOW?COLOR
  +--> ?PR?_SETTEXTCOLORWHITE?COLOR

?PR?_ADMINIOTESTTEXT?ADMIN                      -----    -----      -----    -----
  +--> ?PR?_SETTEXTCOLORYELLOW?COLOR
  +--> ?PR?_SETTEXTCOLORWHITE?COLOR

?PR?_ADMINFACTORYRESETTEXT?ADMIN                -----    -----      C8BFH    0002H
  +--> ?PR?_SETTEXTCOLORYELLOW?COLOR
  +--> ?PR?_SETTEXTCOLORWHITE?COLOR
  +--> ?PR?_WRITE_DGUS_VP?SYS
  +--> ?PR?DATA_SET_INIT?UI
  +--> ?PR?_PAGE_CHANGE_HANDLER?UI

?PR?_ADMINLOGERRORTEXT?ADMIN                    -----    -----      C8BFH    0002H
  +--> ?PR?_SETTEXTCOLORYELLOW?COLOR
  +--> ?PR?_SETTEXTCOLORWHITE?COLOR
  +--> ?PR?_PAGE_CHANGE_HANDLER?UI

?PR?_ADMINLANGUAGETEXT?ADMIN                    -----    -----      -----    -----
  +--> ?PR?ADMIN_LANGUAGE_ENG?ADMIN
  +--> ?PR?ADMIN_LANGUAGE_KOR?ADMIN
  +--> ?PR?_PAGE_CHANGE_UI?UI
  +--> ?PR?_SETTEXTCOLORYELLOW?COLOR
  +--> ?PR?_SETTEXTCOLORWHITE?COLOR

?PR?ADMIN_LANGUAGE_KOR?ADMIN                    -----    -----      C8BFH    0002H
  +--> ?PR?ADMIN_LIST_TEXT_CHANGE?ADMIN
  +--> ?PR?_WRITE_DGUS_VP?SYS

?PR?_ENGINEERMODWORK?ADMIN                      -----    -----      C8BFH    0002H
BL51 BANKED LINKER/LOCATER V6.22                                                      09/21/2026  18:37:52  PAGE 11


  +--> ?PR?_WRITE_DGUS_VP?SYS
  +--> ?PR?ENGINEERMODTEXTCOLOR?ADMIN
  +--> ?PR?_PAGE_CHANGE_HANDLER?UI
  +--> ?PR?_SETTEXTCOLORYELLOW?COLOR
  +--> ?PR?_SETTEXTCOLORRED?COLOR

?PR?ENGINEERMODTEXTCOLOR?ADMIN                  -----    -----      -----    -----
  +--> ?PR?_SETTEXTCOLORYELLOW?COLOR
  +--> ?PR?_SETTEXTCOLORWHITE?COLOR

?PR?_SETTEXTCOLORRED?COLOR                      -----    -----      C8C1H    0002H
  +--> ?PR?_WRITE_DGUS_VP?SYS

?PR?_ENGINEERMODSWORK?ADMIN                     -----    -----      -----    -----
  +--> ?PR?_WRITE_DGUS_VP?SYS
  +--> ?PR?ENGINEERMODSTEXT?ADMIN

?PR?ENGINEERMODSTEXT?ADMIN                      -----    -----      -----    -----
  +--> ?PR?_SETTEXTCOLORYELLOW?COLOR
  +--> ?PR?_SETTEXTCOLORWHITE?COLOR

?PR?_SELECT_NUM?UI                              -----    -----      C8BFH    0002H
  +--> ?PR?_SETTEXTCOLORBLACK?COLOR
  +--> ?PR?_SETTEXTCOLORBLUE?COLOR
  +--> ?PR?_CHANGEIMAGE?UI

?PR?_SETTEXTCOLORBLACK?COLOR                    -----    -----      C8C1H    0002H
  +--> ?PR?_WRITE_DGUS_VP?SYS

?PR?_SETTEXTCOLORBLUE?COLOR                     -----    -----      C8C1H    0002H
  +--> ?PR?_WRITE_DGUS_VP?SYS

?PR?_QUICKSETTINGTEXTSET?UI                     -----    -----      C8BFH    0002H
  +--> ?PR?_SETTEXTCOLORYELLOW?COLOR
  +--> ?PR?_SETTEXTCOLORBLUE?COLOR

?PR?ADMIN_PAGE_CHANGE?UI                        -----    -----      -----    -----
  +--> ?PR?_SETTEXTCOLORYELLOW?COLOR
  +--> ?PR?_SETTEXTCOLORWHITE?COLOR
  +--> ?PR?_PAGE_CHANGE_UI?UI
  +--> ?PR?_WRITE_DGUS_VP?SYS
  +--> ?PR?ADMININIT?ADMIN

?PR?ADMINIOTESTWORK?ADMIN                       -----    -----      C8BFH    0008H
  +--> ?PR?_WRITE_DGUS_VP?SYS

*** NEW ROOT ***************************************************

?PR?T0_ISR_PC?TIMER                             001BH    0001H      -----    -----

*** NEW ROOT ***************************************************

?PR?CAN_ISR?CANBUS                              -----    -----      C8D6H    0001H
  +--> ?PR?LOADONEFRAME?CANBUS
  +--> ?PR?_STARTTIMER?TIMER


BL51 BANKED LINKER/LOCATER V6.22                                                      09/21/2026  18:37:52  PAGE 12



UNRESOLVED EXTERNAL SYMBOLS:
   _READ_DGUS



SYMBOL TABLE OF MODULE:  .\Objects\T5L51 (?C_STARTUP)

  VALUE           TYPE          NAME
  ----------------------------------

  -------         MODULE        ?C_STARTUP
  C:C84DH         SEGMENT       ?C_C51STARTUP
  I:001CH         SEGMENT       ?STACK
  C:0000H         PUBLIC        ?C_STARTUP
  D:00E0H         SYMBOL        ACC
  D:00F0H         SYMBOL        B
  D:008EH         SYMBOL        CKCON
  D:0094H         SYMBOL        DAGESEL
  D:0093H         SYMBOL        DPC
  D:0083H         SYMBOL        DPH
  D:0082H         SYMBOL        DPL
  D:0095H         SYMBOL        D_PAGESEL
  N:0000H         SYMBOL        IBPSTACK
  N:0100H         SYMBOL        IBPSTACKTOP
  N:0080H         SYMBOL        IDATALEN
  C:C87AH         SYMBOL        IDATALOOP
  D:00A8H         SYMBOL        IEN0
  D:00B8H         SYMBOL        IEN1
  D:009AH         SYMBOL        IEN2
  D:00A9H         SYMBOL        IP0
  D:00B9H         SYMBOL        IP1
  D:00C9H         SYMBOL        MUX_SEL
  N:0000H         SYMBOL        PBPSTACK
  N:0100H         SYMBOL        PBPSTACKTOP
  N:0000H         SYMBOL        PDATALEN
  N:0000H         SYMBOL        PDATASTART
  D:00F9H         SYMBOL        PORTDRV
  N:0000H         SYMBOL        PPAGE
  N:0000H         SYMBOL        PPAGEENABLE
  D:00A0H         SYMBOL        PPAGE_SFR
  D:00D0H         SYMBOL        PSW
  D:00F8H         SYMBOL        RAMMODE
  D:0081H         SYMBOL        SP
  C:C84DH         SYMBOL        STARTUP1
  D:00C8H         SYMBOL        T2CON
  N:0000H         SYMBOL        XBPSTACK
  N:0000H         SYMBOL        XBPSTACKTOP
  N:8000H         SYMBOL        XDATALEN
  C:C885H         SYMBOL        XDATALOOP
  N:8000H         SYMBOL        XDATASTART
  C:0000H         LINE#         140
  C:C84DH         LINE#         160
  C:C850H         LINE#         161
  C:C853H         LINE#         162
  C:C856H         LINE#         163
  C:C859H         LINE#         164
BL51 BANKED LINKER/LOCATER V6.22                                                      09/21/2026  18:37:52  PAGE 13


  C:C85CH         LINE#         166
  C:C85FH         LINE#         167
  C:C862H         LINE#         168
  C:C865H         LINE#         169
  C:C868H         LINE#         170
  C:C86BH         LINE#         171
  C:C86EH         LINE#         172
  C:C871H         LINE#         173
  C:C874H         LINE#         174
  C:C877H         LINE#         180
  C:C879H         LINE#         181
  C:C87AH         LINE#         182
  C:C87BH         LINE#         183
  C:C87DH         LINE#         187
  C:C880H         LINE#         188
  C:C882H         LINE#         192
  C:C884H         LINE#         194
  C:C885H         LINE#         195
  C:C886H         LINE#         196
  C:C887H         LINE#         197
  C:C889H         LINE#         198
  C:C88BH         LINE#         232
  C:C88EH         LINE#         243
  -------         ENDMOD        ?C_STARTUP

  -------         MODULE        SYS
  C:0000H         SYMBOL        _ICE_DUMMY_
  X:C83DH         PUBLIC        Spi_Flash
  D:00F1H         PUBLIC        ADR_H
  D:0080H         PUBLIC        P0
  D:0090H         PUBLIC        P1
  X:C84DH         PUBLIC        Nor_Flash
  D:00A0H         PUBLIC        P2
  C:D8A0H         PUBLIC        _GetPinIn
  D:00B0H         PUBLIC        P3
  D:00F3H         PUBLIC        ADR_L
  D:00F2H         PUBLIC        ADR_M
  B:00A8H.7       PUBLIC        EA
  D:00F8H         PUBLIC        RAMMODE
  C:B4ACH         PUBLIC        _write_dgus_vp
  D:00B7H         PUBLIC        P0MDOUT
  D:00BCH         PUBLIC        P1MDOUT
  D:00BDH         PUBLIC        P2MDOUT
  C:DA39H         PUBLIC        _SetPinIn
  X:C859H         PUBLIC        PressPosChange
  D:00BEH         PUBLIC        P3MDOUT
  C:DB61H         PUBLIC        _SetPinOut
  B:00F8H.4       PUBLIC        APP_ACK
  X:C85AH         PUBLIC        RealPosX
  D:00F4H         PUBLIC        ADR_INC
  X:C85CH         PUBLIC        RealPosY
  X:C85EH         PUBLIC        PressPosX
  X:C860H         PUBLIC        PressPageID
  X:C862H         PUBLIC        PressPosY
  X:C864H         PUBLIC        LastPosX
  X:C866H         PUBLIC        MusicBuf
  X:C889H         PUBLIC        LastPosY
BL51 BANKED LINKER/LOCATER V6.22                                                      09/21/2026  18:37:52  PAGE 14


  C:D11CH         PUBLIC        _Page_Change
  X:C88BH         PUBLIC        Touchstate
  C:BAE2H         PUBLIC        _write_dgus_vp_new
  C:CDBAH         PUBLIC        _PinOutput
  X:C88CH         PUBLIC        xdistance
  X:C88EH         PUBLIC        ydistance
  X:C890H         PUBLIC        PosXChangeSpeed
  D:00FDH         PUBLIC        DATA0
  X:C892H         PUBLIC        PosYChangeSpeed
  D:00FCH         PUBLIC        DATA1
  D:00FBH         PUBLIC        DATA2
  D:00FAH         PUBLIC        DATA3
  C:DB19H         PUBLIC        _delay_ms
  B:00F8H.6       PUBLIC        APP_EN
  C:E302H         PUBLIC        _delay_us
  C:E24FH         PUBLIC        _write_vp_u16_be
  C:AF87H         PUBLIC        _read_dgus_vp
  -------         PROC          _READ_DGUS_VP
  X:C8C3H         SYMBOL        addr
  X:C8C5H         SYMBOL        buf
  X:C8C8H         SYMBOL        len
  -------         DO            
  X:C8CAH         SYMBOL        OS_addr
  X:C8CCH         SYMBOL        OS_addr_offset
  X:C8CEH         SYMBOL        OS_len
  X:C8D0H         SYMBOL        OS_len_offset
  X:C8D2H         SYMBOL        LenLimit
  -------         ENDDO         
  C:AF87H         LINE#         37
  C:AF98H         LINE#         38
  C:AF98H         LINE#         39
  C:AF9FH         LINE#         40
  C:AFA3H         LINE#         41
  C:AFABH         LINE#         44
  C:AFB9H         LINE#         46
  C:AFD1H         LINE#         47
  C:AFECH         LINE#         48
  C:AFECH         LINE#         49
  C:AFFDH         LINE#         50
  C:AFFDH         LINE#         51
  C:B013H         LINE#         52
  C:B01DH         LINE#         54
  C:B01FH         LINE#         56
  C:B022H         LINE#         57
  C:B02DH         LINE#         58
  C:B02FH         LINE#         59
  C:B032H         LINE#         60
  C:B035H         LINE#         61
  C:B038H         LINE#         62
  C:B042H         LINE#         63
  C:B042H         LINE#         64
  C:B044H         LINE#         65
  C:B047H         LINE#         66
  C:B05CH         LINE#         67
  C:B071H         LINE#         68
  C:B07FH         LINE#         69
  C:B07FH         LINE#         70
BL51 BANKED LINKER/LOCATER V6.22                                                      09/21/2026  18:37:52  PAGE 15


  C:B095H         LINE#         71
  C:B09FH         LINE#         72
  C:B0ADH         LINE#         73
  C:B0ADH         LINE#         74
  C:B0AFH         LINE#         75
  C:B0B2H         LINE#         76
  C:B0C7H         LINE#         77
  C:B0DCH         LINE#         78
  C:B0F1H         LINE#         79
  C:B106H         LINE#         80
  C:B108H         LINE#         81
  C:B112H         LINE#         82
  C:B112H         LINE#         83
  C:B114H         LINE#         84
  C:B117H         LINE#         85
  C:B12CH         LINE#         86
  C:B141H         LINE#         87
  C:B141H         LINE#         88
  C:B144H         LINE#         90
  C:B146H         LINE#         92
  -------         ENDPROC       _READ_DGUS_VP
  -------         PROC          _WRITE_DGUS_VP
  X:C8C7H         SYMBOL        addr
  X:C8C9H         SYMBOL        buf
  X:C8CCH         SYMBOL        len
  -------         DO            
  D:0004H         SYMBOL        OS_addr
  X:C8CEH         SYMBOL        OS_addr_offset
  X:C8D0H         SYMBOL        OS_len
  X:C8D2H         SYMBOL        OS_len_offset
  D:0006H         SYMBOL        LenLimit
  -------         ENDDO         
  C:B4ACH         LINE#         162
  C:B4BDH         LINE#         163
  C:B4BDH         LINE#         164
  C:B4BEH         LINE#         165
  C:B4C4H         LINE#         166
  C:B4CCH         LINE#         169
  C:B4D9H         LINE#         171
  C:B4E8H         LINE#         172
  C:B4F5H         LINE#         173
  C:B4F5H         LINE#         174
  C:B4FAH         LINE#         175
  C:B4FAH         LINE#         176
  C:B509H         LINE#         177
  C:B515H         LINE#         179
  C:B517H         LINE#         181
  C:B51AH         LINE#         182
  C:B51DH         LINE#         183
  C:B521H         LINE#         184
  C:B524H         LINE#         185
  C:B527H         LINE#         186
  C:B52AH         LINE#         187
  C:B534H         LINE#         188
  C:B534H         LINE#         189
  C:B549H         LINE#         190
  C:B55EH         LINE#         191
BL51 BANKED LINKER/LOCATER V6.22                                                      09/21/2026  18:37:52  PAGE 16


  C:B560H         LINE#         192
  C:B563H         LINE#         193
  C:B571H         LINE#         194
  C:B571H         LINE#         195
  C:B587H         LINE#         196
  C:B591H         LINE#         197
  C:B594H         LINE#         198
  C:B5A2H         LINE#         199
  C:B5A2H         LINE#         200
  C:B5B7H         LINE#         201
  C:B5CCH         LINE#         202
  C:B5E1H         LINE#         203
  C:B5F6H         LINE#         204
  C:B5F8H         LINE#         205
  C:B5FDH         LINE#         207
  C:B607H         LINE#         208
  C:B607H         LINE#         209
  C:B60AH         LINE#         210
  C:B61FH         LINE#         211
  C:B634H         LINE#         212
  C:B636H         LINE#         213
  C:B639H         LINE#         214
  C:B639H         LINE#         215
  C:B63CH         LINE#         217
  C:B63EH         LINE#         219
  -------         ENDPROC       _WRITE_DGUS_VP
  -------         PROC          _WRITE_DGUS_VP_NEW
  X:C9C3H         SYMBOL        addr
  X:C9C5H         SYMBOL        buf
  X:C9C8H         SYMBOL        len
  -------         DO            
  D:0004H         SYMBOL        LenLimit
  D:0002H         SYMBOL        OS_addr
  D:0005H         SYMBOL        OS_addr_offset
  D:0006H         SYMBOL        OS_len4
  D:0007H         SYMBOL        rem2
  -------         ENDDO         
  C:BAE2H         LINE#         223
  C:BAF3H         LINE#         224
  C:BAF3H         LINE#         231
  C:BAFFH         LINE#         234
  C:BB0EH         LINE#         235
  C:BB15H         LINE#         236
  C:BB1FH         LINE#         237
  C:BB1FH         LINE#         240
  C:BB30H         LINE#         241
  C:BB34H         LINE#         244
  C:BB36H         LINE#         247
  C:BB39H         LINE#         248
  C:BB3CH         LINE#         249
  C:BB40H         LINE#         250
  C:BB43H         LINE#         253
  C:BB46H         LINE#         254
  C:BB49H         LINE#         257
  C:BB4CH         LINE#         258
  C:BB5BH         LINE#         259
  C:BB5BH         LINE#         261
BL51 BANKED LINKER/LOCATER V6.22                                                      09/21/2026  18:37:52  PAGE 17


  C:BB5EH         LINE#         264
  C:BB5EH         LINE#         266
  C:BB73H         LINE#         267
  C:BB88H         LINE#         268
  C:BB8DH         LINE#         269
  C:BB9BH         LINE#         270
  C:BB9BH         LINE#         273
  C:BBACH         LINE#         274
  C:BBAFH         LINE#         275
  C:BBB9H         LINE#         276
  C:BBCEH         LINE#         277
  C:BBE3H         LINE#         278
  C:BBF8H         LINE#         279
  C:BC0DH         LINE#         280
  C:BC14H         LINE#         284
  C:BC21H         LINE#         285
  C:BC24H         LINE#         286
  C:BC27H         LINE#         287
  C:BC3CH         LINE#         288
  C:BC51H         LINE#         289
  C:BC56H         LINE#         290
  C:BC56H         LINE#         292
  C:BC59H         LINE#         295
  C:BC5BH         LINE#         297
  -------         ENDPROC       _WRITE_DGUS_VP_NEW
  -------         PROC          _WRITE_VP_U16_BE
  D:0002H         SYMBOL        vp
  D:0004H         SYMBOL        value
  -------         DO            
  X:C9F9H         SYMBOL        be
  -------         ENDDO         
  C:E24FH         LINE#         300
  C:E24FH         LINE#         301
  C:E24FH         LINE#         303
  C:E254H         LINE#         304
  C:E257H         LINE#         305
  -------         ENDPROC       _WRITE_VP_U16_BE
  -------         PROC          _DELAY_US
  D:0006H         SYMBOL        t
  -------         DO            
  D:0005H         SYMBOL        i
  -------         ENDDO         
  C:E302H         LINE#         434
  C:E302H         LINE#         435
  C:E302H         LINE#         438
  C:E306H         LINE#         439
  C:E306H         LINE#         440
  C:E308H         LINE#         441
  C:E30FH         LINE#         442
  C:E314H         LINE#         443
  C:E316H         LINE#         444
  -------         ENDPROC       _DELAY_US
  -------         PROC          _PAGE_CHANGE
  X:C9D1H         SYMBOL        PageID
  -------         DO            
  X:C9D3H         SYMBOL        buf
  -------         ENDDO         
BL51 BANKED LINKER/LOCATER V6.22                                                      09/21/2026  18:37:52  PAGE 18


  C:D11CH         LINE#         446
  C:D124H         LINE#         447
  C:D124H         LINE#         450
  C:D128H         LINE#         451
  C:D12CH         LINE#         452
  C:D139H         LINE#         453
  C:D13CH         LINE#         454
  C:D152H         LINE#         456
  C:D152H         LINE#         457
  C:D159H         LINE#         458
  C:D16FH         LINE#         459
  C:D181H         LINE#         460
  C:D186H         LINE#         461
  C:D188H         LINE#         462
  C:D18AH         LINE#         463
  C:D18CH         LINE#         464
  -------         ENDPROC       _PAGE_CHANGE
  -------         PROC          _DELAY_MS
  X:C8A2H         SYMBOL        t
  -------         DO            
  X:C8A4H         SYMBOL        i
  D:0002H         SYMBOL        j
  -------         ENDDO         
  C:DB19H         LINE#         467
  C:DB21H         LINE#         468
  C:DB21H         LINE#         470
  C:DB3BH         LINE#         471
  C:DB3BH         LINE#         472
  C:DB3EH         LINE#         473
  C:DB50H         LINE#         474
  C:DB60H         LINE#         475
  -------         ENDPROC       _DELAY_MS
  -------         PROC          _SETPINOUT
  D:0007H         SYMBOL        Port
  D:0005H         SYMBOL        Pin
  C:DB61H         LINE#         477
  C:DB61H         LINE#         478
  C:DB61H         LINE#         479
  C:DB6FH         LINE#         480
  C:DB6FH         LINE#         481
  C:DB7CH         LINE#         482
  C:DB7DH         LINE#         483
  C:DB8AH         LINE#         484
  C:DB8BH         LINE#         485
  C:DB98H         LINE#         486
  C:DB99H         LINE#         487
  C:DBA8H         LINE#         488
  C:DBA8H         LINE#         489
  C:DBA8H         LINE#         490
  C:DBA8H         LINE#         492
  -------         ENDPROC       _SETPINOUT
  -------         PROC          _SETPININ
  D:0007H         SYMBOL        Port
  D:0005H         SYMBOL        Pin
  C:DA39H         LINE#         494
  C:DA39H         LINE#         495
  C:DA39H         LINE#         496
BL51 BANKED LINKER/LOCATER V6.22                                                      09/21/2026  18:37:52  PAGE 19


  C:DA47H         LINE#         497
  C:DA47H         LINE#         498
  C:DA55H         LINE#         499
  C:DA56H         LINE#         500
  C:DA64H         LINE#         501
  C:DA65H         LINE#         502
  C:DA73H         LINE#         503
  C:DA74H         LINE#         504
  C:DA84H         LINE#         505
  C:DA84H         LINE#         506
  C:DA84H         LINE#         507
  C:DA84H         LINE#         509
  -------         ENDPROC       _SETPININ
  -------         PROC          _PINOUTPUT
  D:0007H         SYMBOL        Port
  D:0005H         SYMBOL        Pin
  D:0003H         SYMBOL        value
  C:CDBAH         LINE#         511
  C:CDBAH         LINE#         512
  C:CDBAH         LINE#         513
  C:CDCBH         LINE#         514
  C:CDCBH         LINE#         515
  C:CDDCH         LINE#         516
  C:CDEAH         LINE#         517
  C:CDEBH         LINE#         518
  C:CDFCH         LINE#         519
  C:CE0AH         LINE#         520
  C:CE0BH         LINE#         521
  C:CE1CH         LINE#         522
  C:CE2AH         LINE#         523
  C:CE2BH         LINE#         524
  C:CE3CH         LINE#         525
  C:CE4CH         LINE#         526
  C:CE4CH         LINE#         527
  C:CE4CH         LINE#         528
  C:CE4CH         LINE#         529
  -------         ENDPROC       _PINOUTPUT
  -------         PROC          _GETPININ
  D:0007H         SYMBOL        Port
  D:0005H         SYMBOL        Pin
  -------         DO            
  D:0006H         SYMBOL        value
  -------         ENDDO         
  C:D8A0H         LINE#         531
  C:D8A0H         LINE#         532
  C:D8A0H         LINE#         534
  C:D8AEH         LINE#         535
  C:D8AEH         LINE#         536
  C:D8BCH         LINE#         537
  C:D8BEH         LINE#         538
  C:D8CCH         LINE#         539
  C:D8CEH         LINE#         540
  C:D8DCH         LINE#         541
  C:D8DEH         LINE#         542
  C:D8EEH         LINE#         543
  C:D8F0H         LINE#         544
  C:D8F0H         LINE#         545
BL51 BANKED LINKER/LOCATER V6.22                                                      09/21/2026  18:37:52  PAGE 20


  C:D8F2H         LINE#         546
  C:D8F2H         LINE#         547
  C:D8F2H         LINE#         548
  C:D8F4H         LINE#         549
  -------         ENDPROC       _GETPININ
  -------         ENDMOD        SYS

  -------         MODULE        TIMER
  C:0000H         SYMBOL        _ICE_DUMMY_
  B:00A8H.7       PUBLIC        EA
  C:E317H         PUBLIC        _KillTimer
  D:0008H         PUBLIC        TimerTime
  C:E0BBH         PUBLIC        _StartTimer
  B:0090H.0       PUBLIC        P10
  B:0090H.1       PUBLIC        P11
  D:0089H         PUBLIC        TMOD
  C:D386H         PUBLIC        T0_ISR_PC
  D:0018H         PUBLIC        OutTimeFlag
  B:00A8H.1       PUBLIC        ET0
  B:00A8H.3       PUBLIC        ET1
  B:00A8H.5       PUBLIC        ET2
  B:00C0H.6       PUBLIC        TF2
  D:008CH         PUBLIC        TH0
  D:008DH         PUBLIC        TH1
  D:0019H         PUBLIC        SysTick
  D:00CDH         PUBLIC        TH2
  D:001AH         PUBLIC        EnableTimer
  D:008AH         PUBLIC        TL0
  D:008BH         PUBLIC        TL1
  D:00CCH         PUBLIC        TL2
  B:0088H.4       PUBLIC        TR0
  B:0088H.6       PUBLIC        TR1
  C:E39EH         PUBLIC        timer1_Isr
  C:E3C4H         PUBLIC        timer2_Isr
  D:00C8H         PUBLIC        T2CON
  C:E369H         PUBLIC        _GetTimeOutFlag
  D:00CBH         PUBLIC        TRL2H
  D:00CAH         PUBLIC        TRL2L
  C:E0FEH         PUBLIC        T0_Init
  C:E269H         PUBLIC        T1_Init
  C:E341H         PUBLIC        T2_Init
  -------         PROC          T0_INIT
  C:E0FEH         LINE#         43
  C:E0FEH         LINE#         44
  C:E0FEH         LINE#         45
  C:E101H         LINE#         47
  C:E104H         LINE#         48
  C:E106H         LINE#         49
  C:E108H         LINE#         51
  C:E10AH         LINE#         52
  C:E10CH         LINE#         54
  C:E10FH         LINE#         55
  C:E112H         LINE#         56
  C:E115H         LINE#         57
  C:E117H         LINE#         58
  C:E119H         LINE#         59
  C:E11BH         LINE#         60
BL51 BANKED LINKER/LOCATER V6.22                                                      09/21/2026  18:37:52  PAGE 21


  -------         ENDPROC       T0_INIT
  -------         PROC          T0_ISR_PC
  -------         DO            
  D:001BH         SYMBOL        i
  -------         ENDDO         
  C:D386H         LINE#         71
  C:D393H         LINE#         75
  C:D395H         LINE#         76
  C:D398H         LINE#         77
  C:D39BH         LINE#         78
  C:D39DH         LINE#         80
  C:D3A0H         LINE#         81
  C:D3A0H         LINE#         82
  C:D3B6H         LINE#         83
  C:D3B6H         LINE#         84
  C:D3C4H         LINE#         85
  C:D3D2H         LINE#         86
  C:D3D2H         LINE#         87
  C:D3E0H         LINE#         88
  C:D3E3H         LINE#         89
  C:D3E3H         LINE#         90
  C:D3E3H         LINE#         91
  C:D3EAH         LINE#         92
  C:D3ECH         LINE#         93
  -------         ENDPROC       T0_ISR_PC
  -------         PROC          T1_INIT
  C:E269H         LINE#         96
  C:E269H         LINE#         97
  C:E269H         LINE#         98
  C:E26CH         LINE#         100
  C:E26FH         LINE#         101
  C:E271H         LINE#         102
  C:E273H         LINE#         103
  C:E275H         LINE#         104
  C:E278H         LINE#         105
  C:E27BH         LINE#         106
  C:E27EH         LINE#         107
  C:E280H         LINE#         108
  C:E282H         LINE#         109
  -------         ENDPROC       T1_INIT
  -------         PROC          TIMER1_ISR
  C:E39EH         LINE#         111
  C:E39EH         LINE#         113
  C:E3A0H         LINE#         114
  C:E3A3H         LINE#         115
  C:E3A6H         LINE#         116
  C:E3A8H         LINE#         117
  C:E3AAH         LINE#         118
  -------         ENDPROC       TIMER1_ISR
  -------         PROC          T2_INIT
  C:E341H         LINE#         122
  C:E341H         LINE#         123
  C:E341H         LINE#         124
  C:E344H         LINE#         126
  C:E347H         LINE#         127
  C:E34AH         LINE#         128
  C:E34DH         LINE#         129
BL51 BANKED LINKER/LOCATER V6.22                                                      09/21/2026  18:37:52  PAGE 22


  C:E34FH         LINE#         130
  C:E352H         LINE#         131
  C:E354H         LINE#         132
  -------         ENDPROC       T2_INIT
  -------         PROC          TIMER2_ISR
  C:E3C4H         LINE#         134
  C:E3C4H         LINE#         136
  C:E3C6H         LINE#         137
  C:E3C8H         LINE#         138
  C:E3CAH         LINE#         139
  C:E3CCH         LINE#         140
  -------         ENDPROC       TIMER2_ISR
  -------         PROC          _STARTTIMER
  D:0007H         SYMBOL        ID
  D:0004H         SYMBOL        nTime
  C:E0BBH         LINE#         155
  C:E0BBH         LINE#         156
  C:E0BBH         LINE#         157
  C:E0BDH         LINE#         158
  C:E0CBH         LINE#         159
  C:E0D6H         LINE#         160
  C:E0DAH         LINE#         161
  C:E0DCH         LINE#         162
  -------         ENDPROC       _STARTTIMER
  -------         PROC          _KILLTIMER
  D:0007H         SYMBOL        ID
  C:E317H         LINE#         175
  C:E317H         LINE#         176
  C:E317H         LINE#         177
  C:E319H         LINE#         178
  C:E327H         LINE#         179
  C:E329H         LINE#         180
  C:E32BH         LINE#         181
  -------         ENDPROC       _KILLTIMER
  -------         PROC          _GETTIMEOUTFLAG
  D:0007H         SYMBOL        ID
  -------         DO            
  D:0007H         SYMBOL        flag
  -------         ENDDO         
  C:E369H         LINE#         193
  C:E369H         LINE#         194
  C:E369H         LINE#         196
  C:E36BH         LINE#         197
  C:E379H         LINE#         198
  C:E37BH         LINE#         199
  C:E37BH         LINE#         201
  -------         ENDPROC       _GETTIMEOUTFLAG
  -------         ENDMOD        TIMER

  -------         MODULE        UART
  C:0000H         SYMBOL        _ICE_DUMMY_
  D:0080H         PUBLIC        P0
  C:D000H         PUBLIC        uart2_Isr
  C:CD1FH         PUBLIC        uart3_Isr
  B:00A8H.7       PUBLIC        EA
  X:8000H         PUBLIC        Uart_Struct
  D:00A8H         PUBLIC        IEN0
BL51 BANKED LINKER/LOCATER V6.22                                                      09/21/2026  18:37:52  PAGE 23


  D:00B8H         PUBLIC        IEN1
  D:009AH         PUBLIC        IEN2
  D:00BAH         PUBLIC        SREL0H
  D:00BBH         PUBLIC        SREL1H
  D:00AAH         PUBLIC        SREL0L
  C:D94AH         PUBLIC        _UartInit
  D:009DH         PUBLIC        SREL1L
  D:0097H         PUBLIC        SCON2R
  D:00D9H         PUBLIC        BODE2_DIV_H
  D:00ABH         PUBLIC        SCON3R
  D:00AEH         PUBLIC        BODE3_DIV_H
  D:0096H         PUBLIC        SCON2T
  D:00A7H         PUBLIC        SCON3T
  D:00E7H         PUBLIC        BODE2_DIV_L
  D:00AFH         PUBLIC        BODE3_DIV_L
  D:00C9H         PUBLIC        MUX_SEL
  B:00A8H.4       PUBLIC        ES0
  B:0098H.0       PUBLIC        RI0
  B:0098H.1       PUBLIC        TI0
  D:0099H         PUBLIC        SBUF0
  D:009CH         PUBLIC        SBUF1
  D:0098H         PUBLIC        SCON0
  D:009BH         PUBLIC        SCON1
  C:D99DH         PUBLIC        _UART2_Init
  D:00D8H         PUBLIC        ADCON
  C:DAD0H         PUBLIC        _UART3_Init
  C:B147H         PUBLIC        _Uart_Send_Data
  C:DD8DH         PUBLIC        _UART4_Init
  C:E070H         PUBLIC        _UART5_Init
  D:009FH         PUBLIC        SBUF2_RX
  D:00ADH         PUBLIC        SBUF3_RX
  D:009EH         PUBLIC        SBUF2_TX
  D:00ACH         PUBLIC        SBUF3_TX
  C:DBA9H         PUBLIC        uart4r_Isr
  C:DBF0H         PUBLIC        uart5r_Isr
  C:D678H         PUBLIC        uart4t_Isr
  C:D6D8H         PUBLIC        uart5t_Isr
  -------         PROC          _UART2_INIT
  D:0004H         SYMBOL        bdt
  -------         DO            
  X:C8A0H         SYMBOL        tmp
  -------         ENDDO         
  C:D99DH         LINE#         36
  C:D99DH         LINE#         37
  C:D99DH         LINE#         39
  C:D9BEH         LINE#         40
  C:D9C1H         LINE#         41
  C:D9C8H         LINE#         42
  C:D9CFH         LINE#         43
  C:D9D2H         LINE#         44
  C:D9D5H         LINE#         45
  C:D9D8H         LINE#         46
  C:D9E3H         LINE#         47
  C:D9E5H         LINE#         48
  C:D9E8H         LINE#         49
  C:D9EAH         LINE#         60
  -------         ENDPROC       _UART2_INIT
BL51 BANKED LINKER/LOCATER V6.22                                                      09/21/2026  18:37:52  PAGE 24


  -------         PROC          _UART3_INIT
  D:0004H         SYMBOL        bdt
  -------         DO            
  X:C8A0H         SYMBOL        tmp
  -------         ENDDO         
  C:DAD0H         LINE#         75
  C:DAD0H         LINE#         76
  C:DAD0H         LINE#         78
  C:DAF1H         LINE#         80
  C:DAF4H         LINE#         82
  C:DAFBH         LINE#         83
  C:DB02H         LINE#         84
  C:DB05H         LINE#         86
  C:DB08H         LINE#         87
  C:DB13H         LINE#         88
  C:DB15H         LINE#         89
  C:DB18H         LINE#         99
  -------         ENDPROC       _UART3_INIT
  -------         PROC          _UART4_INIT
  D:0004H         SYMBOL        bdt
  -------         DO            
  D:0004H         SYMBOL        tmp
  -------         ENDDO         
  C:DD8DH         LINE#         114
  C:DD8DH         LINE#         115
  C:DD8DH         LINE#         117
  C:DD90H         LINE#         118
  C:DD93H         LINE#         119
  C:DDAAH         LINE#         120
  C:DDADH         LINE#         121
  C:DDB1H         LINE#         123
  C:DDB4H         LINE#         128
  C:DDBBH         LINE#         129
  C:DDBFH         LINE#         130
  C:DDC3H         LINE#         131
  C:DDC9H         LINE#         132
  C:DDCDH         LINE#         133
  -------         ENDPROC       _UART4_INIT
  -------         PROC          _UART5_INIT
  D:0004H         SYMBOL        bdt
  -------         DO            
  D:0004H         SYMBOL        tmp
  -------         ENDDO         
  C:E070H         LINE#         148
  C:E070H         LINE#         149
  C:E070H         LINE#         151
  C:E073H         LINE#         152
  C:E076H         LINE#         154
  C:E08DH         LINE#         155
  C:E090H         LINE#         156
  C:E094H         LINE#         158
  C:E097H         LINE#         168
  -------         ENDPROC       _UART5_INIT
  -------         PROC          _UARTINIT
  D:0007H         SYMBOL        UartPort
  X:C89CH         SYMBOL        bdt
  C:D94AH         LINE#         170
BL51 BANKED LINKER/LOCATER V6.22                                                      09/21/2026  18:37:52  PAGE 25


  C:D94AH         LINE#         171
  C:D94AH         LINE#         172
  C:D958H         LINE#         173
  C:D958H         LINE#         174
  C:D958H         LINE#         175
  C:D969H         LINE#         176
  C:D969H         LINE#         177
  C:D969H         LINE#         178
  C:D97AH         LINE#         179
  C:D97AH         LINE#         180
  C:D97AH         LINE#         181
  C:D98BH         LINE#         182
  C:D98BH         LINE#         183
  C:D98BH         LINE#         184
  C:D99CH         LINE#         185
  C:D99CH         LINE#         186
  C:D99CH         LINE#         187
  C:D99CH         LINE#         188
  C:D99CH         LINE#         189
  -------         ENDPROC       _UARTINIT
  -------         PROC          _UART_SEND_DATA
  X:C89BH         SYMBOL        str
  X:C89CH         SYMBOL        len
  X:C89EH         SYMBOL        buf
  -------         DO            
  X:C8A1H         SYMBOL        i
  -------         ENDDO         
  C:B147H         LINE#         201
  C:B15BH         LINE#         202
  C:B15BH         LINE#         205
  C:B15DH         LINE#         206
  C:B17AH         LINE#         207
  C:B17AH         LINE#         208
  C:B1D3H         LINE#         209
  C:B1F2H         LINE#         210
  C:B20EH         LINE#         211
  C:B21FH         LINE#         212
  C:B236H         LINE#         213
  C:B236H         LINE#         214
  C:B236H         LINE#         215
  C:B23FH         LINE#         216
  C:B23FH         LINE#         220
  C:B241H         LINE#         221
  C:B254H         LINE#         222
  C:B262H         LINE#         223
  C:B265H         LINE#         224
  C:B265H         LINE#         225
  C:B268H         LINE#         226
  C:B268H         LINE#         227
  C:B271H         LINE#         228
  C:B271H         LINE#         232
  C:B273H         LINE#         233
  C:B286H         LINE#         234
  C:B294H         LINE#         235
  C:B297H         LINE#         236
  C:B297H         LINE#         237
  C:B299H         LINE#         238
BL51 BANKED LINKER/LOCATER V6.22                                                      09/21/2026  18:37:52  PAGE 26


  C:B299H         LINE#         239
  C:B29FH         LINE#         240
  C:B29FH         LINE#         244
  C:B2A1H         LINE#         245
  C:B2B4H         LINE#         246
  C:B2C2H         LINE#         247
  C:B2C5H         LINE#         248
  C:B2C5H         LINE#         249
  C:B2C7H         LINE#         250
  C:B2C7H         LINE#         251
  C:B2CDH         LINE#         252
  C:B2CDH         LINE#         256
  C:B2CFH         LINE#         257
  C:B2E2H         LINE#         258
  C:B2F0H         LINE#         259
  C:B2F7H         LINE#         260
  C:B2F7H         LINE#         261
  C:B2F7H         LINE#         262
  C:B2F7H         LINE#         263
  C:B2F7H         LINE#         264
  C:B2F7H         LINE#         265
  C:B2F9H         LINE#         266
  -------         ENDPROC       _UART_SEND_DATA
  -------         PROC          UART2_ISR
  C:D000H         LINE#         268
  C:D00FH         LINE#         270
  C:D011H         LINE#         271
  C:D014H         LINE#         272
  C:D014H         LINE#         273
  C:D016H         LINE#         274
  C:D029H         LINE#         275
  C:D037H         LINE#         276
  C:D03EH         LINE#         277
  C:D03EH         LINE#         278
  C:D041H         LINE#         279
  C:D041H         LINE#         280
  C:D043H         LINE#         281
  C:D057H         LINE#         282
  C:D057H         LINE#         283
  C:D064H         LINE#         284
  C:D072H         LINE#         285
  C:D079H         LINE#         286
  C:D07BH         LINE#         288
  C:D07BH         LINE#         289
  C:D080H         LINE#         293
  C:D080H         LINE#         294
  C:D080H         LINE#         295
  C:D082H         LINE#         296
  -------         ENDPROC       UART2_ISR
  -------         PROC          UART4T_ISR
  C:D678H         LINE#         298
  C:D687H         LINE#         300
  C:D689H         LINE#         301
  C:D68CH         LINE#         302
  C:D6A0H         LINE#         303
  C:D6A0H         LINE#         304
  C:D6ADH         LINE#         305
BL51 BANKED LINKER/LOCATER V6.22                                                      09/21/2026  18:37:52  PAGE 27


  C:D6BBH         LINE#         306
  C:D6C2H         LINE#         307
  C:D6C4H         LINE#         309
  C:D6C4H         LINE#         310
  C:D6C9H         LINE#         314
  C:D6C9H         LINE#         315
  C:D6CBH         LINE#         316
  -------         ENDPROC       UART4T_ISR
  -------         PROC          UART4R_ISR
  C:DBA9H         LINE#         318
  C:DBB6H         LINE#         320
  C:DBB8H         LINE#         321
  C:DBBBH         LINE#         322
  C:DBCEH         LINE#         323
  C:DBDCH         LINE#         324
  C:DBE3H         LINE#         325
  C:DBE5H         LINE#         326
  -------         ENDPROC       UART4R_ISR
  -------         PROC          UART5T_ISR
  C:D6D8H         LINE#         328
  C:D6E7H         LINE#         330
  C:D6E9H         LINE#         331
  C:D6ECH         LINE#         332
  C:D700H         LINE#         333
  C:D700H         LINE#         334
  C:D70DH         LINE#         335
  C:D71BH         LINE#         336
  C:D722H         LINE#         337
  C:D724H         LINE#         339
  C:D724H         LINE#         340
  C:D729H         LINE#         344
  C:D729H         LINE#         345
  C:D72BH         LINE#         346
  -------         ENDPROC       UART5T_ISR
  -------         PROC          UART5R_ISR
  C:DBF0H         LINE#         348
  C:DBFDH         LINE#         350
  C:DBFFH         LINE#         351
  C:DC02H         LINE#         352
  C:DC15H         LINE#         353
  C:DC23H         LINE#         354
  C:DC2AH         LINE#         355
  C:DC2CH         LINE#         356
  -------         ENDPROC       UART5R_ISR
  -------         PROC          UART3_ISR
  C:CD1FH         LINE#         358
  C:CD2EH         LINE#         360
  C:CD30H         LINE#         361
  C:CD35H         LINE#         362
  C:CD35H         LINE#         363
  C:CD38H         LINE#         364
  C:CD3BH         LINE#         365
  C:CD4EH         LINE#         366
  C:CD5CH         LINE#         367
  C:CD63H         LINE#         368
  C:CD63H         LINE#         369
  C:CD68H         LINE#         370
BL51 BANKED LINKER/LOCATER V6.22                                                      09/21/2026  18:37:52  PAGE 28


  C:CD68H         LINE#         371
  C:CD6BH         LINE#         372
  C:CD6EH         LINE#         373
  C:CD82H         LINE#         374
  C:CD82H         LINE#         375
  C:CD8FH         LINE#         376
  C:CD9DH         LINE#         377
  C:CDA4H         LINE#         378
  C:CDA6H         LINE#         380
  C:CDA6H         LINE#         381
  C:CDABH         LINE#         385
  C:CDABH         LINE#         386
  C:CDABH         LINE#         387
  C:CDADH         LINE#         388
  -------         ENDPROC       UART3_ISR
  -------         ENDMOD        UART

  -------         MODULE        DEBUG
  C:0000H         SYMBOL        _ICE_DUMMY_
  D:00B8H         PUBLIC        IEN1
  C:E3D3H         PUBLIC        abort
  C:E098H         PUBLIC        _mylog
  D:0097H         PUBLIC        SCON2R
  D:00D9H         PUBLIC        BODE2_DIV_H
  D:0096H         PUBLIC        SCON2T
  D:00E7H         PUBLIC        BODE2_DIV_L
  C:E32CH         PUBLIC        initDebugUart
  X:BEDFH         PUBLIC        logbuff
  D:009EH         PUBLIC        SBUF2_TX
  -------         PROC          INITDEBUGUART
  -------         DO            
  D:0004H         SYMBOL        tmp
  -------         ENDDO         
  C:E32CH         LINE#         18
  C:E32CH         LINE#         19
  C:E32CH         LINE#         48
  C:E32FH         LINE#         49
  C:E332H         LINE#         50
  C:E334H         LINE#         51
  C:E337H         LINE#         52
  C:E33AH         LINE#         53
  C:E33DH         LINE#         54
  C:E340H         LINE#         60
  -------         ENDPROC       INITDEBUGUART
  -------         PROC          _MYLOG
  X:C8D7H         SYMBOL        fmt
  -------         DO            
  X:C8DAH         SYMBOL        ellipsis_40
  X:C902H         SYMBOL        args
  -------         ENDDO         
  C:E098H         LINE#         96
  C:E0A3H         LINE#         97
  C:E0A3H         LINE#         99
  C:E0B1H         LINE#         116
  C:E0BAH         LINE#         117
  -------         ENDPROC       _MYLOG
  -------         PROC          ABORT
BL51 BANKED LINKER/LOCATER V6.22                                                      09/21/2026  18:37:52  PAGE 29


  C:E3D3H         LINE#         143
  C:E3D3H         LINE#         144
  C:E3D3H         LINE#         146
  C:E3D3H         LINE#         147
  C:E3D3H         LINE#         148
  -------         ENDPROC       ABORT
  -------         ENDMOD        DEBUG

  -------         MODULE        MAIN
  C:0000H         SYMBOL        _ICE_DUMMY_
  D:0090H         PUBLIC        P1
  B:00A8H.7       PUBLIC        EA
  X:C9FBH         SYMBOL        system_ready
  C:CA8AH         PUBLIC        main
  -------         PROC          MAIN
  -------         DO            
  X:C894H         SYMBOL        state
  X:C896H         SYMBOL        did_first_page
  X:C897H         SYMBOL        test1
  X:C899H         SYMBOL        test2
  -------         ENDDO         
  C:CA8AH         LINE#         31
  C:CA8AH         LINE#         32
  C:CA8AH         LINE#         34
  C:CA8FH         LINE#         35
  C:CA95H         LINE#         36
  C:CA9DH         LINE#         37
  C:CAA0H         LINE#         38
  C:CAA3H         LINE#         39
  C:CAA6H         LINE#         40
  C:CAADH         LINE#         41
  C:CAB6H         LINE#         42
  C:CABFH         LINE#         43
  C:CAC2H         LINE#         45
  C:CAC4H         LINE#         46
  C:CACCH         LINE#         47
  C:CACFH         LINE#         49
  C:CAD8H         LINE#         50
  C:CAEDH         LINE#         51
  C:CAF0H         LINE#         53
  C:CAF0H         LINE#         54
  C:CAF0H         LINE#         55
  C:CAF3H         LINE#         56
  C:CB05H         LINE#         57
  C:CB0DH         LINE#         58
  C:CB11H         LINE#         59
  C:CB15H         LINE#         60
  C:CB15H         LINE#         61
  C:CB1FH         LINE#         62
  C:CB22H         LINE#         63
  C:CB25H         LINE#         64
  C:CB30H         LINE#         65
  C:CB33H         LINE#         71
  -------         ENDPROC       MAIN
  -------         ENDMOD        MAIN

  -------         MODULE        UI
BL51 BANKED LINKER/LOCATER V6.22                                                      09/21/2026  18:37:52  PAGE 30


  C:0000H         SYMBOL        _ICE_DUMMY_
  X:C679H         SYMBOL        check_addr
  X:C67BH         PUBLIC        Page
  X:C705H         PUBLIC        txt_off
  X:C70BH         SYMBOL        second
  X:C70DH         SYMBOL        read500_enable
  X:C70EH         SYMBOL        loding
  X:C70FH         SYMBOL        adminEngineermod
  X:C711H         SYMBOL        page24_flag
  X:C713H         SYMBOL        quickSetting
  X:C714H         SYMBOL        recoll_value
  X:C716H         SYMBOL        workPageC
  X:C717H         SYMBOL        botFrameS
  X:C718H         SYMBOL        TT10
  X:C71AH         SYMBOL        botHeating
  X:C71CH         PUBLIC        page_number
  X:C71DH         SYMBOL        workPageH
  X:C71EH         SYMBOL        check_count
  X:C720H         SYMBOL        g_cnt_value
  X:C722H         SYMBOL        adminActiveLog
  X:C724H         SYMBOL        adminUserSetting
  X:C726H         SYMBOL        workPageN
  X:C727H         SYMBOL        topFrameS
  X:C728H         SYMBOL        botCooling
  C:D852H         SYMBOL        _ShowMMSS2
  X:C72AH         SYMBOL        topHeating
  X:C72CH         SYMBOL        inputpw
  X:C72EH         SYMBOL        sec_active
  X:C72FH         SYMBOL        timer
  X:C731H         SYMBOL        topCooling
  X:C733H         SYMBOL        BT100
  C:E3B0H         PUBLIC        _Page_Change_UI
  X:C735H         SYMBOL        error_flag
  X:C737H         SYMBOL        adminList
  X:C739H         SYMBOL        start_flag
  C:0100H         PUBLIC        _encoder_page_change
  X:C73BH         SYMBOL        press
  C:E121H         SYMBOL        _ChangeImage
  C:DDCEH         PUBLIC        SecCnt_Start
  X:C73DH         SYMBOL        time_result
  X:C73FH         SYMBOL        botFrame
  C:912EH         PUBLIC        _select_num
  X:C740H         SYMBOL        adminLanguage
  X:C742H         SYMBOL        BC1
  X:C744H         SYMBOL        ones
  C:C096H         PUBLIC        _QuickSettingTextSet
  X:C754H         SYMBOL        TT100
  X:C756H         SYMBOL        exit
  X:C757H         SYMBOL        tens
  X:C767H         SYMBOL        sec_value
  X:C769H         SYMBOL        adminErrorLog
  X:C76BH         SYMBOL        adminLogError
  C:A492H         PUBLIC        data_set_Init
  X:C76DH         SYMBOL        topFrame
  X:C76EH         SYMBOL        ui_poll_enable
  X:C76FH         SYMBOL        min
  X:C771H         SYMBOL        IOSet
BL51 BANKED LINKER/LOCATER V6.22                                                      09/21/2026  18:37:52  PAGE 31


  X:C77DH         SYMBOL        BT1
  C:DD4BH         PUBLIC        SecCnt_TickTask
  X:C77FH         SYMBOL        adminIOTest
  X:C781H         SYMBOL        TC1
  C:E0DDH         PUBLIC        SecCnt_Stop
  C:DECEH         PUBLIC        _Page_Change_Handler
  X:C783H         PUBLIC        page_set
  X:C787H         SYMBOL        pressureS
  X:C789H         SYMBOL        adminEngineermodS
  C:A123H         PUBLIC        admin_page_change
  X:C78BH         SYMBOL        adminFactoryResetNotice
  X:C78DH         SYMBOL        main1
  X:C78FH         SYMBOL        main2
  X:C791H         SYMBOL        TT1
  X:C793H         SYMBOL        main3
  X:C795H         SYMBOL        main4
  X:C797H         SYMBOL        main5
  X:C799H         SYMBOL        main6
  X:C79BH         SYMBOL        main7
  X:C79DH         SYMBOL        botHeatingS
  X:C79FH         SYMBOL        check_active
  X:C7A0H         SYMBOL        hundreds
  C:D9EBH         SYMBOL        _ShowMMSS
  X:C7B0H         SYMBOL        delayS
  X:C7B2H         SYMBOL        BC10
  X:C7B4H         SYMBOL        adminCompany
  X:C7B6H         SYMBOL        botCoolingS
  X:C7B8H         SYMBOL        topHeatingS
  C:D545H         PUBLIC        write_dgus_vp_check
  X:C7BAH         SYMBOL        g_cnt_active
  C:D096H         PUBLIC        _Page21Functioning
  C:D1EFH         PUBLIC        _check_Start
  X:C7BBH         SYMBOL        elapsed_time
  X:C7BDH         SYMBOL        deleay_flag
  X:C7BEH         SYMBOL        adminMaintenance
  X:C7C0H         SYMBOL        BT10
  X:C7C2H         SYMBOL        topCoolingS
  X:C7C4H         SYMBOL        TC10
  C:E3B8H         PUBLIC        check_End
  X:C7C6H         SYMBOL        legacy_value
  C:D7F4H         PUBLIC        quickSettingInIt
  C:E3CDH         PUBLIC        UI_Read500ms_Stop
  C:D1E5H         SYMBOL        L?1142
  -------         PROC          L?1141
  -------         ENDPROC       L?1141
  C:D1E5H         SYMBOL        L?1142
  -------         PROC          _CHECK_START
  D:0006H         SYMBOL        addr
  D:0004H         SYMBOL        velue
  C:D1EFH         LINE#         166
  C:D1EFH         LINE#         167
  C:D1F7H         LINE#         168
  C:D1FFH         LINE#         169
  C:D205H         LINE#         170
  C:D215H         LINE#         171
  -------         ENDPROC       _CHECK_START
  -------         PROC          CHECK_END
BL51 BANKED LINKER/LOCATER V6.22                                                      09/21/2026  18:37:52  PAGE 32


  C:E3B8H         LINE#         174
  C:E3B8H         LINE#         175
  C:E3BDH         LINE#         176
  C:E3C3H         LINE#         177
  -------         ENDPROC       CHECK_END
  -------         PROC          WRITE_DGUS_VP_CHECK
  C:D545H         LINE#         179
  C:D545H         LINE#         180
  C:D54BH         LINE#         181
  C:D553H         LINE#         182
  C:D56CH         LINE#         183
  C:D583H         LINE#         184
  C:D586H         LINE#         185
  C:D595H         LINE#         186
  C:D5A0H         LINE#         187
  C:D5AEH         LINE#         188
  C:D5AEH         LINE#         189
  C:D5AEH         LINE#         190
  -------         ENDPROC       WRITE_DGUS_VP_CHECK
  -------         PROC          UI_READ500MS_STOP
  C:E3CDH         LINE#         191
  C:E3CDH         LINE#         192
  C:E3D2H         LINE#         193
  -------         ENDPROC       UI_READ500MS_STOP
  -------         PROC          _QUICKSETTINGTEXTSET
  D:0006H         SYMBOL        count
  X:C8BFH         SYMBOL        select_position
  C:C096H         LINE#         198
  C:C09EH         LINE#         199
  C:C0B9H         LINE#         200
  C:C0B9H         LINE#         201
  C:C0CFH         LINE#         202
  C:C0CFH         LINE#         203
  C:C0D6H         LINE#         204
  C:C0DDH         LINE#         205
  C:C0DFH         LINE#         206
  C:C0E1H         LINE#         207
  C:C0E1H         LINE#         208
  C:C0E8H         LINE#         209
  C:C0EFH         LINE#         210
  C:C0EFH         LINE#         211
  C:C0F1H         LINE#         212
  C:C0F1H         LINE#         213
  C:C0F8H         LINE#         214
  C:C0FFH         LINE#         215
  C:C0FFH         LINE#         217
  C:C101H         LINE#         219
  C:C101H         LINE#         220
  C:C108H         LINE#         221
  C:C10FH         LINE#         222
  C:C111H         LINE#         223
  C:C113H         LINE#         224
  C:C113H         LINE#         225
  C:C113H         LINE#         227
  C:C113H         LINE#         228
  C:C115H         LINE#         229
  C:C117H         LINE#         231
BL51 BANKED LINKER/LOCATER V6.22                                                      09/21/2026  18:37:52  PAGE 33


  C:C117H         LINE#         232
  C:C12DH         LINE#         233
  C:C12DH         LINE#         234
  C:C134H         LINE#         235
  C:C13BH         LINE#         236
  C:C13FH         LINE#         237
  C:C141H         LINE#         238
  C:C141H         LINE#         239
  C:C148H         LINE#         240
  C:C14FH         LINE#         241
  C:C151H         LINE#         242
  C:C153H         LINE#         243
  C:C153H         LINE#         244
  C:C15AH         LINE#         245
  C:C161H         LINE#         246
  C:C163H         LINE#         247
  C:C165H         LINE#         248
  C:C165H         LINE#         249
  C:C16CH         LINE#         250
  C:C173H         LINE#         251
  C:C177H         LINE#         252
  C:C179H         LINE#         253
  C:C179H         LINE#         254
  C:C179H         LINE#         255
  C:C179H         LINE#         256
  C:C18BH         LINE#         257
  C:C18BH         LINE#         258
  C:C192H         LINE#         259
  C:C196H         LINE#         260
  C:C198H         LINE#         261
  C:C198H         LINE#         262
  C:C19FH         LINE#         263
  C:C1A6H         LINE#         264
  C:C1A6H         LINE#         265
  C:C1A6H         LINE#         266
  C:C1ADH         LINE#         267
  C:C1B4H         LINE#         268
  C:C1B4H         LINE#         269
  C:C1B4H         LINE#         270
  C:C1B4H         LINE#         271
  C:C1B4H         LINE#         272
  -------         ENDPROC       _QUICKSETTINGTEXTSET
  -------         PROC          _SELECT_NUM
  D:0006H         SYMBOL        page
[...]
  C:C5D7H         LINE#         45
  C:C5EAH         LINE#         46
  C:C5EFH         LINE#         48
  C:C5F8H         LINE#         49
  C:C5FBH         LINE#         51
  C:C5FBH         LINE#         52
  C:C629H         LINE#         53
  C:C651H         LINE#         56
  C:C65CH         LINE#         57
  C:C65CH         LINE#         58
  C:C677H         LINE#         59
  C:C688H         LINE#         60
  C:C688H         LINE#         61
  C:C69CH         LINE#         62
  C:C69CH         LINE#         63
  C:C69FH         LINE#         65
  C:C6AAH         LINE#         66
  -------         ENDPROC       _HEX_INPUT_TO_ASCII
  -------         PROC          _HEXTOASCII
  D:0007H         SYMBOL        str
  -------         DO            
  D:0006H         SYMBOL        high4bit
  D:0005H         SYMBOL        low4bit
  D:0006H         SYMBOL        result
  -------         ENDDO         
  C:DFABH         LINE#         69
  C:DFABH         LINE#         70
  C:DFABH         LINE#         74
  C:DFB2H         LINE#         75
  C:DFB6H         LINE#         76
  C:DFBDH         LINE#         77
  C:DFBDH         LINE#         78
  C:DFC2H         LINE#         79
  C:DFC4H         LINE#         81
  C:DFC4H         LINE#         82
  C:DFC7H         LINE#         83
  C:DFC7H         LINE#         84
  C:DFCEH         LINE#         85
  C:DFCEH         LINE#         86
  C:DFD3H         LINE#         87
  C:DFD5H         LINE#         89
  C:DFD5H         LINE#         90
  C:DFD8H         LINE#         91
  C:DFD8H         LINE#         92
  C:DFDAH         LINE#         93
  C:DFDCH         LINE#         94
  C:DFDEH         LINE#         95
  C:DFDEH         LINE#         96
  -------         ENDPROC       _HEXTOASCII
  -------         PROC          _HEXTOASCIISMALL
  D:0007H         SYMBOL        str
  -------         DO            
  D:0006H         SYMBOL        high4bit
  D:0005H         SYMBOL        low4bit
BL51 BANKED LINKER/LOCATER V6.22                                                      09/21/2026  18:37:52  PAGE 124


  D:0006H         SYMBOL        result
  -------         ENDDO         
  C:DFDFH         LINE#         99
  C:DFDFH         LINE#         100
  C:DFDFH         LINE#         104
  C:DFE6H         LINE#         105
  C:DFEAH         LINE#         106
  C:DFF1H         LINE#         107
  C:DFF1H         LINE#         108
  C:DFF6H         LINE#         109
  C:DFF8H         LINE#         111
  C:DFF8H         LINE#         112
  C:DFFBH         LINE#         113
  C:DFFBH         LINE#         114
  C:E002H         LINE#         115
  C:E002H         LINE#         116
  C:E007H         LINE#         117
  C:E009H         LINE#         119
  C:E009H         LINE#         120
  C:E00CH         LINE#         121
  C:E00CH         LINE#         122
  C:E00EH         LINE#         123
  C:E010H         LINE#         124
  C:E012H         LINE#         125
  C:E012H         LINE#         126
  -------         ENDPROC       _HEXTOASCIISMALL
  -------         PROC          _GETCHARVALUE
  X:C989H         SYMBOL        sourceTxt
  X:C98CH         SYMBOL        value
  -------         DO            
  X:C98FH         SYMBOL        i
  X:C990H         SYMBOL        tmp
  -------         ENDDO         
  C:C786H         LINE#         129
  C:C791H         LINE#         130
  C:C791H         LINE#         134
  C:C7A0H         LINE#         135
  C:C7A0H         LINE#         136
  C:C7BFH         LINE#         137
  C:C7BFH         LINE#         138
  C:C7C7H         LINE#         139
  C:C7CEH         LINE#         140
  C:C7D8H         LINE#         141
  C:C7D8H         LINE#         142
  C:C7F7H         LINE#         143
  C:C7F7H         LINE#         144
  C:C80EH         LINE#         145
  C:C82DH         LINE#         146
  C:C82DH         LINE#         148
  C:C82DH         LINE#         149
  C:C835H         LINE#         150
  -------         ENDPROC       _GETCHARVALUE
  -------         PROC          _GETCHARVALUEASCII
  X:C9D7H         SYMBOL        sourceTxt
  X:C9DAH         SYMBOL        ascii
  -------         DO            
  D:0007H         SYMBOL        i
BL51 BANKED LINKER/LOCATER V6.22                                                      09/21/2026  18:37:52  PAGE 125


  -------         ENDDO         
  C:D4D7H         LINE#         154
  C:D4E2H         LINE#         155
  C:D4E2H         LINE#         157
  C:D4E4H         LINE#         158
  C:D4E4H         LINE#         159
  C:D503H         LINE#         160
  C:D503H         LINE#         161
  C:D508H         LINE#         162
  C:D50EH         LINE#         163
  C:D50EH         LINE#         164
  C:D52DH         LINE#         165
  C:D52DH         LINE#         166
  C:D541H         LINE#         167
  C:D541H         LINE#         169
  C:D541H         LINE#         170
  C:D544H         LINE#         171
  -------         ENDPROC       _GETCHARVALUEASCII
  -------         PROC          _GETCHARASCII
  X:C9DDH         SYMBOL        sourceTxt
  X:C9E0H         SYMBOL        ascii
  -------         DO            
  D:0007H         SYMBOL        i
  -------         ENDDO         
  C:D738H         LINE#         174
  C:D743H         LINE#         175
  C:D743H         LINE#         178
  C:D745H         LINE#         179
  C:D745H         LINE#         180
  C:D75CH         LINE#         181
  C:D75CH         LINE#         182
  C:D761H         LINE#         183
  C:D762H         LINE#         184
  C:D768H         LINE#         185
  C:D768H         LINE#         186
  C:D780H         LINE#         187
  C:D780H         LINE#         188
  C:D794H         LINE#         189
  C:D794H         LINE#         191
  C:D794H         LINE#         192
  C:D797H         LINE#         193
  -------         ENDPROC       _GETCHARASCII
  -------         PROC          _SIZEARRAY
  X:C9F6H         SYMBOL        str
  -------         DO            
  D:0007H         SYMBOL        numArray
  -------         ENDDO         
  C:DC37H         LINE#         196
  C:DC42H         LINE#         197
  C:DC42H         LINE#         199
  C:DC44H         LINE#         200
  C:DC52H         LINE#         201
  C:DC53H         LINE#         202
  C:DC66H         LINE#         203
  C:DC66H         LINE#         204
  C:DC70H         LINE#         205
  C:DC71H         LINE#         206
BL51 BANKED LINKER/LOCATER V6.22                                                      09/21/2026  18:37:52  PAGE 126


  C:DC7BH         LINE#         207
  C:DC7BH         LINE#         208
  C:DC7DH         LINE#         209
  C:DC7DH         LINE#         210
  C:DC7DH         LINE#         211
  C:DC7DH         LINE#         213
  C:DC7DH         LINE#         214
  -------         ENDPROC       _SIZEARRAY
  -------         PROC          _MSTRCMP
  X:C9CAH         SYMBOL        str1
  X:C9CDH         SYMBOL        str2
  -------         DO            
  X:C9D0H         SYMBOL        i
  D:0004H         SYMBOL        len1
  D:0006H         SYMBOL        len2
  -------         ENDDO         
  C:D3F7H         LINE#         217
  C:D402H         LINE#         218
  C:D402H         LINE#         221
  C:D409H         LINE#         222
  C:D417H         LINE#         225
  C:D41EH         LINE#         226
  C:D421H         LINE#         228
  C:D430H         LINE#         229
  C:D430H         LINE#         230
  C:D45AH         LINE#         231
  C:D45DH         LINE#         232
  C:D465H         LINE#         233
  C:D467H         LINE#         234
  -------         ENDPROC       _MSTRCMP
  -------         PROC          _CALCULATE_CRC16
  X:C9B3H         SYMBOL        updata
  X:C9B6H         SYMBOL        len
  X:C9B7H         SYMBOL        mode
  -------         DO            
  X:C9B8H         SYMBOL        Reg_CRC
  X:C9BAH         SYMBOL        i
  D:0005H         SYMBOL        j
  -------         ENDDO         
  C:C911H         LINE#         244
  C:C91FH         LINE#         245
  C:C91FH         LINE#         246
  C:C927H         LINE#         248
  C:C937H         LINE#         249
  C:C937H         LINE#         250
  C:C954H         LINE#         251
  C:C956H         LINE#         252
  C:C956H         LINE#         253
  C:C961H         LINE#         254
  C:C961H         LINE#         255
  C:C978H         LINE#         256
  C:C97AH         LINE#         258
  C:C97AH         LINE#         259
  C:C985H         LINE#         260
  C:C985H         LINE#         261
  C:C98AH         LINE#         262
  C:C992H         LINE#         263
BL51 BANKED LINKER/LOCATER V6.22                                                      09/21/2026  18:37:52  PAGE 127


  C:C999H         LINE#         264
  C:C999H         LINE#         265
  C:C9B1H         LINE#         266
  C:C9C5H         LINE#         267
  C:C9C5H         LINE#         269
  C:C9CDH         LINE#         270
  -------         ENDPROC       _CALCULATE_CRC16
  -------         PROC          _BCD
  D:0007H         SYMBOL        dat
  C:E37CH         LINE#         272
  C:E37CH         LINE#         273
  C:E37CH         LINE#         274
  C:E38EH         LINE#         275
  -------         ENDPROC       _BCD
  -------         PROC          _IBCD
  D:0007H         SYMBOL        dat
  C:E38FH         LINE#         277
  C:E38FH         LINE#         278
  C:E38FH         LINE#         279
  C:E39DH         LINE#         280
  -------         ENDPROC       _IBCD
  -------         ENDMOD        UMATH

  -------         MODULE        ENCODER
  C:0000H         SYMBOL        _ICE_DUMMY_
  D:0090H         PUBLIC        P1
  C:B63FH         PUBLIC        Encoder_recevie
  C:C9CEH         PUBLIC        _Encoder_Set_Value
  -------         PROC          ENCODER_RECEVIE
  -------         DO            
  X:C89BH         SYMBOL        Encoder_flag
  X:C89CH         SYMBOL        KEY_CW_PORT
  X:C89EH         SYMBOL        KEY_CCW_PORT
  X:C8A0H         SYMBOL        key
  X:C992H         SYMBOL        rEncoder_Code
  X:C993H         SYMBOL        rEn_Right_Save
  X:C994H         SYMBOL        rEn_Left_Save
  X:C995H         SYMBOL        F_Encoder_Check
  X:C996H         SYMBOL        rEn_Right_Read
  X:C997H         SYMBOL        rEn_Left_Read
  X:C998H         SYMBOL        x
  X:C999H         SYMBOL        y
  -------         ENDDO         
  C:B63FH         LINE#         14
  C:B63FH         LINE#         15
  C:B63FH         LINE#         16
  C:B644H         LINE#         19
  C:B64AH         LINE#         28
  C:B650H         LINE#         29
  C:B65AH         LINE#         30
  C:B664H         LINE#         32
  C:B66BH         LINE#         33
  C:B675H         LINE#         34
  C:B67FH         LINE#         36
  C:B686H         LINE#         38
  C:B690H         LINE#         39
  C:B690H         LINE#         40
BL51 BANKED LINKER/LOCATER V6.22                                                      09/21/2026  18:37:52  PAGE 128


  C:B690H         LINE#         41
  C:B690H         LINE#         44
  C:B69AH         LINE#         45
  C:B69AH         LINE#         47
  C:B69AH         LINE#         48
  C:B69AH         LINE#         50
  C:B6A8H         LINE#         51
  C:B6AFH         LINE#         52
  C:B6BEH         LINE#         53
  C:B6BEH         LINE#         54
  C:B6C4H         LINE#         55
  C:B6C4H         LINE#         56
  C:B6C4H         LINE#         57
  C:B6C4H         LINE#         58
  C:B6DCH         LINE#         59
  C:B6DCH         LINE#         60
  C:B6E2H         LINE#         61
  C:B6E2H         LINE#         63
  C:B6E2H         LINE#         64
  C:B6ECH         LINE#         65
  C:B6ECH         LINE#         66
  C:B6F3H         LINE#         67
  C:B6F3H         LINE#         110
  C:B70AH         LINE#         111
  C:B70AH         LINE#         112
  C:B710H         LINE#         113
  C:B710H         LINE#         114
  C:B712H         LINE#         115
  C:B71AH         LINE#         116
  C:B71AH         LINE#         117
  C:B720H         LINE#         118
  C:B722H         LINE#         119
  C:B726H         LINE#         120
  C:B726H         LINE#         121
  C:B72CH         LINE#         122
  C:B72CH         LINE#         123
  C:B72CH         LINE#         124
  C:B731H         LINE#         125
  C:B734H         LINE#         126
  C:B736H         LINE#         127
  C:B738H         LINE#         129
  C:B738H         LINE#         130
  C:B73EH         LINE#         131
  C:B742H         LINE#         132
  C:B742H         LINE#         133
  C:B746H         LINE#         134
  C:B748H         LINE#         136
  C:B748H         LINE#         137
  C:B74DH         LINE#         138
  C:B74DH         LINE#         140
  C:B757H         LINE#         141
  C:B757H         LINE#         142
  C:B75DH         LINE#         143
  C:B75FH         LINE#         145
  C:B75FH         LINE#         146
  C:B764H         LINE#         147
  C:B764H         LINE#         150
BL51 BANKED LINKER/LOCATER V6.22                                                      09/21/2026  18:37:52  PAGE 129


  C:B77CH         LINE#         151
  C:B77CH         LINE#         152
  C:B785H         LINE#         153
  C:B78EH         LINE#         154
  C:B796H         LINE#         155
  C:B79BH         LINE#         156
  C:B79EH         LINE#         157
  C:B7A2H         LINE#         158
  C:B7A2H         LINE#         159
  C:B7A2H         LINE#         162
  C:B7AAH         LINE#         163
  C:B7AAH         LINE#         164
  C:B7AFH         LINE#         165
  C:B7AFH         LINE#         166
  C:B7B3H         LINE#         167
  C:B7B3H         LINE#         168
  C:B7B8H         LINE#         169
  C:B7B8H         LINE#         170
  C:B7C0H         LINE#         171
  C:B7C0H         LINE#         172
  C:B7C5H         LINE#         173
  C:B7C5H         LINE#         174
  C:B7C9H         LINE#         175
  C:B7C9H         LINE#         176
  C:B7CEH         LINE#         177
  C:B7CEH         LINE#         178
  C:B7D1H         LINE#         179
  -------         ENDPROC       ENCODER_RECEVIE
  -------         PROC          _ENCODER_SET_VALUE
  X:C9BBH         SYMBOL        unit_value
  X:C9BDH         SYMBOL        upper_limit_value
  X:C9BFH         SYMBOL        lower_limiting_value
  X:C9C1H         SYMBOL        set_value
  -------         DO            
  D:0006H         SYMBOL        encoder_tmp
  -------         ENDDO         
  C:C9CEH         LINE#         191
  C:C9E2H         LINE#         192
  C:C9E2H         LINE#         193
  C:C9E5H         LINE#         194
  C:C9E8H         LINE#         195
  C:C9EEH         LINE#         196
  C:C9EEH         LINE#         197
  C:CA04H         LINE#         198
  C:CA04H         LINE#         199
  C:CA18H         LINE#         200
  C:CA1AH         LINE#         201
  C:CA29H         LINE#         202
  C:CA29H         LINE#         203
  C:CA2FH         LINE#         204
  C:CA2FH         LINE#         205
  C:CA31H         LINE#         206
  C:CA37H         LINE#         207
  C:CA37H         LINE#         208
  C:CA4BH         LINE#         209
  C:CA4BH         LINE#         210
  C:CA5BH         LINE#         211
BL51 BANKED LINKER/LOCATER V6.22                                                      09/21/2026  18:37:52  PAGE 130


  C:CA5DH         LINE#         212
  C:CA72H         LINE#         213
  C:CA72H         LINE#         214
  C:CA81H         LINE#         215
  C:CA81H         LINE#         216
  C:CA81H         LINE#         217
  C:CA89H         LINE#         218
  -------         ENDPROC       _ENCODER_SET_VALUE
  -------         ENDMOD        ENCODER

  -------         MODULE        ?C?COPY
  C:9CFCH         PUBLIC        ?C?COPY
  -------         ENDMOD        ?C?COPY

  -------         MODULE        ?C?CLDPTR
  C:9D22H         PUBLIC        ?C?CLDPTR
  -------         ENDMOD        ?C?CLDPTR

  -------         MODULE        ?C?CLDOPTR
  C:9D3BH         PUBLIC        ?C?CLDOPTR
  -------         ENDMOD        ?C?CLDOPTR

  -------         MODULE        ?C?CSTPTR
  C:9D68H         PUBLIC        ?C?CSTPTR
  -------         ENDMOD        ?C?CSTPTR

  -------         MODULE        ?C?CSTOPTR
  C:9D7AH         PUBLIC        ?C?CSTOPTR
  -------         ENDMOD        ?C?CSTOPTR

  -------         MODULE        ?C?IMUL
  C:9D9CH         PUBLIC        ?C?IMUL
  -------         ENDMOD        ?C?IMUL

  -------         MODULE        ?C?UIDIV
  C:9DAEH         PUBLIC        ?C?UIDIV
  -------         ENDMOD        ?C?UIDIV

  -------         MODULE        ?C?IILDX
  C:9E03H         PUBLIC        ?C?IILDX
  -------         ENDMOD        ?C?IILDX

  -------         MODULE        ?C?ILDIX
  C:9E19H         PUBLIC        ?C?ILDIX
  -------         ENDMOD        ?C?ILDIX

  -------         MODULE        ?C?ILDPTR
  C:9E2FH         PUBLIC        ?C?ILDPTR
  -------         ENDMOD        ?C?ILDPTR

  -------         MODULE        ?C?ILDOPTR
  C:9E5AH         PUBLIC        ?C?ILDOPTR
  -------         ENDMOD        ?C?ILDOPTR

  -------         MODULE        ?C?IILDPTR
  C:9E92H         PUBLIC        ?C?IILDPTR
  -------         ENDMOD        ?C?IILDPTR
BL51 BANKED LINKER/LOCATER V6.22                                                      09/21/2026  18:37:52  PAGE 131



  -------         MODULE        ?C?ISTPTR
  C:9ECAH         PUBLIC        ?C?ISTPTR
  -------         ENDMOD        ?C?ISTPTR

  -------         MODULE        ?C?LMUL
  C:9EE9H         PUBLIC        ?C?LMUL
  -------         ENDMOD        ?C?LMUL

  -------         MODULE        ?C?ULDIV
  C:9F74H         PUBLIC        ?C?ULDIV
  -------         ENDMOD        ?C?ULDIV

  -------         MODULE        ?C?ULCMP
  C:A006H         PUBLIC        ?C?ULCMP
  -------         ENDMOD        ?C?ULCMP

  -------         MODULE        ?C?ULSHR
  C:A017H         PUBLIC        ?C?ULSHR
  -------         ENDMOD        ?C?ULSHR

  -------         MODULE        ?C?LSHL
  C:A02AH         PUBLIC        ?C?LSHL
  -------         ENDMOD        ?C?LSHL

  -------         MODULE        ?C?LSTXDATA
  C:A03DH         PUBLIC        ?C?LSTXDATA
  -------         ENDMOD        ?C?LSTXDATA

  -------         MODULE        ?C?LSTKXDATA
  C:A049H         PUBLIC        ?C?LSTKXDATA
  -------         ENDMOD        ?C?LSTKXDATA

  -------         MODULE        ?C?OFFXADD
  C:A07AH         PUBLIC        ?C?OFFXADD
  -------         ENDMOD        ?C?OFFXADD

  -------         MODULE        ?C?PLDPTR
  C:A086H         PUBLIC        ?C?PLDPTR
  -------         ENDMOD        ?C?PLDPTR

  -------         MODULE        ?C?PLDOPTR
  C:A0A6H         PUBLIC        ?C?PLDOPTR
  -------         ENDMOD        ?C?PLDOPTR

  -------         MODULE        ?C?CCASE
  C:A0D6H         PUBLIC        ?C?CCASE
  -------         ENDMOD        ?C?CCASE

  -------         MODULE        ?C?PLDIDATA
  C:A0FCH         PUBLIC        ?C?PLDIDATA
  -------         ENDMOD        ?C?PLDIDATA

  -------         MODULE        ?C?PLDXDATA
  C:A105H         PUBLIC        ?C?PLDXDATA
  -------         ENDMOD        ?C?PLDXDATA

BL51 BANKED LINKER/LOCATER V6.22                                                      09/21/2026  18:37:52  PAGE 132


  -------         MODULE        ?C?PLDPDATA
  C:A10EH         PUBLIC        ?C?PLDPDATA
  -------         ENDMOD        ?C?PLDPDATA

  -------         MODULE        ?C?PLDCODE
  C:A117H         PUBLIC        ?C?PLDCODE
  -------         ENDMOD        ?C?PLDCODE

*** WARNING L7: MODULE NAME NOT UNIQUE
    MODULE:  .\Objects\dwin8283.obj (DWIN8283)

*** WARNING L1: UNRESOLVED EXTERNAL SYMBOL
    SYMBOL:  _READ_DGUS
    MODULE:  .\Objects\history.obj (HISTORY)

*** WARNING L2: REFERENCE MADE TO UNRESOLVED EXTERNAL
    SYMBOL:  _READ_DGUS
    MODULE:  .\Objects\history.obj (HISTORY)
    ADDRESS: B963H

Program Size: data=29.0 xdata=18943 code=58110
LINK/LOCATE RUN COMPLETE.  3 WARNING(S),  0 ERROR(S)
