C51 COMPILER V9.56.0.0   TIMER                                                             06/02/2026 16:03:47 PAGE 1   


C51 COMPILER V9.56.0.0, COMPILATION OF MODULE TIMER
OBJECT MODULE PLACED IN .\Objects\timer.obj
COMPILER INVOKED BY: C:\Keil_v5\C51\BIN\C51.EXE driver\timer.c LARGE OPTIMIZE(8,SPEED) BROWSE INCDIR(.\driver;.\source;.
                    -\lib) DEBUG OBJECTEXTEND PRINT(.\Listings\timer.lst) TABS(2) OBJECT(.\Objects\timer.obj)

line level    source

   1          /******************************************************************************
   2          
   3                            版权所有 (C), 2019, 北京迪文科技有限公司
   4          
   5           ******************************************************************************
   6            文 件 名   : timer.c
   7            版 本 号   : V1.0
   8            作    者   : chenmeishu
   9            生成日期   : 2019.9.2
  10            功能描述   : 实现了定时器    硬件定时器0    实现了8个软定时器
  11            修改历史   :
  12            1.日    期   : 
  13              作    者   : 
  14              修改内容   : 
  15          ******************************************************************************/
  16          
  17          #include "timer.h"
  18          
  19          
  20          //注意：禁止私自访问这些变量，只能用接口函数访问
  21          //u8  EnableTimer;   //8个软定时器是否使能
  22          //u8  OutTimeFlag;   //8个软定时器是否超时
  23          //u32 TimerTime[8];  //8个软定时器定时时间
  24          
  25          //注意：禁止私自访问这些变量，只能用接口函数访问
  26          u8 data EnableTimer;   //8个软定时器是否使能
  27          u8 data OutTimeFlag;   //8个软定时器是否超时
  28          u16 data TimerTime[8];  //8个软定时器定时时间
  29          u8 data SysTick;
  30          
  31          /*****************************************************************************
  32           函 数 名  : void T0_Init(void)
  33           功能描述  : 定时器0初始化  定时间隔1ms
  34           输入参数  :   
  35           输出参数  : 
  36           修改历史  :
  37            1.日    期   : 2019年9月2日
  38              作    者   :  陈美书
  39              修改内容   : 创建
  40          *****************************************************************************/
  41          //定时器时钟为系统时钟的12分频，最大能设定到3.8ms
  42          //计算公式为(65536-n*FOSC/12),其中n的单位为秒
  43          void T0_Init(void)
  44          {
  45   1          TMOD=0x11;          //16位定时器
  46   1          //T0
  47   1          TH0=0x00;
  48   1          TL0=0x00;
  49   1          TR0=0x00;
  50   1        
  51   1          OutTimeFlag=0;
  52   1          EnableTimer=0;
  53   1        
  54   1          TMOD|=0x01;
C51 COMPILER V9.56.0.0   TIMER                                                             06/02/2026 16:03:47 PAGE 2   

  55   1          TH0=T1MS>>8;        //1ms定时器
  56   1          TL0=T1MS;
  57   1          ET0=1;              //开启定时器0中断
  58   1          EA=1;               //开总中断
  59   1          TR0=1;              //开启定时器
  60   1      }
  61          /*****************************************************************************
  62           函 数 名  : void T0_ISR_PC(void)    interrupt 1
  63           功能描述  : 定时器0处理函数，毫秒增加
  64           输入参数  :   
  65           输出参数  : 
  66           修改历史  :
  67            1.日    期   : 2019年9月2日
  68              作    者   : 陈美书
  69              修改内容   : 创建
  70          *****************************************************************************/
  71          void T0_ISR_PC(void)    interrupt 1
  72          {
  73   1         u8 data i;
  74   1        
  75   1          EA=0;
  76   1          TH0=T1MS>>8;
  77   1          TL0=T1MS;
  78   1        SysTick++;
  79   1      //    Uart_timer();
  80   1          for(i=0;i<8;i++)
  81   1          {
  82   2            if(EnableTimer&(0x01<<i))
  83   2            {
  84   3              TimerTime[i]--;
  85   3              if(TimerTime[i]==0)
  86   3              {
  87   4                OutTimeFlag |= 0x01<<i;
  88   4                EnableTimer &= ~(0x01<<i);           
  89   4              }
  90   3            }
  91   2          }
  92   1          EA=1;
  93   1      }
  94          //定时器时钟为系统时钟的12分频，最大能设定到3.8ms
  95          //计算公式为(65536-n*FOSC/12),其中n的单位为秒
  96          void T1_Init(void)
  97          {
  98   1          TMOD=0x11;          //16位定时器
  99   1          //T1
 100   1          TH1=0x00;
 101   1          TL1=0x00;
 102   1          TR1=0x00;
 103   1        EA=1;
 104   1          TMOD |= 0x10;
 105   1          TH1=T1MS>>8;        //1ms定时器
 106   1          TL1=T1MS;
 107   1          ET1=1;              //开启定时器0中断
 108   1          TR1=1;              //开启定时器
 109   1      }
 110          
 111          void timer1_Isr() interrupt 3
 112          {
 113   1        EA = 0;
 114   1        TH1=T1MS>>8;
 115   1        TL1=T1MS;
 116   1        P10 = !P10;
C51 COMPILER V9.56.0.0   TIMER                                                             06/02/2026 16:03:47 PAGE 3   

 117   1        EA = 1;
 118   1      }
 119          
 120          //定时器时钟为系统时钟的24分频，最大能设定到7.6ms
 121          //计算公式为(65536-n*FOSC/24),其中n的单位为秒
 122          void T2_Init(void)
 123          {
 124   1        T2CON = 0xF0;   //选择24分频
 125   1        
 126   1        TH2 = 0x58;
 127   1        TL2 = 0x00;
 128   1        TRL2H = 0x58;
 129   1        TRL2L = 0x00;   //定时5ms
 130   1        T2CON |= 0x01;  //启动定时器
 131   1        ET2 = 1;        //打开定时器2中断   
 132   1      }
 133          
 134          void timer2_Isr() interrupt 5
 135          {
 136   1        EA = 0;
 137   1        TF2 = 0;
 138   1        P11 = !P11;
 139   1        EA = 1;
 140   1      }
 141          
 142          
 143          /*****************************************************************************
 144           函 数 名  : void StartTimer(u8 ID, u16 nTime)
 145           功能描述  : 启动一个软定时器，
 146           输入参数  :   u8 ID         定时器ID
 147                         u16 nTime     定时ms数
 148          
 149           输出参数  : 
 150           修改历史  :
 151            1.日    期   : 2019年9月2日
 152              作    者   : 陈美书
 153              修改内容   : 创建
 154          *****************************************************************************/
 155          void StartTimer(u8 ID, u16 nTime)
 156          {
 157   1          EA=0;
 158   1          EnableTimer=EnableTimer|(1<<ID);
 159   1          TimerTime[ID]=nTime;
 160   1          OutTimeFlag&=~(1<<ID);
 161   1          EA=1; 
 162   1      }
 163          
 164          
 165          /*****************************************************************************
 166           函 数 名  : void KillTimer(u8 ID)
 167           功能描述  : 停止一个软定时器，
 168           输入参数  :  u8 ID  定时器ID
 169           输出参数  : 
 170           修改历史  :
 171            1.日    期   : 2019年9月2日
 172              作    者   : 陈美书
 173              修改内容   : 创建
 174          *****************************************************************************/
 175          void KillTimer(u8 ID)
 176          {
 177   1          EA=0;
 178   1          EnableTimer&=~(1<<(ID));
C51 COMPILER V9.56.0.0   TIMER                                                             06/02/2026 16:03:47 PAGE 4   

 179   1          OutTimeFlag&=~(1<<ID);
 180   1          EA=1;
 181   1      }
 182          
 183          /*****************************************************************************
 184           函 数 名  : u8 GetTimeOutFlag(u8 ID)
 185           功能描述  : 获得定时器是否超时
 186           输入参数  :  u8 ID  定时器ID
 187           输出参数  :  0  未超时    非0  超时
 188           修改历史  :
 189            1.日    期   : 2019年9月2日
 190              作    者   : 陈美书
 191              修改内容   : 创建
 192          *****************************************************************************/
 193          u8 GetTimeOutFlag(u8 ID)
 194          {
 195   1        u8 flag;
 196   1        EA=0;
 197   1        flag=OutTimeFlag&(1<<ID);
 198   1        EA=1;
 199   1        return flag;
 200   1        
 201   1      }
 202          
 203          #ifdef PWMENABLE
              u8  EnablePWM;
              u16 PWMTotal[8];
              u16 PWMLow[8];
              u16 PWMTicks[8];
              u8  PWMPort[8];
              u8  PWMPin[8];
              
              void StartPWM(u8 PWMID, u16 VPWMTotal,u16 VPWMLow,u8 Port,u8 Pin )
              {
                  EA=0;
                  SetPinOut(Port,Pin);
                  PWMTicks[PWMID]=0;
                  PWMTotal[PWMID]=VPWMTotal;
                  PWMLow[PWMID]=VPWMLow;
                  PWMPort[PWMID]=Port;
                  PWMPin[PWMID]=Pin;  
                  EnablePWM|=(1<<PWMID);
                  EA=1;
              }
              
              void StopPWM(u8 PWMID)
              {
                  EA=0;
                  EnablePWM&=~(1<<PWMID); 
                  PinOutput(PWMPort[PWMID],PWMPin[PWMID],0);
                  EA=1;
              }
              
              void StopAllPWM()
              {
                 u8 i;
                 EnablePWM=0;
                 for(i=0;i<8;i++)
                {
                  PinOutput(PWMPort[i],PWMPin[i],0);
                }
              }
C51 COMPILER V9.56.0.0   TIMER                                                             06/02/2026 16:03:47 PAGE 5   

              #endif


MODULE INFORMATION:   STATIC OVERLAYABLE
   CODE SIZE        =    285    ----
   CONSTANT SIZE    =   ----    ----
   XDATA SIZE       =   ----    ----
   PDATA SIZE       =   ----    ----
   DATA SIZE        =     19       1
   IDATA SIZE       =   ----    ----
   BIT SIZE         =   ----    ----
END OF MODULE INFORMATION.


C51 COMPILATION COMPLETE.  0 WARNING(S),  0 ERROR(S)
