C51 COMPILER V9.56.0.0   UART                                                              06/30/2026 08:44:44 PAGE 1   


C51 COMPILER V9.56.0.0, COMPILATION OF MODULE UART
OBJECT MODULE PLACED IN .\Objects\uart.obj
COMPILER INVOKED BY: C:\Keil_v5\C51\BIN\C51.EXE driver\uart.c LARGE OPTIMIZE(8,SPEED) BROWSE INCDIR(.\driver;.\source;.\
                    -lib) DEBUG OBJECTEXTEND PRINT(.\Listings\uart.lst) TABS(2) OBJECT(.\Objects\uart.obj)

line level    source

   1          /******************************************************************************
   2          
   3                    版权所有 (C), 2019, 北京迪文科技有限公司
   4          
   5           ******************************************************************************
   6            文 件 名   : uart.c
   7            版 本 号   :
   8            作    者   :
   9            生成日期   : 2019年9月2日
  10            功能描述   : 串口函数
  11            修改历史   :
  12            1.日    期   :
  13            作    者   :
  14            修改内容   :
  15          ******************************************************************************/
  16          
  17          #include "sys.h"
  18          #include "uart.h"
  19          DATABUFF Uart_Struct[UARTBUFNUM];
  20          
  21          /*****************************************************************************
  22           函 数 名  : void UART2_Init(u32 bdt)
  23           功能描述  : 串口2初始化
  24           输入参数  :  bdt 波特率
  25           输出参数  :
  26           修改历史  :
  27            1.日    期   : 2019年10月12日
  28            作    者   :chenmeishu
  29            修改内容   : 创建
  30          *****************************************************************************/
  31          // #define UART2485
  32          #ifdef UART2485
              sbit TR2 = P0 ^ 0;
              #endif
  35          
  36          void UART2_Init(u32 bdt) // 8N1 115200
  37          {
  38   1        u16 tmp;
  39   1        tmp = 1024 - FOSC / 64 / bdt;
  40   1        MUX_SEL |= 0X40;
  41   1        SetPinOut(0, 4);
  42   1        SetPinIn(0, 5);
  43   1        P0 |= 0x30;
  44   1        ADCON = 0x80;
  45   1        SCON0 = 0x50;
  46   1        SREL0H = (u8)(tmp >> 8);
  47   1        SREL0L = (u8)tmp;
  48   1        IEN0 |= 0x10;
  49   1        ES0 = 1;
  50   1      #ifdef UART2485
                SetPinOut(0, 0);
                TR2 = 0;
              #endif
  54   1        //  Uart_Struct[UART2].tx_head = 0;
C51 COMPILER V9.56.0.0   UART                                                              06/30/2026 08:44:44 PAGE 2   

  55   1        //  Uart_Struct[UART2].tx_tail = 0;
  56   1        //  Uart_Struct[UART2].tx_flag = 0;
  57   1        //  Uart_Struct[UART2].rx_head = 0;
  58   1        //  Uart_Struct[UART2].rx_tail = 0;
  59   1        //  EA=1;
  60   1      }
  61          /*****************************************************************************
  62           函 数 名  : void UART3_Init(void)
  63           功能描述  : 串口3初始化
  64           输入参数  :
  65           输出参数  :
  66           修改历史  :
  67            1.日    期   : 2019年10月12日
  68            作    者   :chenmeishu
  69            修改内容   : 创建
  70          *****************************************************************************/
  71          // #define UART3485
  72          #ifdef UART3485
              sbit TR3 = P0 ^ 0;
              #endif
  75          void UART3_Init(u32 bdt) // 8N1 115200
  76          {
  77   1        u16 tmp;
  78   1        tmp = 1024 - FOSC / 32 / bdt;
  79   1      
  80   1        MUX_SEL |= 0X20;
  81   1      
  82   1        SetPinOut(0, 6);
  83   1        SetPinIn(0, 7);
  84   1        P0 |= 0xC0;
  85   1      
  86   1        SCON1 = 0X90;
  87   1        SREL1H = (u8)(tmp >> 8);
  88   1        SREL1L = (u8)tmp;
  89   1        IEN2 |= 1;
  90   1      #ifdef UART3485
                SetPinOut(0, 0);
                TR3 = 0;
              #endif
  94   1        //  Uart_Struct[UART3].tx_head = 0;
  95   1        //  Uart_Struct[UART3].tx_tail = 0;
  96   1        //  Uart_Struct[UART3].tx_flag = 0;
  97   1        //  Uart_Struct[UART3].rx_head = 0;
  98   1        //  Uart_Struct[UART3].rx_tail = 0;
  99   1      }
 100          /*****************************************************************************
 101           函 数 名  : void UART4_Init(void)
 102           功能描述  : 串口4初始化
 103           输入参数  :
 104           输出参数  :
 105           修改历史  :
 106            1.日    期   : 2019年10月12日
 107            作    者   :chenmeishu
 108            修改内容   : 创建
 109          *****************************************************************************/
 110          // #define UART4485
 111          #ifdef UART4485
              sbit TR4 = P0 ^ 0;
              #endif
 114          void UART4_Init(u32 bdt) // 8N1 115200
 115          {
 116   1        u16 tmp;
C51 COMPILER V9.56.0.0   UART                                                              06/30/2026 08:44:44 PAGE 3   

 117   1        SCON2T = 0X80;
 118   1        SCON2R = 0X80;
 119   1        tmp = FOSC / 8 / bdt;
 120   1        BODE2_DIV_H = (u8)(tmp >> 8);
 121   1        BODE2_DIV_L = (u8)tmp;
 122   1      
 123   1        IEN1 |= 0X0C;
 124   1      #ifdef UART4485
                SetPinOut(0, 0);
                TR4 = 0;
              #endif
 128   1        Uart_Struct[UART4].tx_head = 0;
 129   1        Uart_Struct[UART4].tx_tail = 0;
 130   1        Uart_Struct[UART4].tx_flag = 0;
 131   1        Uart_Struct[UART4].rx_head = 0;
 132   1        Uart_Struct[UART4].rx_tail = 0;
 133   1      }
 134          /*****************************************************************************
 135           函 数 名  : void UART5_Init(void)
 136           功能描述  : 串口5初始化
 137           输入参数  :
 138           输出参数  :
 139           修改历史  :
 140            1.日    期   : 2019年10月12日
 141            作    者   :chenmeishu
 142            修改内容   : 创建
 143          *****************************************************************************/
 144          // #define UART5485
 145          #ifdef UART5485
              sbit TR5 = P0 ^ 0;
              #endif
 148          void UART5_Init(u32 bdt)
 149          {
 150   1        u16 tmp;
 151   1        SCON3T = 0X80;
 152   1        SCON3R = 0X80;
 153   1      
 154   1        tmp = FOSC / 8 / bdt;
 155   1        BODE3_DIV_H = (u8)(tmp >> 8);
 156   1        BODE3_DIV_L = (u8)tmp;
 157   1        ;
 158   1        IEN1 |= 0X30;
 159   1      #ifdef UART5485
                SetPinOut(0, 0);
                TR5 = 0;
              #endif
 163   1        //  Uart_Struct[UART5].tx_head = 0;
 164   1        //  Uart_Struct[UART5].tx_tail = 0;
 165   1        //  Uart_Struct[UART5].tx_flag = 0;
 166   1        //  Uart_Struct[UART5].rx_head = 0;
 167   1        //  Uart_Struct[UART5].rx_tail = 0;
 168   1      }
 169          
 170          void UartInit(u8 UartPort, u32 bdt)
 171          {
 172   1        switch (UartPort)
 173   1        {
 174   2        case UART2:
 175   2          UART2_Init(bdt);
 176   2          break;
 177   2        case UART3:
 178   2          UART3_Init(bdt);
C51 COMPILER V9.56.0.0   UART                                                              06/30/2026 08:44:44 PAGE 4   

 179   2          break;
 180   2        case UART4:
 181   2          UART4_Init(bdt);
 182   2          break;
 183   2        case UART5:
 184   2          UART5_Init(bdt);
 185   2          break;
 186   2        default:
 187   2          break;
 188   2        }
 189   1      }
 190          
 191          /*****************************************************************************
 192           函 数 名  : void Uart_Send_Data(u8 str,u8 len,const u8 *buf)
 193           功能描述  : 串口2-5发送数据
 194           输入参数  : 串口选择0-3对应串口2-5，发送长度len，发送数据缓存区*buf
 195           输出参数  :
 196           修改历史  :
 197            1.日    期   : 2020年5月1日
 198            作    者   :chenmeishu
 199            修改内容   : 创建
 200          *****************************************************************************/
 201          void Uart_Send_Data(u8 str, u16 len, const u8 *buf)
 202          {
 203   1        u16 i;
 204   1      
 205   1        EA = 0;
 206   1        for (i = 0; i < len; i++)
 207   1        {
 208   2          Uart_Struct[str].tx_buf[Uart_Struct[str].tx_head] = *buf++;
 209   2          Uart_Struct[str].tx_head++;
 210   2          Uart_Struct[str].tx_head &= SERIAL_COUNT;
 211   2        }
 212   1        switch (str)
 213   1        {
 214   2        case UART2:
 215   2          if (Uart_Struct[UART2].tx_flag == 0)
 216   2          {
 217   3      #ifdef UART2485
                    TR2 = 1;
              #endif
 220   3            Uart_Struct[UART2].tx_flag = 1;
 221   3            SBUF0 = Uart_Struct[UART2].tx_buf[Uart_Struct[UART2].tx_tail];
 222   3            Uart_Struct[UART2].tx_tail++;
 223   3            Uart_Struct[UART2].tx_tail &= SERIAL_COUNT;
 224   3          }
 225   2          break;
 226   2        case UART3:
 227   2          if (Uart_Struct[UART3].tx_flag == 0)
 228   2          {
 229   3      #ifdef UART3485
                    TR3 = 1;
              #endif
 232   3            Uart_Struct[UART3].tx_flag = 1;
 233   3            SBUF1 = Uart_Struct[UART3].tx_buf[Uart_Struct[UART3].tx_tail];
 234   3            Uart_Struct[UART3].tx_tail++;
 235   3            Uart_Struct[UART3].tx_tail &= SERIAL_COUNT;
 236   3          }
 237   2          break;
 238   2        case UART4:
 239   2          if (Uart_Struct[UART4].tx_flag == 0)
 240   2          {
C51 COMPILER V9.56.0.0   UART                                                              06/30/2026 08:44:44 PAGE 5   

 241   3      #ifdef UART4485
                    TR4 = 1;
              #endif
 244   3            Uart_Struct[UART4].tx_flag = 1;
 245   3            SBUF2_TX = Uart_Struct[UART4].tx_buf[Uart_Struct[UART4].tx_tail];
 246   3            Uart_Struct[UART4].tx_tail++;
 247   3            Uart_Struct[UART4].tx_tail &= SERIAL_COUNT;
 248   3          }
 249   2          break;
 250   2        case UART5:
 251   2          if (Uart_Struct[UART5].tx_flag == 0)
 252   2          {
 253   3      #ifdef UART5485
                    TR5 = 1;
              #endif
 256   3            Uart_Struct[UART5].tx_flag = 1;
 257   3            SBUF3_TX = Uart_Struct[UART5].tx_buf[Uart_Struct[UART5].tx_tail];
 258   3            Uart_Struct[UART5].tx_tail++;
 259   3            Uart_Struct[UART5].tx_tail &= SERIAL_COUNT;
 260   3          }
 261   2          break;
 262   2        default:
 263   2          break;
 264   2        }
 265   1        EA = 1;
 266   1      }
 267          
 268          void uart2_Isr() interrupt 4
 269          {
 270   1        EA = 0;
 271   1        if (RI0)
 272   1        {
 273   2          RI0 = 0;
 274   2          Uart_Struct[UART2].rx_buf[Uart_Struct[UART2].rx_head] = SBUF0;
 275   2          Uart_Struct[UART2].rx_head++;
 276   2          Uart_Struct[UART2].rx_head &= SERIAL_COUNT;
 277   2        }
 278   1        if (TI0)
 279   1        {
 280   2          TI0 = 0;
 281   2          if (Uart_Struct[UART2].tx_head != Uart_Struct[UART2].tx_tail)
 282   2          {
 283   3            SBUF0 = Uart_Struct[UART2].tx_buf[Uart_Struct[UART2].tx_tail];
 284   3            Uart_Struct[UART2].tx_tail++;
 285   3            Uart_Struct[UART2].tx_tail &= SERIAL_COUNT;
 286   3          }
 287   2          else
 288   2          {
 289   3            Uart_Struct[UART2].tx_flag = 0;
 290   3      #ifdef UART2485
                    TR2 = 0;
              #endif
 293   3          }
 294   2        }
 295   1        EA = 1;
 296   1      }
 297          
 298          void uart4t_Isr() interrupt 10
 299          {
 300   1        EA = 0;
 301   1        SCON2T &= 0XFE;
 302   1        if (Uart_Struct[UART4].tx_head != Uart_Struct[UART4].tx_tail)
C51 COMPILER V9.56.0.0   UART                                                              06/30/2026 08:44:44 PAGE 6   

 303   1        {
 304   2          SBUF2_TX = Uart_Struct[UART4].tx_buf[Uart_Struct[UART4].tx_tail];
 305   2          Uart_Struct[UART4].tx_tail++;
 306   2          Uart_Struct[UART4].tx_tail &= SERIAL_COUNT;
 307   2        }
 308   1        else
 309   1        {
 310   2          Uart_Struct[UART4].tx_flag = 0;
 311   2      #ifdef UART4485
                  TR4 = 0;
              #endif
 314   2        }
 315   1        EA = 1;
 316   1      }
 317          
 318          void uart4r_Isr() interrupt 11
 319          {
 320   1        EA = 0;
 321   1        SCON2R &= 0XFE;
 322   1        Uart_Struct[UART4].rx_buf[Uart_Struct[UART4].rx_head] = SBUF2_RX;
 323   1        Uart_Struct[UART4].rx_head++;
 324   1        Uart_Struct[UART4].rx_head &= SERIAL_COUNT;
 325   1        EA = 1;
 326   1      }
 327          
 328          void uart5t_Isr() interrupt 12
 329          {
 330   1        EA = 0;
 331   1        SCON3T &= 0XFE;
 332   1        if (Uart_Struct[UART5].tx_head != Uart_Struct[UART5].tx_tail)
 333   1        {
 334   2          SBUF3_TX = Uart_Struct[UART5].tx_buf[Uart_Struct[UART5].tx_tail];
 335   2          Uart_Struct[UART5].tx_tail++;
 336   2          Uart_Struct[UART5].tx_tail &= SERIAL_COUNT;
 337   2        }
 338   1        else
 339   1        {
 340   2          Uart_Struct[UART5].tx_flag = 0;
 341   2      #ifdef UART5485
                  TR5 = 0;
              #endif
 344   2        }
 345   1        EA = 1;
 346   1      }
 347          
 348          void uart5r_Isr() interrupt 13
 349          {
 350   1        EA = 0;
 351   1        SCON3R &= 0XFE;
 352   1        Uart_Struct[UART5].rx_buf[Uart_Struct[UART5].rx_head] = SBUF3_RX;
 353   1        Uart_Struct[UART5].rx_head++;
 354   1        Uart_Struct[UART5].rx_head &= SERIAL_COUNT;
 355   1        EA = 1;
 356   1      }
 357          
 358          void uart3_Isr() interrupt 16
 359          {
 360   1        EA = 0;
 361   1        if ((SCON1 & 0X01))
 362   1        {
 363   2          SCON1 = 0X90;
 364   2          SCON1 &= 0XFE;
C51 COMPILER V9.56.0.0   UART                                                              06/30/2026 08:44:44 PAGE 7   

 365   2          Uart_Struct[UART3].rx_buf[Uart_Struct[UART3].rx_head] = SBUF1;
 366   2          Uart_Struct[UART3].rx_head++;
 367   2          Uart_Struct[UART3].rx_head &= SERIAL_COUNT;
 368   2        }
 369   1        if ((SCON1 & 0X02))
 370   1        {
 371   2          SCON1 = 0X90;
 372   2          SCON1 &= 0XFD;
 373   2          if (Uart_Struct[UART3].tx_head != Uart_Struct[UART3].tx_tail)
 374   2          {
 375   3            SBUF1 = Uart_Struct[UART3].tx_buf[Uart_Struct[UART3].tx_tail];
 376   3            Uart_Struct[UART3].tx_tail++;
 377   3            Uart_Struct[UART3].tx_tail &= SERIAL_COUNT;
 378   3          }
 379   2          else
 380   2          {
 381   3            Uart_Struct[UART3].tx_flag = 0;
 382   3      #ifdef UART3485
                    TR3 = 0;
              #endif
 385   3          }
 386   2        }
 387   1        EA = 1;
 388   1      }


MODULE INFORMATION:   STATIC OVERLAYABLE
   CODE SIZE        =   1406    ----
   CONSTANT SIZE    =   ----    ----
   XDATA SIZE       =   8228      17
   PDATA SIZE       =   ----    ----
   DATA SIZE        =   ----    ----
   IDATA SIZE       =   ----    ----
   BIT SIZE         =   ----    ----
END OF MODULE INFORMATION.


C51 COMPILATION COMPLETE.  0 WARNING(S),  0 ERROR(S)
